<html>
<body>
<pre>
<h1>µVision Build Log</h1>
<h2>Tool Versions:</h2>
IDE-Version: ¦ÌVision V5.33.0.0
Copyright (C) 2020 ARM Ltd and ARM Germany GmbH. All rights reserved.
License Information: 1 1, 1, LIC=LJWP0-B55ZH-8YMVV-PXEJW-AFN8L-53ICB
 
Tool Versions:
Toolchain:       MDK-ARM Professional  Version: 5.33.0.0
Toolchain Path:  A:\Keil_v5\ARM\ARMCC\Bin
C Compiler:      Armcc.exe V5.06 update 7 (build 960)
Assembler:       Armasm.exe V5.06 update 7 (build 960)
Linker/Locator:  ArmLink.exe V5.06 update 7 (build 960)
Library Manager: ArmAr.exe V5.06 update 7 (build 960)
Hex Converter:   FromElf.exe V5.06 update 7 (build 960)
CPU DLL:         SARMCM3.DLL V5.33.0.0
Dialog DLL:      DCM.DLL V1.17.3.0
Target DLL:      CMSIS_AGDI.dll V1.32.12.0
Dialog DLL:      TCM.DLL V1.48.0.0
 
<h2>Project:</h2>
C:\Users\Lixin\Desktop\Car1\project\keil\Car1.uvprojx
Project File Date:  03/25/2023

<h2>Output:</h2>
*** Using Compiler 'V5.06 update 7 (build 960)', folder: 'A:\Keil_v5\ARM\ARMCC\Bin'
*** Note: Rebuilding project, since 'Options->Output->Create Batch File' is selected.
Rebuild target 'Car1'
compiling system_msp432p401r.c...
assembling startup_msp432p401r_uvision.s...
compiling main.c...
compiling adc.c...
compiling key.c...
compiling key4x4.c...
compiling led.c...
compiling oled.c...
compiling tim32.c...
compiling timA.c...
compiling usart.c...
compiling sysinit.c...
compiling delay.c...
compiling baudrate_calculate.c...
compiling infrared_led.c...
compiling motor.c...
compiling collide_key.c...
compiling follow_line.c...
compiling fsm.c...
compiling labyrinth.c...
..\..\application\labyrinth.c(100): warning:  #1035-D: single-precision operand implicitly converted to double-precision
                if(!(labyrinth.l_infra_num &0x01 || labyrinth.r_infra_num&0x01)) Scale *= 0.85;
..\..\application\labyrinth.c(102): warning:  #1035-D: single-precision operand implicitly converted to double-precision
                labyrinth.wheel_speed[0] = -GO_SPEED*Scale - labyrinth.wd*0.5;
..\..\application\labyrinth.c(103): warning:  #1035-D: single-precision operand implicitly converted to double-precision
                labyrinth.wheel_speed[1] = -(-GO_SPEED*Scale + labyrinth.wd*0.5);
..\..\application\labyrinth.c: 3 warnings, 0 errors
compiling auto_cross.c...
compiling pid.c...
linking...
Program Size: Code=15582 RO-data=2866 RW-data=156 ZI-data=1404  
FromELF: creating hex file...
After Build - User command #1: fromelf --bin --output .\Build\my_project_ROM.bin .\Build\Car1.axf
".\Build\Car1.axf" - 0 Error(s), 3 Warning(s).

<h2>Software Packages used:</h2>

Package Vendor: ARM
                http://www.keil.com/pack/ARM.CMSIS.5.7.0.pack
                ARM.CMSIS.5.7.0
                CMSIS (Cortex Microcontroller Software Interface Standard)
   * Component: CORE Version: 5.4.0

Package Vendor: TexasInstruments
                http://software-dl.ti.com/msp430/msp430_public_sw/mcu/msp430/mspkeil/latest/exports/TexasInstruments.MSP432.1.0.0.pack
                TexasInstruments.MSP432.1.0.0
                Device Family Pack for Texas Instruments MSP432 Family

<h2>Collection of Component include folders:</h2>
  .\RTE\_Car1
  A:\Keil_v5\Packs\ARM\CMSIS\5.7.0\CMSIS\Core\Include
  A:\Keil_v5\Packs\TexasInstruments\MSP432\1.0.0\Device\Include

<h2>Collection of Component Files used:</h2>

   * Component: ARM::CMSIS:CORE:5.4.0
Build Time Elapsed:  00:00:10
</pre>
</body>
</html>
