Component: ARM Compiler 5.06 update 7 (build 960) Tool: armlink [4d3601]

==============================================================================

Section Cross References

    system_msp432p401r.o(i.SystemCoreClockUpdate) refers to system_msp432p401r.o(.data) for SystemCoreClock
    startup_msp432p401r_uvision.o(STACK) refers (Special) to heapauxi.o(.text) for __use_two_region_memory
    startup_msp432p401r_uvision.o(HEAP) refers (Special) to heapauxi.o(.text) for __use_two_region_memory
    startup_msp432p401r_uvision.o(RESET) refers (Special) to heapauxi.o(.text) for __use_two_region_memory
    startup_msp432p401r_uvision.o(RESET) refers to startup_msp432p401r_uvision.o(STACK) for __initial_sp
    startup_msp432p401r_uvision.o(RESET) refers to startup_msp432p401r_uvision.o(.text) for Reset_Handler
    startup_msp432p401r_uvision.o(RESET) refers to tima.o(i.TA0_0_IRQHandler) for TA0_0_IRQHandler
    startup_msp432p401r_uvision.o(RESET) refers to motor.o(i.TA2_0_IRQHandler) for TA2_0_IRQHandler
    startup_msp432p401r_uvision.o(RESET) refers to tima.o(i.TA2_N_IRQHandler) for TA2_N_IRQHandler
    startup_msp432p401r_uvision.o(RESET) refers to motor.o(i.TA3_0_IRQHandler) for TA3_0_IRQHandler
    startup_msp432p401r_uvision.o(RESET) refers to motor.o(i.TA3_N_IRQHandler) for TA3_N_IRQHandler
    startup_msp432p401r_uvision.o(RESET) refers to adc.o(i.ADC14_IRQHandler) for ADC14_IRQHandler
    startup_msp432p401r_uvision.o(RESET) refers to tim32.o(i.T32_INT1_IRQHandler) for T32_INT1_IRQHandler
    startup_msp432p401r_uvision.o(RESET) refers to tim32.o(i.T32_INT2_IRQHandler) for T32_INT2_IRQHandler
    startup_msp432p401r_uvision.o(RESET) refers to main.o(i.PORT1_IRQHandler) for PORT1_IRQHandler
    startup_msp432p401r_uvision.o(.text) refers (Special) to heapauxi.o(.text) for __use_two_region_memory
    startup_msp432p401r_uvision.o(.text) refers to system_msp432p401r.o(i.SystemInit) for SystemInit
    startup_msp432p401r_uvision.o(.text) refers to __main.o(!!!main) for __main
    startup_msp432p401r_uvision.o(.text) refers to startup_msp432p401r_uvision.o(HEAP) for Heap_Mem
    startup_msp432p401r_uvision.o(.text) refers to startup_msp432p401r_uvision.o(STACK) for Stack_Mem
    main.o(i.PORT1_IRQHandler) refers to main.o(i.key_delay) for key_delay
    main.o(i.PORT1_IRQHandler) refers to led.o(i.LED_Show_Staus) for LED_Show_Staus
    main.o(i.PORT1_IRQHandler) refers to main.o(.data) for press_count
    main.o(i.PORT1_IRQHandler) refers to fsm.o(.bss) for car
    main.o(i.main) refers to sysinit.o(i.SysInit) for SysInit
    main.o(i.main) refers to usart.o(i.uart_init) for uart_init
    main.o(i.main) refers to delay.o(i.delay_init) for delay_init
    main.o(i.main) refers to key.o(i.KEY_Init) for KEY_Init
    main.o(i.main) refers to led.o(i.LED_Init) for LED_Init
    main.o(i.main) refers to fsm.o(i.fsm_init) for fsm_init
    main.o(i.main) refers to noretval__2printf.o(.text) for __2printf
    main.o(i.main) refers to motor.o(i.motor_set_speed) for motor_set_speed
    main.o(i.main) refers to fsm.o(i.fsm_loop) for fsm_loop
    main.o(i.main) refers to delay.o(i.delay_ms) for delay_ms
    main.o(i.main) refers to main.o(.data) for set_speed
    adc.o(i.ADC14_IRQHandler) refers to _printf_percent.o(.ARM.Collect$$_printf_percent$$00000000) for _printf_percent
    adc.o(i.ADC14_IRQHandler) refers to _printf_d.o(.ARM.Collect$$_printf_percent$$00000009) for _printf_d
    adc.o(i.ADC14_IRQHandler) refers to _printf_dec.o(.text) for _printf_int_dec
    adc.o(i.ADC14_IRQHandler) refers to adc14.o(i.ADC14_getMultiSequenceResult) for ADC14_getMultiSequenceResult
    adc.o(i.ADC14_IRQHandler) refers to noretval__2printf.o(.text) for __2printf
    adc.o(i.ADC14_IRQHandler) refers to adc.o(.data) for resultsBuffer
    adc.o(i.ADC_Config) refers to adc14.o(i.ADC14_configureMultiSequenceMode) for ADC14_configureMultiSequenceMode
    adc.o(i.ADC_Config) refers to adc14.o(i.ADC14_configureConversionMemory) for ADC14_configureConversionMemory
    key.o(i.KEY_Scan) refers to key.o(i.key_delay) for key_delay
    key.o(i.KEY_Scan) refers to key.o(.data) for key_up
    key.o(i.PORT1_IRQHandler) refers to key.o(i.key_delay) for key_delay
    key4x4.o(i.KEY4x4_Scan) refers to key4x4.o(i.key_delay) for key_delay
    key4x4.o(i.KEY4x4_Scan) refers to key4x4.o(.data) for key_up
    led.o(i.LED_C_On) refers to led.o(i.LED_R_Off) for LED_R_Off
    led.o(i.LED_C_On) refers to led.o(i.LED_G_On) for LED_G_On
    led.o(i.LED_C_On) refers to led.o(i.LED_B_On) for LED_B_On
    led.o(i.LED_Init) refers to led.o(i.LED_RED_Off) for LED_RED_Off
    led.o(i.LED_Init) refers to led.o(i.LED_R_Off) for LED_R_Off
    led.o(i.LED_Init) refers to led.o(i.LED_G_Off) for LED_G_Off
    led.o(i.LED_Init) refers to led.o(i.LED_B_Off) for LED_B_Off
    led.o(i.LED_P_On) refers to led.o(i.LED_R_On) for LED_R_On
    led.o(i.LED_P_On) refers to led.o(i.LED_G_Off) for LED_G_Off
    led.o(i.LED_P_On) refers to led.o(i.LED_B_On) for LED_B_On
[...]
    Removing timer_a.o(i.Timer_A_unregisterInterrupt), (140 bytes).
    Removing timer_a.o(i.privateTimer_AProcessClockSourceDivider), (180 bytes).
    Removing uart.o(.rev16_text), (4 bytes).
    Removing uart.o(.revsh_text), (4 bytes).
    Removing uart.o(.rrx_text), (6 bytes).
    Removing uart.o(i.UART_clearInterruptFlag), (8 bytes).
    Removing uart.o(i.UART_disableInterrupt), (22 bytes).
    Removing uart.o(i.UART_disableModule), (12 bytes).
    Removing uart.o(i.UART_enableInterrupt), (22 bytes).
    Removing uart.o(i.UART_enableModule), (12 bytes).
    Removing uart.o(i.UART_getEnabledInterruptStatus), (38 bytes).
    Removing uart.o(i.UART_getInterruptStatus), (6 bytes).
    Removing uart.o(i.UART_getReceiveBufferAddressForDMA), (4 bytes).
    Removing uart.o(i.UART_getTransmitBufferAddressForDMA), (4 bytes).
    Removing uart.o(i.UART_queryStatusFlags), (6 bytes).
    Removing uart.o(i.UART_receiveData), (24 bytes).
    Removing uart.o(i.UART_registerInterrupt), (80 bytes).
    Removing uart.o(i.UART_resetDormant), (12 bytes).
    Removing uart.o(i.UART_selectDeglitchTime), (12 bytes).
    Removing uart.o(i.UART_setDormant), (12 bytes).
    Removing uart.o(i.UART_transmitAddress), (14 bytes).
    Removing uart.o(i.UART_transmitBreak), (44 bytes).
    Removing uart.o(i.UART_unregisterInterrupt), (80 bytes).
    Removing interrupt.o(.rev16_text), (4 bytes).
    Removing interrupt.o(.revsh_text), (4 bytes).
    Removing interrupt.o(.rrx_text), (6 bytes).
    Removing interrupt.o(i.IntDefaultHandler), (2 bytes).
    Removing interrupt.o(i.Interrupt_disableInterrupt), (92 bytes).
    Removing interrupt.o(i.Interrupt_disableMaster), (14 bytes).
    Removing interrupt.o(i.Interrupt_disableSleepOnIsrExit), (16 bytes).
    Removing interrupt.o(i.Interrupt_enableInterrupt), (92 bytes).
    Removing interrupt.o(i.Interrupt_enableMaster), (14 bytes).
    Removing interrupt.o(i.Interrupt_enableSleepOnIsrExit), (16 bytes).
    Removing interrupt.o(i.Interrupt_getPriority), (24 bytes).
    Removing interrupt.o(i.Interrupt_getPriorityGrouping), (36 bytes).
    Removing interrupt.o(i.Interrupt_getPriorityMask), (10 bytes).
    Removing interrupt.o(i.Interrupt_getVectorTableAddress), (12 bytes).
    Removing interrupt.o(i.Interrupt_isEnabled), (100 bytes).
    Removing interrupt.o(i.Interrupt_pendInterrupt), (76 bytes).
    Removing interrupt.o(i.Interrupt_registerInterrupt), (48 bytes).
    Removing interrupt.o(i.Interrupt_setPriority), (36 bytes).
    Removing interrupt.o(i.Interrupt_setPriorityGrouping), (40 bytes).
    Removing interrupt.o(i.Interrupt_setPriorityMask), (4 bytes).
    Removing interrupt.o(i.Interrupt_setVectorTableAddress), (12 bytes).
    Removing interrupt.o(i.Interrupt_unpendInterrupt), (64 bytes).
    Removing interrupt.o(i.Interrupt_unregisterInterrupt), (20 bytes).
    Removing interrupt.o(.constdata), (144 bytes).
    Removing interrupt.o(vtable), (232 bytes).
    Removing sysctl_a.o(.rev16_text), (4 bytes).
    Removing sysctl_a.o(.revsh_text), (4 bytes).
    Removing sysctl_a.o(.rrx_text), (6 bytes).
    Removing sysctl_a.o(i.SysCtl_A_disableGlitchFilter), (16 bytes).
    Removing sysctl_a.o(i.SysCtl_A_disablePeripheralAtCPUHalt), (16 bytes).
    Removing sysctl_a.o(i.SysCtl_A_disableSRAM), (96 bytes).
    Removing sysctl_a.o(i.SysCtl_A_disableSRAMRetention), (272 bytes).
    Removing sysctl_a.o(i.SysCtl_A_enableGlitchFilter), (16 bytes).
    Removing sysctl_a.o(i.SysCtl_A_enablePeripheralAtCPUHalt), (16 bytes).
    Removing sysctl_a.o(i.SysCtl_A_enableSRAM), (96 bytes).
    Removing sysctl_a.o(i.SysCtl_A_enableSRAMRetention), (284 bytes).
    Removing sysctl_a.o(i.SysCtl_A_getFlashSize), (12 bytes).
    Removing sysctl_a.o(i.SysCtl_A_getInfoFlashSize), (12 bytes).
    Removing sysctl_a.o(i.SysCtl_A_getSRAMSize), (12 bytes).
    Removing sysctl_a.o(i.SysCtl_A_getTempCalibrationConstant), (12 bytes).
    Removing sysctl_a.o(i.SysCtl_A_rebootDevice), (16 bytes).
    Removing sysctl_a.o(i.SysCtl_A_setWDTPasswordViolationResetType), (28 bytes).
    Removing sysctl_a.o(i.SysCtl_A_setWDTTimeoutResetType), (28 bytes).
    Removing cpu.o(.rev16_text), (4 bytes).
    Removing cpu.o(.revsh_text), (4 bytes).
    Removing cpu.o(.rrx_text), (6 bytes).
    Removing cpu.o(.emb_text), (38 bytes).

319 unused section(s) (total 14680 bytes) removed from the image.

==============================================================================

Image Symbol Table

    Local Symbols

    Symbol Name                              Value     Ov Type        Size  Object(Section)

    RESET                                    0x00000000   Section      324  startup_msp432p401r_uvision.o(RESET)
    ../clib/angel/boardlib.s                 0x00000000   Number         0  boardinit3.o ABSOLUTE
    ../clib/angel/boardlib.s                 0x00000000   Number         0  boardinit2.o ABSOLUTE
    ../clib/angel/boardlib.s                 0x00000000   Number         0  boardinit1.o ABSOLUTE
    ../clib/angel/boardlib.s                 0x00000000   Number         0  boardshut.o ABSOLUTE
    ../clib/angel/handlers.s                 0x00000000   Number         0  __scatter_zi.o ABSOLUTE
    ../clib/angel/handlers.s                 0x00000000   Number         0  __scatter_copy.o ABSOLUTE
    ../clib/angel/kernel.s                   0x00000000   Number         0  rtexit2.o ABSOLUTE
    ../clib/angel/kernel.s                   0x00000000   Number         0  __rtentry.o ABSOLUTE
    ../clib/angel/kernel.s                   0x00000000   Number         0  rtexit.o ABSOLUTE
    ../clib/angel/kernel.s                   0x00000000   Number         0  __rtentry2.o ABSOLUTE
    ../clib/angel/kernel.s                   0x00000000   Number         0  __rtentry4.o ABSOLUTE
    ../clib/angel/rt.s                       0x00000000   Number         0  rt_raise.o ABSOLUTE
    ../clib/angel/scatter.s                  0x00000000   Number         0  __scatter.o ABSOLUTE
    ../clib/angel/startup.s                  0x00000000   Number         0  __main.o ABSOLUTE
    ../clib/angel/sys.s                      0x00000000   Number         0  indicate_semi.o ABSOLUTE
    ../clib/angel/sys.s                      0x00000000   Number         0  use_no_semi.o ABSOLUTE
    ../clib/angel/sys.s                      0x00000000   Number         0  sys_stackheap_outer.o ABSOLUTE
    ../clib/angel/sys.s                      0x00000000   Number         0  libspace.o ABSOLUTE
    ../clib/angel/sys.s                      0x00000000   Number         0  use_no_semi_2.o ABSOLUTE
    ../clib/angel/sysapp.c                   0x00000000   Number         0  sys_command.o ABSOLUTE
    ../clib/angel/sysapp.c                   0x00000000   Number         0  sys_wrch.o ABSOLUTE
    ../clib/armsys.c                         0x00000000   Number         0  argv_veneer.o ABSOLUTE
    ../clib/armsys.c                         0x00000000   Number         0  argv_veneer.o ABSOLUTE
    ../clib/armsys.c                         0x00000000   Number         0  _get_argv_nomalloc.o ABSOLUTE
    ../clib/armsys.c                         0x00000000   Number         0  no_argv.o ABSOLUTE
    ../clib/heapalloc.c                      0x00000000   Number         0  hrguard.o ABSOLUTE
    ../clib/heapaux.c                        0x00000000   Number         0  heapauxi.o ABSOLUTE
    ../clib/libinit.s                        0x00000000   Number         0  libinit.o ABSOLUTE
    ../clib/libinit.s                        0x00000000   Number         0  libshutdown.o ABSOLUTE
    ../clib/libinit.s                        0x00000000   Number         0  libshutdown2.o ABSOLUTE
    ../clib/libinit.s                        0x00000000   Number         0  libinit2.o ABSOLUTE
    ../clib/memcpset.s                       0x00000000   Number         0  rt_memcpy_w.o ABSOLUTE
    ../clib/printf.c                         0x00000000   Number         0  __printf_flags_ss_wp.o ABSOLUTE
    ../clib/printf.c                         0x00000000   Number         0  noretval__2printf.o ABSOLUTE
    ../clib/printf.c                         0x00000000   Number         0  _printf_char_common.o ABSOLUTE
    ../clib/printf.c                         0x00000000   Number         0  __2printf.o ABSOLUTE
    ../clib/printf.c                         0x00000000   Number         0  __printf_ss_wp.o ABSOLUTE
    ../clib/printf.c                         0x00000000   Number         0  __printf_nopercent.o ABSOLUTE
    ../clib/printf.c                         0x00000000   Number         0  _printf_intcommon.o ABSOLUTE
    ../clib/printf.c                         0x00000000   Number         0  __printf_flags_wp.o ABSOLUTE
    ../clib/printf.c                         0x00000000   Number         0  _printf_char_file.o ABSOLUTE
    ../clib/printf.c                         0x00000000   Number         0  __printf_flags.o ABSOLUTE
    ../clib/printf.c                         0x00000000   Number         0  __printf_wp.o ABSOLUTE
    ../clib/printf.c                         0x00000000   Number         0  __printf_flags_ss.o ABSOLUTE
    ../clib/printf.c                         0x00000000   Number         0  _printf_dec.o ABSOLUTE
    ../clib/printf.c                         0x00000000   Number         0  __printf_ss.o ABSOLUTE
    ../clib/printf.c                         0x00000000   Number         0  __printf.o ABSOLUTE
    ../clib/printf_percent.s                 0x00000000   Number         0  _printf_percent.o ABSOLUTE
    ../clib/printf_percent.s                 0x00000000   Number         0  _printf_d.o ABSOLUTE
    ../clib/printf_percent.s                 0x00000000   Number         0  _printf_percent_end.o ABSOLUTE
    ../clib/signal.c                         0x00000000   Number         0  defsig_stak_inner.o ABSOLUTE
    ../clib/signal.c                         0x00000000   Number         0  defsig_rtred_inner.o ABSOLUTE
    ../clib/signal.c                         0x00000000   Number         0  defsig_rtmem_outer.o ABSOLUTE
    ../clib/signal.c                         0x00000000   Number         0  defsig_rtmem_formal.o ABSOLUTE
    ../clib/signal.c                         0x00000000   Number         0  defsig_other.o ABSOLUTE
    ../clib/signal.c                         0x00000000   Number         0  defsig_segv_inner.o ABSOLUTE
    ../clib/signal.c                         0x00000000   Number         0  defsig_cppl_inner.o ABSOLUTE
    ../clib/signal.c                         0x00000000   Number         0  defsig_pvfn_inner.o ABSOLUTE
    ../clib/signal.c                         0x00000000   Number         0  defsig_exit.o ABSOLUTE
    ../clib/signal.c                         0x00000000   Number         0  defsig_general.o ABSOLUTE
    ../clib/signal.c                         0x00000000   Number         0  defsig_fpe_inner.o ABSOLUTE
    ../clib/signal.c                         0x00000000   Number         0  __raise.o ABSOLUTE
    ../clib/signal.c                         0x00000000   Number         0  defsig_rtmem_inner.o ABSOLUTE
    ../clib/signal.c                         0x00000000   Number         0  defsig_abrt_inner.o ABSOLUTE
    ../clib/signal.s                         0x00000000   Number         0  defsig.o ABSOLUTE
    ../clib/stdio.c                          0x00000000   Number         0  ferror.o ABSOLUTE
    ../clib/stdio.c                          0x00000000   Number         0  ferror_locked.o ABSOLUTE
    ../clib/stdlib.c                         0x00000000   Number         0  exit.o ABSOLUTE
    ../fplib/d2f.s                           0x00000000   Number         0  d2f.o ABSOLUTE
    ../fplib/ddiv.s                          0x00000000   Number         0  ddiv.o ABSOLUTE
    ../fplib/dfix.s                          0x00000000   Number         0  dfix.o ABSOLUTE
    ../fplib/dfixu.s                         0x00000000   Number         0  dfixu.o ABSOLUTE
    ../fplib/dflt.s                          0x00000000   Number         0  dflt_clz.o ABSOLUTE
    ../fplib/dmul.s                          0x00000000   Number         0  dmul.o ABSOLUTE
    ../fplib/dnaninf.s                       0x00000000   Number         0  dnaninf.o ABSOLUTE
    ../fplib/dretinf.s                       0x00000000   Number         0  dretinf.o ABSOLUTE
    ../fplib/fpinit.s                        0x00000000   Number         0  fpinit.o ABSOLUTE
    ../fplib/fretinf.s                       0x00000000   Number         0  fretinf.o ABSOLUTE
    ../fplib/usenofp.s                       0x00000000   Number         0  usenofp.o ABSOLUTE
    ..\..\algorithm\pid.c                    0x00000000   Number         0  pid.o ABSOLUTE
    ..\..\application\follow_line.c          0x00000000   Number         0  follow_line.o ABSOLUTE
    ..\..\application\fsm.c                  0x00000000   Number         0  fsm.o ABSOLUTE
    ..\..\bsp\infrared_led.c                 0x00000000   Number         0  infrared_led.o ABSOLUTE
    ..\..\bsp\motor.c                        0x00000000   Number         0  motor.o ABSOLUTE
    ..\..\hardware\adc.c                     0x00000000   Number         0  adc.o ABSOLUTE
    ..\..\hardware\key.c                     0x00000000   Number         0  key.o ABSOLUTE
    ..\..\hardware\key4x4.c                  0x00000000   Number         0  key4x4.o ABSOLUTE
    ..\..\hardware\led.c                     0x00000000   Number         0  led.o ABSOLUTE
    ..\..\hardware\oled.c                    0x00000000   Number         0  oled.o ABSOLUTE
    ..\..\hardware\tim32.c                   0x00000000   Number         0  tim32.o ABSOLUTE
    ..\..\hardware\timA.c                    0x00000000   Number         0  tima.o ABSOLUTE
    ..\..\main.c                             0x00000000   Number         0  main.o ABSOLUTE
    ..\..\sys\baudrate_calculate.c           0x00000000   Number         0  baudrate_calculate.o ABSOLUTE
    ..\..\sys\delay.c                        0x00000000   Number         0  delay.o ABSOLUTE
    ..\..\sys\sysinit.c                      0x00000000   Number         0  sysinit.o ABSOLUTE
    ..\..\sys\usart.c                        0x00000000   Number         0  usart.o ABSOLUTE
    ..\..\system_msp432p401r.c               0x00000000   Number         0  system_msp432p401r.o ABSOLUTE
    ..\\..\\application\\follow_line.c       0x00000000   Number         0  follow_line.o ABSOLUTE
    ..\\..\\application\\fsm.c               0x00000000   Number         0  fsm.o ABSOLUTE
    ..\\..\\bsp\\infrared_led.c              0x00000000   Number         0  infrared_led.o ABSOLUTE
    ..\\..\\bsp\\motor.c                     0x00000000   Number         0  motor.o ABSOLUTE
    ..\\..\\hardware\\adc.c                  0x00000000   Number         0  adc.o ABSOLUTE
    ..\\..\\hardware\\key.c                  0x00000000   Number         0  key.o ABSOLUTE
    ..\\..\\hardware\\key4x4.c               0x00000000   Number         0  key4x4.o ABSOLUTE
    ..\\..\\hardware\\led.c                  0x00000000   Number         0  led.o ABSOLUTE
    ..\\..\\hardware\\oled.c                 0x00000000   Number         0  oled.o ABSOLUTE
    ..\\..\\hardware\\tim32.c                0x00000000   Number         0  tim32.o ABSOLUTE
    ..\\..\\hardware\\timA.c                 0x00000000   Number         0  tima.o ABSOLUTE
    ..\\..\\main.c                           0x00000000   Number         0  main.o ABSOLUTE
    ..\\..\\sys\\baudrate_calculate.c        0x00000000   Number         0  baudrate_calculate.o ABSOLUTE
    ..\\..\\sys\\delay.c                     0x00000000   Number         0  delay.o ABSOLUTE
    ..\\..\\sys\\sysinit.c                   0x00000000   Number         0  sysinit.o ABSOLUTE
    ..\\..\\sys\\usart.c                     0x00000000   Number         0  usart.o ABSOLUTE
    ..\\..\\system_msp432p401r.c             0x00000000   Number         0  system_msp432p401r.o ABSOLUTE
    dc.s                                     0x00000000   Number         0  dc.o ABSOLUTE
    source/ti/devices/msp432p4xx/driverlib/adc14.c 0x00000000   Number         0  adc14.o ABSOLUTE
    source/ti/devices/msp432p4xx/driverlib/adc14.c 0x00000000   Number         0  adc14.o ABSOLUTE
    source/ti/devices/msp432p4xx/driverlib/cpu.c 0x00000000   Number         0  cpu.o ABSOLUTE
    source/ti/devices/msp432p4xx/driverlib/cpu.c 0x00000000   Number         0  cpu.o ABSOLUTE
    source/ti/devices/msp432p4xx/driverlib/cs.c 0x00000000   Number         0  cs.o ABSOLUTE
    source/ti/devices/msp432p4xx/driverlib/cs.c 0x00000000   Number         0  cs.o ABSOLUTE
    source/ti/devices/msp432p4xx/driverlib/gpio.c 0x00000000   Number         0  gpio.o ABSOLUTE
    source/ti/devices/msp432p4xx/driverlib/gpio.c 0x00000000   Number         0  gpio.o ABSOLUTE
    source/ti/devices/msp432p4xx/driverlib/i2c.c 0x00000000   Number         0  i2c.o ABSOLUTE
    source/ti/devices/msp432p4xx/driverlib/i2c.c 0x00000000   Number         0  i2c.o ABSOLUTE
    source/ti/devices/msp432p4xx/driverlib/interrupt.c 0x00000000   Number         0  interrupt.o ABSOLUTE
    source/ti/devices/msp432p4xx/driverlib/interrupt.c 0x00000000   Number         0  interrupt.o ABSOLUTE
    source/ti/devices/msp432p4xx/driverlib/sysctl_a.c 0x00000000   Number         0  sysctl_a.o ABSOLUTE
    source/ti/devices/msp432p4xx/driverlib/sysctl_a.c 0x00000000   Number         0  sysctl_a.o ABSOLUTE
    source/ti/devices/msp432p4xx/driverlib/timer_a.c 0x00000000   Number         0  timer_a.o ABSOLUTE
    source/ti/devices/msp432p4xx/driverlib/timer_a.c 0x00000000   Number         0  timer_a.o ABSOLUTE
    source/ti/devices/msp432p4xx/driverlib/uart.c 0x00000000   Number         0  uart.o ABSOLUTE
    source/ti/devices/msp432p4xx/driverlib/uart.c 0x00000000   Number         0  uart.o ABSOLUTE
    startup_msp432p401r_uvision.s            0x00000000   Number         0  startup_msp432p401r_uvision.o ABSOLUTE
    !!!main                                  0x00000144   Section        8  __main.o(!!!main)
    !!!scatter                               0x0000014c   Section       52  __scatter.o(!!!scatter)
    !!handler_copy                           0x00000180   Section       26  __scatter_copy.o(!!handler_copy)
    !!handler_zi                             0x0000019c   Section       28  __scatter_zi.o(!!handler_zi)
    .ARM.Collect$$_printf_percent$$00000000  0x000001b8   Section        0  _printf_percent.o(.ARM.Collect$$_printf_percent$$00000000)
    .ARM.Collect$$_printf_percent$$00000009  0x000001b8   Section        6  _printf_d.o(.ARM.Collect$$_printf_percent$$00000009)
    .ARM.Collect$$_printf_percent$$00000017  0x000001be   Section        4  _printf_percent_end.o(.ARM.Collect$$_printf_percent$$00000017)
    .ARM.Collect$$libinit$$00000000          0x000001c2   Section        2  libinit.o(.ARM.Collect$$libinit$$00000000)
    .ARM.Collect$$libinit$$00000001          0x000001c4   Section        4  libinit2.o(.ARM.Collect$$libinit$$00000001)
    .ARM.Collect$$libinit$$00000004          0x000001c8   Section        0  libinit2.o(.ARM.Collect$$libinit$$00000004)
    .ARM.Collect$$libinit$$0000000A          0x000001c8   Section        0  libinit2.o(.ARM.Collect$$libinit$$0000000A)
    .ARM.Collect$$libinit$$0000000C          0x000001c8   Section        0  libinit2.o(.ARM.Collect$$libinit$$0000000C)
    .ARM.Collect$$libinit$$0000000E          0x000001c8   Section        0  libinit2.o(.ARM.Collect$$libinit$$0000000E)
    .ARM.Collect$$libinit$$00000011          0x000001c8   Section        0  libinit2.o(.ARM.Collect$$libinit$$00000011)
    .ARM.Collect$$libinit$$00000013          0x000001c8   Section        0  libinit2.o(.ARM.Collect$$libinit$$00000013)
    .ARM.Collect$$libinit$$00000015          0x000001c8   Section        0  libinit2.o(.ARM.Collect$$libinit$$00000015)
    .ARM.Collect$$libinit$$00000017          0x000001c8   Section        0  libinit2.o(.ARM.Collect$$libinit$$00000017)
    .ARM.Collect$$libinit$$00000019          0x000001c8   Section        0  libinit2.o(.ARM.Collect$$libinit$$00000019)
    .ARM.Collect$$libinit$$0000001B          0x000001c8   Section        0  libinit2.o(.ARM.Collect$$libinit$$0000001B)
    .ARM.Collect$$libinit$$0000001D          0x000001c8   Section        0  libinit2.o(.ARM.Collect$$libinit$$0000001D)
    .ARM.Collect$$libinit$$0000001F          0x000001c8   Section        0  libinit2.o(.ARM.Collect$$libinit$$0000001F)
    .ARM.Collect$$libinit$$00000021          0x000001c8   Section        0  libinit2.o(.ARM.Collect$$libinit$$00000021)
    .ARM.Collect$$libinit$$00000023          0x000001c8   Section        0  libinit2.o(.ARM.Collect$$libinit$$00000023)
    .ARM.Collect$$libinit$$00000025          0x000001c8   Section        0  libinit2.o(.ARM.Collect$$libinit$$00000025)
    .ARM.Collect$$libinit$$0000002C          0x000001c8   Section        0  libinit2.o(.ARM.Collect$$libinit$$0000002C)
    .ARM.Collect$$libinit$$0000002E          0x000001c8   Section        0  libinit2.o(.ARM.Collect$$libinit$$0000002E)
    .ARM.Collect$$libinit$$00000030          0x000001c8   Section        0  libinit2.o(.ARM.Collect$$libinit$$00000030)
    .ARM.Collect$$libinit$$00000032          0x000001c8   Section        0  libinit2.o(.ARM.Collect$$libinit$$00000032)
    .ARM.Collect$$libinit$$00000033          0x000001c8   Section        2  libinit2.o(.ARM.Collect$$libinit$$00000033)
    .ARM.Collect$$libshutdown$$00000000      0x000001ca   Section        2  libshutdown.o(.ARM.Collect$$libshutdown$$00000000)
    .ARM.Collect$$libshutdown$$00000002      0x000001cc   Section        0  libshutdown2.o(.ARM.Collect$$libshutdown$$00000002)
    .ARM.Collect$$libshutdown$$00000004      0x000001cc   Section        0  libshutdown2.o(.ARM.Collect$$libshutdown$$00000004)
    .ARM.Collect$$libshutdown$$00000006      0x000001cc   Section        0  libshutdown2.o(.ARM.Collect$$libshutdown$$00000006)
    .ARM.Collect$$libshutdown$$00000009      0x000001cc   Section        0  libshutdown2.o(.ARM.Collect$$libshutdown$$00000009)
    .ARM.Collect$$libshutdown$$0000000C      0x000001cc   Section        0  libshutdown2.o(.ARM.Collect$$libshutdown$$0000000C)
    .ARM.Collect$$libshutdown$$0000000E      0x000001cc   Section        0  libshutdown2.o(.ARM.Collect$$libshutdown$$0000000E)
    .ARM.Collect$$libshutdown$$00000011      0x000001cc   Section        0  libshutdown2.o(.ARM.Collect$$libshutdown$$00000011)
    .ARM.Collect$$libshutdown$$00000012      0x000001cc   Section        2  libshutdown2.o(.ARM.Collect$$libshutdown$$00000012)
    .ARM.Collect$$rtentry$$00000000          0x000001ce   Section        0  __rtentry.o(.ARM.Collect$$rtentry$$00000000)
    .ARM.Collect$$rtentry$$00000002          0x000001ce   Section        0  __rtentry2.o(.ARM.Collect$$rtentry$$00000002)
    .ARM.Collect$$rtentry$$00000004          0x000001ce   Section        6  __rtentry4.o(.ARM.Collect$$rtentry$$00000004)
    .ARM.Collect$$rtentry$$00000009          0x000001d4   Section        0  __rtentry2.o(.ARM.Collect$$rtentry$$00000009)
    .ARM.Collect$$rtentry$$0000000A          0x000001d4   Section        4  __rtentry2.o(.ARM.Collect$$rtentry$$0000000A)
    .ARM.Collect$$rtentry$$0000000C          0x000001d8   Section        0  __rtentry2.o(.ARM.Collect$$rtentry$$0000000C)
    .ARM.Collect$$rtentry$$0000000D          0x000001d8   Section        8  __rtentry2.o(.ARM.Collect$$rtentry$$0000000D)
    .ARM.Collect$$rtexit$$00000000           0x000001e0   Section        2  rtexit.o(.ARM.Collect$$rtexit$$00000000)
    .ARM.Collect$$rtexit$$00000002           0x000001e2   Section        0  rtexit2.o(.ARM.Collect$$rtexit$$00000002)
    .ARM.Collect$$rtexit$$00000003           0x000001e2   Section        4  rtexit2.o(.ARM.Collect$$rtexit$$00000003)
    .ARM.Collect$$rtexit$$00000004           0x000001e6   Section        6  rtexit2.o(.ARM.Collect$$rtexit$$00000004)
    .text                                    0x000001ec   Section       60  startup_msp432p401r_uvision.o(.text)
    $v0                                      0x000001ec   Number         0  startup_msp432p401r_uvision.o(.text)
    .text                                    0x00000228   Section        2  use_no_semi_2.o(.text)
    .text                                    0x0000022c   Section        0  noretval__2printf.o(.text)
    .text                                    0x00000244   Section        0  __printf.o(.text)
    .text                                    0x000002ac   Section        0  _printf_dec.o(.text)
    .text                                    0x00000324   Section      100  rt_memcpy_w.o(.text)
    .text                                    0x00000388   Section        0  heapauxi.o(.text)
    .text                                    0x0000038e   Section        2  use_no_semi.o(.text)
    .text                                    0x00000390   Section        0  _printf_intcommon.o(.text)
    .text                                    0x00000444   Section        0  _printf_char_file.o(.text)
    .text                                    0x00000468   Section        0  _printf_char_common.o(.text)
    _printf_input_char                       0x00000469   Thumb Code    10  _printf_char_common.o(.text)
    .text                                    0x00000498   Section        0  ferror.o(.text)
    .text                                    0x000004a0   Section       74  sys_stackheap_outer.o(.text)
    .text                                    0x000004ea   Section        0  exit.o(.text)
    .text                                    0x000004fc   Section        8  libspace.o(.text)
    i.ADC14_IRQHandler                       0x00000504   Section        0  adc.o(i.ADC14_IRQHandler)
    i.ADC14_getMultiSequenceResult           0x00000570   Section        0  adc14.o(i.ADC14_getMultiSequenceResult)
    i.CS_clearInterruptFlag                  0x0000059c   Section        0  cs.o(i.CS_clearInterruptFlag)
    i.CS_getACLK                             0x000005c0   Section        0  cs.o(i.CS_getACLK)
    i.CS_getDCOFrequency                     0x000005d8   Section        0  cs.o(i.CS_getDCOFrequency)
    i.CS_getMCLK                             0x000006e4   Section        0  cs.o(i.CS_getMCLK)
    i.CS_getSMCLK                            0x000006fc   Section        0  cs.o(i.CS_getSMCLK)
    i.CS_setExternalClockSourceFrequency     0x00000714   Section        0  cs.o(i.CS_setExternalClockSourceFrequency)
    i.CS_startHFXT                           0x00000720   Section        0  cs.o(i.CS_startHFXT)
    i.CS_startHFXTWithTimeout                0x00000728   Section        0  cs.o(i.CS_startHFXTWithTimeout)
    i.CS_startLFXT                           0x000007c8   Section        0  cs.o(i.CS_startLFXT)
    i.CS_startLFXTWithTimeout                0x000007d0   Section        0  cs.o(i.CS_startLFXTWithTimeout)
    i.GPIO_getInputPinValue                  0x00000870   Section        0  gpio.o(i.GPIO_getInputPinValue)
    i.GPIO_setAsInputPin                     0x00000884   Section        0  gpio.o(i.GPIO_setAsInputPin)
    i.GPIO_setAsOutputPin                    0x000008a8   Section        0  gpio.o(i.GPIO_setAsOutputPin)
    i.GPIO_setOutputHighOnPin                0x000008c8   Section        0  gpio.o(i.GPIO_setOutputHighOnPin)
    i.GPIO_setOutputLowOnPin                 0x000008dc   Section        0  gpio.o(i.GPIO_setOutputLowOnPin)
    i.KEY_Init                               0x000008f0   Section        0  key.o(i.KEY_Init)
    i.LED_B_Off                              0x00000950   Section        0  led.o(i.LED_B_Off)
    i.LED_B_On                               0x00000962   Section        0  led.o(i.LED_B_On)
    i.LED_C_On                               0x00000974   Section        0  led.o(i.LED_C_On)
    i.LED_G_Off                              0x00000984   Section        0  led.o(i.LED_G_Off)
    i.LED_G_On                               0x00000996   Section        0  led.o(i.LED_G_On)
    i.LED_Init                               0x000009a8   Section        0  led.o(i.LED_Init)
    i.LED_P_On                               0x000009d8   Section        0  led.o(i.LED_P_On)
    i.LED_RED_Off                            0x000009e8   Section        0  led.o(i.LED_RED_Off)
    i.LED_RED_On                             0x000009fa   Section        0  led.o(i.LED_RED_On)
    i.LED_R_Off                              0x00000a0c   Section        0  led.o(i.LED_R_Off)
    i.LED_R_On                               0x00000a1e   Section        0  led.o(i.LED_R_On)
    i.LED_Show_Staus                         0x00000a30   Section        0  led.o(i.LED_Show_Staus)
    i.LED_W_On                               0x00000a9c   Section        0  led.o(i.LED_W_On)
    i.LED_Y_On                               0x00000aac   Section        0  led.o(i.LED_Y_On)
    i.PID_calc                               0x00000abc   Section        0  pid.o(i.PID_calc)
    i.PID_init                               0x00000cac   Section        0  pid.o(i.PID_init)
    i.PORT1_IRQHandler                       0x00000d0c   Section        0  main.o(i.PORT1_IRQHandler)
    i.SysCtl_A_disableNMISource              0x00000d98   Section        0  sysctl_a.o(i.SysCtl_A_disableNMISource)
    i.SysCtl_A_enableNMISource               0x00000da8   Section        0  sysctl_a.o(i.SysCtl_A_enableNMISource)
    i.SysCtl_A_getNMISourceStatus            0x00000db8   Section        0  sysctl_a.o(i.SysCtl_A_getNMISourceStatus)
    i.SysCtl_A_getTLVInfo                    0x00000dc8   Section        0  sysctl_a.o(i.SysCtl_A_getTLVInfo)
    i.SysInit                                0x00000e10   Section        0  sysinit.o(i.SysInit)
    i.SystemInit                             0x00000ea4   Section        0  system_msp432p401r.o(i.SystemInit)
    i.T32_INT1_IRQHandler                    0x00000f10   Section        0  tim32.o(i.T32_INT1_IRQHandler)
    i.T32_INT2_IRQHandler                    0x00000f28   Section        0  tim32.o(i.T32_INT2_IRQHandler)
    i.TA0_0_IRQHandler                       0x00000f40   Section        0  tima.o(i.TA0_0_IRQHandler)
    i.TA2_0_IRQHandler                       0x00000f64   Section        0  motor.o(i.TA2_0_IRQHandler)
    i.TA2_N_IRQHandler                       0x00001024   Section        0  tima.o(i.TA2_N_IRQHandler)
    i.TA3_0_IRQHandler                       0x00001110   Section        0  motor.o(i.TA3_0_IRQHandler)
    i.TA3_N_IRQHandler                       0x00001174   Section        0  motor.o(i.TA3_N_IRQHandler)
    i.TimA2_Int_Init                         0x000011d8   Section        0  motor.o(i.TimA2_Int_Init)
    TimA2_Int_Init                           0x000011d9   Thumb Code    84  motor.o(i.TimA2_Int_Init)
    i.Timer_A_getCaptureCompareCount         0x00001234   Section        0  timer_a.o(i.Timer_A_getCaptureCompareCount)
    i.UART_initModule                        0x00001244   Section        0  uart.o(i.UART_initModule)
    i.UART_transmitData                      0x000012d6   Section        0  uart.o(i.UART_transmitData)
    i._CSComputeCLKFrequency                 0x000012ec   Section        0  cs.o(i._CSComputeCLKFrequency)
    _CSComputeCLKFrequency                   0x000012ed   Thumb Code   176  cs.o(i._CSComputeCLKFrequency)
    i._CSGetHFXTFrequency                    0x000013ac   Section        0  cs.o(i._CSGetHFXTFrequency)
    _CSGetHFXTFrequency                      0x000013ad   Thumb Code   106  cs.o(i._CSGetHFXTFrequency)
    i._sys_exit                              0x00001444   Section        0  usart.o(i._sys_exit)
    i.bitPosition                            0x00001448   Section        0  baudrate_calculate.o(i.bitPosition)
    i.coder_init                             0x0000145c   Section        0  motor.o(i.coder_init)
    coder_init                               0x0000145d   Thumb Code   200  motor.o(i.coder_init)
    i.delay_init                             0x00001530   Section        0  delay.o(i.delay_init)
    i.delay_ms                               0x0000155c   Section        0  delay.o(i.delay_ms)
    i.delay_us                               0x00001574   Section        0  delay.o(i.delay_us)
    i.eusci_calcBaudDividers                 0x000015c0   Section        0  baudrate_calculate.o(i.eusci_calcBaudDividers)
    i.follow_line_init                       0x00001728   Section        0  follow_line.o(i.follow_line_init)
    i.follow_line_loop                       0x0000178c   Section        0  follow_line.o(i.follow_line_loop)
    i.fputc                                  0x0000179c   Section        0  usart.o(i.fputc)
    i.fsm_init                               0x000017b4   Section        0  fsm.o(i.fsm_init)
    i.fsm_loop                               0x000017e8   Section        0  fsm.o(i.fsm_loop)
    i.fsm_set_speed                          0x000017f4   Section        0  fsm.o(i.fsm_set_speed)
    fsm_set_speed                            0x000017f5   Thumb Code    44  fsm.o(i.fsm_set_speed)
    i.get_follow_line_info                   0x00001824   Section        0  follow_line.o(i.get_follow_line_info)
    i.get_motor_info                         0x0000182c   Section        0  motor.o(i.get_motor_info)
    i.infrared_sensor_read                   0x00001834   Section        0  infrared_led.o(i.infrared_sensor_read)
    i.key_delay                              0x00001880   Section        0  main.o(i.key_delay)
    i.main                                   0x000018ac   Section        0  main.o(i.main)
    i.motor_distance_loop                    0x00001904   Section        0  motor.o(i.motor_distance_loop)
    motor_distance_loop                      0x00001905   Thumb Code   214  motor.o(i.motor_distance_loop)
    i.motor_init                             0x000019f0   Section        0  motor.o(i.motor_init)
    i.motor_pwm_init                         0x00001a38   Section        0  motor.o(i.motor_pwm_init)
    motor_pwm_init                           0x00001a39   Thumb Code   106  motor.o(i.motor_pwm_init)
    i.motor_set_speed                        0x00001aa8   Section        0  motor.o(i.motor_set_speed)
    i.set_follow_line_wd                     0x00001b3c   Section        0  follow_line.o(i.set_follow_line_wd)
    set_follow_line_wd                       0x00001b3d   Thumb Code    72  follow_line.o(i.set_follow_line_wd)
    i.set_follow_line_wheel_pwm              0x00001b88   Section        0  follow_line.o(i.set_follow_line_wheel_pwm)
    set_follow_line_wheel_pwm                0x00001b89   Thumb Code   176  follow_line.o(i.set_follow_line_wheel_pwm)
    i.set_follow_line_wheel_speed            0x00001c4c   Section        0  follow_line.o(i.set_follow_line_wheel_speed)
    set_follow_line_wheel_speed              0x00001c4d   Thumb Code    40  follow_line.o(i.set_follow_line_wheel_speed)
    i.uart_init                              0x00001c78   Section        0  usart.o(i.uart_init)
    x$fpl$d2f                                0x00001cc4   Section       98  d2f.o(x$fpl$d2f)
    $v0                                      0x00001cc4   Number         0  d2f.o(x$fpl$d2f)
    x$fpl$ddiv                               0x00001d28   Section      688  ddiv.o(x$fpl$ddiv)
    $v0                                      0x00001d28   Number         0  ddiv.o(x$fpl$ddiv)
    ddiv_entry                               0x00001d2f   Thumb Code     0  ddiv.o(x$fpl$ddiv)
    x$fpl$dfix                               0x00001fd8   Section       94  dfix.o(x$fpl$dfix)
    $v0                                      0x00001fd8   Number         0  dfix.o(x$fpl$dfix)
    x$fpl$dfixu                              0x00002038   Section       90  dfixu.o(x$fpl$dfixu)
    $v0                                      0x00002038   Number         0  dfixu.o(x$fpl$dfixu)
    x$fpl$dflt                               0x00002092   Section       46  dflt_clz.o(x$fpl$dflt)
    $v0                                      0x00002092   Number         0  dflt_clz.o(x$fpl$dflt)
    x$fpl$dfltu                              0x000020c0   Section       38  dflt_clz.o(x$fpl$dfltu)
    $v0                                      0x000020c0   Number         0  dflt_clz.o(x$fpl$dfltu)
    x$fpl$dmul                               0x000020e8   Section      340  dmul.o(x$fpl$dmul)
    $v0                                      0x000020e8   Number         0  dmul.o(x$fpl$dmul)
    x$fpl$dnaninf                            0x0000223c   Section      156  dnaninf.o(x$fpl$dnaninf)
    $v0                                      0x0000223c   Number         0  dnaninf.o(x$fpl$dnaninf)
    x$fpl$dretinf                            0x000022d8   Section       12  dretinf.o(x$fpl$dretinf)
    $v0                                      0x000022d8   Number         0  dretinf.o(x$fpl$dretinf)
    x$fpl$fpinit                             0x000022e4   Section       10  fpinit.o(x$fpl$fpinit)
    $v0                                      0x000022e4   Number         0  fpinit.o(x$fpl$fpinit)
    x$fpl$fretinf                            0x000022ee   Section       10  fretinf.o(x$fpl$fretinf)
    $v0                                      0x000022ee   Number         0  fretinf.o(x$fpl$fretinf)
    .constdata                               0x000022f8   Section       40  usart.o(.constdata)
    x$fpl$usenofp                            0x000022f8   Section        0  usenofp.o(x$fpl$usenofp)
    .constdata                               0x00002320   Section       40  motor.o(.constdata)
    .constdata                               0x00002348   Section       76  gpio.o(.constdata)
    GPIO_PORT_TO_INT                         0x00002348   Data          28  gpio.o(.constdata)
    GPIO_PORT_TO_BASE                        0x00002364   Data          48  gpio.o(.constdata)
    .data                                    0x20000000   Section       16  main.o(.data)
    press_count                              0x2000000c   Data           4  main.o(.data)
    .data                                    0x20000010   Section        4  adc.o(.data)
    resultsBuffer                            0x20000010   Data           4  adc.o(.data)
    .data                                    0x20000014   Section        4  tima.o(.data)
    .data                                    0x20000018   Section        4  usart.o(.data)
    .data                                    0x2000001c   Section        1  delay.o(.data)
    fac_us                                   0x2000001c   Data           1  delay.o(.data)
    .data                                    0x20000020   Section        8  motor.o(.data)
    pre_turns                                0x20000020   Data           8  motor.o(.data)
    .data                                    0x20000028   Section       24  follow_line.o(.data)
    .data                                    0x20000040   Section        8  cs.o(.data)
    hfxtFreq                                 0x20000040   Data           4  cs.o(.data)
    lfxtFreq                                 0x20000044   Data           4  cs.o(.data)
    .bss                                     0x20000048   Section       40  motor.o(.bss)
    .bss                                     0x20000070   Section      172  follow_line.o(.bss)
    .bss                                     0x2000011c   Section       20  fsm.o(.bss)
    .bss                                     0x20000130   Section       96  libspace.o(.bss)
    HEAP                                     0x20000190   Section        0  startup_msp432p401r_uvision.o(HEAP)
    STACK                                    0x20000190   Section      512  startup_msp432p401r_uvision.o(STACK)
    Heap_Mem                                 0x20000190   Data           0  startup_msp432p401r_uvision.o(HEAP)
    Stack_Mem                                0x20000190   Data         512  startup_msp432p401r_uvision.o(STACK)
    __initial_sp                             0x20000390   Data           0  startup_msp432p401r_uvision.o(STACK)

    Global Symbols

    Symbol Name                              Value     Ov Type        Size  Object(Section)

    BuildAttributes$$THM_ISAv4$E$P$D$K$B$S$7EM$VFPi3$EXTD16$VFPS$VFMA$PE$A:L22UL41UL21$X:L11$S22US41US21$IEEE1$IW$USESV6$~STKCKD$USESV7$~SHL$OSPACE$ROPI$EBA8$UX$STANDARDLIB$REQ8$PRES8$EABIv2 0x00000000   Number         0  anon$$obj.o ABSOLUTE
    __ARM_use_no_argv                        0x00000000   Number         0  main.o ABSOLUTE
    __Vectors                                0x00000000   Data           4  startup_msp432p401r_uvision.o(RESET)
    __ARM_exceptions_init                     - Undefined Weak Reference
    __alloca_initialize                       - Undefined Weak Reference
    __arm_fini_                               - Undefined Weak Reference
    __arm_preinit_                            - Undefined Weak Reference
    __cpp_initialize__aeabi_                  - Undefined Weak Reference
    __cxa_finalize                            - Undefined Weak Reference
    __rt_locale                               - Undefined Weak Reference
    __sigvec_lookup                           - Undefined Weak Reference
    _atexit_init                              - Undefined Weak Reference
    _call_atexit_fns                          - Undefined Weak Reference
    _clock_init                               - Undefined Weak Reference
    _fp_trap_init                             - Undefined Weak Reference
    _fp_trap_shutdown                         - Undefined Weak Reference
    _get_lc_collate                           - Undefined Weak Reference
    _get_lc_ctype                             - Undefined Weak Reference
    _get_lc_monetary                          - Undefined Weak Reference
    _get_lc_numeric                           - Undefined Weak Reference
    _get_lc_time                              - Undefined Weak Reference
    _getenv_init                              - Undefined Weak Reference
    _handle_redirection                       - Undefined Weak Reference
    _init_alloc                               - Undefined Weak Reference
    _init_user_alloc                          - Undefined Weak Reference
    _initio                                   - Undefined Weak Reference
    _mutex_acquire                            - Undefined Weak Reference
    _mutex_release                            - Undefined Weak Reference
    _printf_post_padding                      - Undefined Weak Reference
    _printf_pre_padding                       - Undefined Weak Reference
    _printf_truncate_signed                   - Undefined Weak Reference
    _printf_truncate_unsigned                 - Undefined Weak Reference
    _rand_init                                - Undefined Weak Reference
    _signal_finish                            - Undefined Weak Reference
    _signal_init                              - Undefined Weak Reference
    _terminate_alloc                          - Undefined Weak Reference
    _terminate_user_alloc                     - Undefined Weak Reference
    _terminateio                              - Undefined Weak Reference
    __Vectors_End                            0x00000144   Data           0  startup_msp432p401r_uvision.o(RESET)
    __Vectors_Size                           0x00000144   Number         0  startup_msp432p401r_uvision.o ABSOLUTE
    __main                                   0x00000145   Thumb Code     8  __main.o(!!!main)
    __scatterload                            0x0000014d   Thumb Code     0  __scatter.o(!!!scatter)
    __scatterload_rt2                        0x0000014d   Thumb Code    44  __scatter.o(!!!scatter)
    __scatterload_rt2_thumb_only             0x0000014d   Thumb Code     0  __scatter.o(!!!scatter)
    __scatterload_null                       0x0000015b   Thumb Code     0  __scatter.o(!!!scatter)
    __scatterload_copy                       0x00000181   Thumb Code    26  __scatter_copy.o(!!handler_copy)
    __scatterload_zeroinit                   0x0000019d   Thumb Code    28  __scatter_zi.o(!!handler_zi)
    _printf_d                                0x000001b9   Thumb Code     0  _printf_d.o(.ARM.Collect$$_printf_percent$$00000009)
    _printf_percent                          0x000001b9   Thumb Code     0  _printf_percent.o(.ARM.Collect$$_printf_percent$$00000000)
    _printf_percent_end                      0x000001bf   Thumb Code     0  _printf_percent_end.o(.ARM.Collect$$_printf_percent$$00000017)
    __rt_lib_init                            0x000001c3   Thumb Code     0  libinit.o(.ARM.Collect$$libinit$$00000000)
    __rt_lib_init_fp_1                       0x000001c5   Thumb Code     0  libinit2.o(.ARM.Collect$$libinit$$00000001)
    __rt_lib_init_alloca_1                   0x000001c9   Thumb Code     0  libinit2.o(.ARM.Collect$$libinit$$0000002E)
    __rt_lib_init_argv_1                     0x000001c9   Thumb Code     0  libinit2.o(.ARM.Collect$$libinit$$0000002C)
    __rt_lib_init_atexit_1                   0x000001c9   Thumb Code     0  libinit2.o(.ARM.Collect$$libinit$$0000001B)
    __rt_lib_init_clock_1                    0x000001c9   Thumb Code     0  libinit2.o(.ARM.Collect$$libinit$$00000021)
    __rt_lib_init_cpp_1                      0x000001c9   Thumb Code     0  libinit2.o(.ARM.Collect$$libinit$$00000032)
    __rt_lib_init_exceptions_1               0x000001c9   Thumb Code     0  libinit2.o(.ARM.Collect$$libinit$$00000030)
    __rt_lib_init_fp_trap_1                  0x000001c9   Thumb Code     0  libinit2.o(.ARM.Collect$$libinit$$0000001F)
    __rt_lib_init_getenv_1                   0x000001c9   Thumb Code     0  libinit2.o(.ARM.Collect$$libinit$$00000023)
    __rt_lib_init_heap_1                     0x000001c9   Thumb Code     0  libinit2.o(.ARM.Collect$$libinit$$0000000A)
    __rt_lib_init_lc_collate_1               0x000001c9   Thumb Code     0  libinit2.o(.ARM.Collect$$libinit$$00000011)
    __rt_lib_init_lc_ctype_1                 0x000001c9   Thumb Code     0  libinit2.o(.ARM.Collect$$libinit$$00000013)
    __rt_lib_init_lc_monetary_1              0x000001c9   Thumb Code     0  libinit2.o(.ARM.Collect$$libinit$$00000015)
    __rt_lib_init_lc_numeric_1               0x000001c9   Thumb Code     0  libinit2.o(.ARM.Collect$$libinit$$00000017)
    __rt_lib_init_lc_time_1                  0x000001c9   Thumb Code     0  libinit2.o(.ARM.Collect$$libinit$$00000019)
    __rt_lib_init_preinit_1                  0x000001c9   Thumb Code     0  libinit2.o(.ARM.Collect$$libinit$$00000004)
    __rt_lib_init_rand_1                     0x000001c9   Thumb Code     0  libinit2.o(.ARM.Collect$$libinit$$0000000E)
    __rt_lib_init_return                     0x000001c9   Thumb Code     0  libinit2.o(.ARM.Collect$$libinit$$00000033)
    __rt_lib_init_signal_1                   0x000001c9   Thumb Code     0  libinit2.o(.ARM.Collect$$libinit$$0000001D)
    __rt_lib_init_stdio_1                    0x000001c9   Thumb Code     0  libinit2.o(.ARM.Collect$$libinit$$00000025)
    __rt_lib_init_user_alloc_1               0x000001c9   Thumb Code     0  libinit2.o(.ARM.Collect$$libinit$$0000000C)
    __rt_lib_shutdown                        0x000001cb   Thumb Code     0  libshutdown.o(.ARM.Collect$$libshutdown$$00000000)
    __rt_lib_shutdown_cpp_1                  0x000001cd   Thumb Code     0  libshutdown2.o(.ARM.Collect$$libshutdown$$00000004)
    __rt_lib_shutdown_fini_1                 0x000001cd   Thumb Code     0  libshutdown2.o(.ARM.Collect$$libshutdown$$00000002)
    __rt_lib_shutdown_fp_trap_1              0x000001cd   Thumb Code     0  libshutdown2.o(.ARM.Collect$$libshutdown$$00000009)
    __rt_lib_shutdown_heap_1                 0x000001cd   Thumb Code     0  libshutdown2.o(.ARM.Collect$$libshutdown$$00000011)
    __rt_lib_shutdown_return                 0x000001cd   Thumb Code     0  libshutdown2.o(.ARM.Collect$$libshutdown$$00000012)
    __rt_lib_shutdown_signal_1               0x000001cd   Thumb Code     0  libshutdown2.o(.ARM.Collect$$libshutdown$$0000000C)
    __rt_lib_shutdown_stdio_1                0x000001cd   Thumb Code     0  libshutdown2.o(.ARM.Collect$$libshutdown$$00000006)
    __rt_lib_shutdown_user_alloc_1           0x000001cd   Thumb Code     0  libshutdown2.o(.ARM.Collect$$libshutdown$$0000000E)
    __rt_entry                               0x000001cf   Thumb Code     0  __rtentry.o(.ARM.Collect$$rtentry$$00000000)
    __rt_entry_presh_1                       0x000001cf   Thumb Code     0  __rtentry2.o(.ARM.Collect$$rtentry$$00000002)
    __rt_entry_sh                            0x000001cf   Thumb Code     0  __rtentry4.o(.ARM.Collect$$rtentry$$00000004)
    __rt_entry_li                            0x000001d5   Thumb Code     0  __rtentry2.o(.ARM.Collect$$rtentry$$0000000A)
    __rt_entry_postsh_1                      0x000001d5   Thumb Code     0  __rtentry2.o(.ARM.Collect$$rtentry$$00000009)
    __rt_entry_main                          0x000001d9   Thumb Code     0  __rtentry2.o(.ARM.Collect$$rtentry$$0000000D)
    __rt_entry_postli_1                      0x000001d9   Thumb Code     0  __rtentry2.o(.ARM.Collect$$rtentry$$0000000C)
    __rt_exit                                0x000001e1   Thumb Code     0  rtexit.o(.ARM.Collect$$rtexit$$00000000)
    __rt_exit_ls                             0x000001e3   Thumb Code     0  rtexit2.o(.ARM.Collect$$rtexit$$00000003)
    __rt_exit_prels_1                        0x000001e3   Thumb Code     0  rtexit2.o(.ARM.Collect$$rtexit$$00000002)
    __rt_exit_exit                           0x000001e7   Thumb Code     0  rtexit2.o(.ARM.Collect$$rtexit$$00000004)
    Reset_Handler                            0x000001ed   Thumb Code     8  startup_msp432p401r_uvision.o(.text)
    NMI_Handler                              0x000001f5   Thumb Code     2  startup_msp432p401r_uvision.o(.text)
    HardFault_Handler                        0x000001f7   Thumb Code     2  startup_msp432p401r_uvision.o(.text)
    MemManage_Handler                        0x000001f9   Thumb Code     2  startup_msp432p401r_uvision.o(.text)
    BusFault_Handler                         0x000001fb   Thumb Code     2  startup_msp432p401r_uvision.o(.text)
    UsageFault_Handler                       0x000001fd   Thumb Code     2  startup_msp432p401r_uvision.o(.text)
    SVC_Handler                              0x000001ff   Thumb Code     2  startup_msp432p401r_uvision.o(.text)
    DebugMon_Handler                         0x00000201   Thumb Code     2  startup_msp432p401r_uvision.o(.text)
    PendSV_Handler                           0x00000203   Thumb Code     2  startup_msp432p401r_uvision.o(.text)
    SysTick_Handler                          0x00000205   Thumb Code     2  startup_msp432p401r_uvision.o(.text)
    AES256_IRQHandler                        0x00000207   Thumb Code     0  startup_msp432p401r_uvision.o(.text)
    COMP_E0_IRQHandler                       0x00000207   Thumb Code     0  startup_msp432p401r_uvision.o(.text)
    COMP_E1_IRQHandler                       0x00000207   Thumb Code     0  startup_msp432p401r_uvision.o(.text)
    CS_IRQHandler                            0x00000207   Thumb Code     0  startup_msp432p401r_uvision.o(.text)
    DMA_ERR_IRQHandler                       0x00000207   Thumb Code     0  startup_msp432p401r_uvision.o(.text)
    DMA_INT0_IRQHandler                      0x00000207   Thumb Code     0  startup_msp432p401r_uvision.o(.text)
    DMA_INT1_IRQHandler                      0x00000207   Thumb Code     0  startup_msp432p401r_uvision.o(.text)
    DMA_INT2_IRQHandler                      0x00000207   Thumb Code     0  startup_msp432p401r_uvision.o(.text)
    DMA_INT3_IRQHandler                      0x00000207   Thumb Code     0  startup_msp432p401r_uvision.o(.text)
    EUSCIA0_IRQHandler                       0x00000207   Thumb Code     0  startup_msp432p401r_uvision.o(.text)
    EUSCIA1_IRQHandler                       0x00000207   Thumb Code     0  startup_msp432p401r_uvision.o(.text)
    EUSCIA2_IRQHandler                       0x00000207   Thumb Code     0  startup_msp432p401r_uvision.o(.text)
    EUSCIA3_IRQHandler                       0x00000207   Thumb Code     0  startup_msp432p401r_uvision.o(.text)
    EUSCIB0_IRQHandler                       0x00000207   Thumb Code     0  startup_msp432p401r_uvision.o(.text)
    EUSCIB1_IRQHandler                       0x00000207   Thumb Code     0  startup_msp432p401r_uvision.o(.text)
    EUSCIB2_IRQHandler                       0x00000207   Thumb Code     0  startup_msp432p401r_uvision.o(.text)
    EUSCIB3_IRQHandler                       0x00000207   Thumb Code     0  startup_msp432p401r_uvision.o(.text)
    FLCTL_IRQHandler                         0x00000207   Thumb Code     0  startup_msp432p401r_uvision.o(.text)
    FPU_IRQHandler                           0x00000207   Thumb Code     0  startup_msp432p401r_uvision.o(.text)
    PCM_IRQHandler                           0x00000207   Thumb Code     0  startup_msp432p401r_uvision.o(.text)
    PORT2_IRQHandler                         0x00000207   Thumb Code     0  startup_msp432p401r_uvision.o(.text)
    PORT3_IRQHandler                         0x00000207   Thumb Code     0  startup_msp432p401r_uvision.o(.text)
    PORT4_IRQHandler                         0x00000207   Thumb Code     0  startup_msp432p401r_uvision.o(.text)
    PORT5_IRQHandler                         0x00000207   Thumb Code     0  startup_msp432p401r_uvision.o(.text)
    PORT6_IRQHandler                         0x00000207   Thumb Code     0  startup_msp432p401r_uvision.o(.text)
    PSS_IRQHandler                           0x00000207   Thumb Code     0  startup_msp432p401r_uvision.o(.text)
    RTC_C_IRQHandler                         0x00000207   Thumb Code     0  startup_msp432p401r_uvision.o(.text)
    T32_INTC_IRQHandler                      0x00000207   Thumb Code     0  startup_msp432p401r_uvision.o(.text)
    TA0_N_IRQHandler                         0x00000207   Thumb Code     0  startup_msp432p401r_uvision.o(.text)
    TA1_0_IRQHandler                         0x00000207   Thumb Code     0  startup_msp432p401r_uvision.o(.text)
    TA1_N_IRQHandler                         0x00000207   Thumb Code     0  startup_msp432p401r_uvision.o(.text)
    WDT_A_IRQHandler                         0x00000207   Thumb Code     0  startup_msp432p401r_uvision.o(.text)
    __user_initial_stackheap                 0x00000209   Thumb Code    10  startup_msp432p401r_uvision.o(.text)
    __use_no_semihosting                     0x00000229   Thumb Code     2  use_no_semi_2.o(.text)
    __2printf                                0x0000022d   Thumb Code    20  noretval__2printf.o(.text)
    __printf                                 0x00000245   Thumb Code   104  __printf.o(.text)
    _printf_int_dec                          0x000002ad   Thumb Code   104  _printf_dec.o(.text)
    __aeabi_memcpy4                          0x00000325   Thumb Code     0  rt_memcpy_w.o(.text)
    __aeabi_memcpy8                          0x00000325   Thumb Code     0  rt_memcpy_w.o(.text)
    __rt_memcpy_w                            0x00000325   Thumb Code   100  rt_memcpy_w.o(.text)
    _memcpy_lastbytes_aligned                0x0000036d   Thumb Code     0  rt_memcpy_w.o(.text)
    __use_two_region_memory                  0x00000389   Thumb Code     2  heapauxi.o(.text)
    __rt_heap_escrow$2region                 0x0000038b   Thumb Code     2  heapauxi.o(.text)
    __rt_heap_expand$2region                 0x0000038d   Thumb Code     2  heapauxi.o(.text)
    __I$use$semihosting                      0x0000038f   Thumb Code     0  use_no_semi.o(.text)
    __use_no_semihosting_swi                 0x0000038f   Thumb Code     2  use_no_semi.o(.text)
    _printf_int_common                       0x00000391   Thumb Code   178  _printf_intcommon.o(.text)
    _printf_char_file                        0x00000445   Thumb Code    32  _printf_char_file.o(.text)
    _printf_char_common                      0x00000473   Thumb Code    32  _printf_char_common.o(.text)
    ferror                                   0x00000499   Thumb Code     8  ferror.o(.text)
    __user_setup_stackheap                   0x000004a1   Thumb Code    74  sys_stackheap_outer.o(.text)
    exit                                     0x000004eb   Thumb Code    18  exit.o(.text)
    __user_libspace                          0x000004fd   Thumb Code     8  libspace.o(.text)
    __user_perproc_libspace                  0x000004fd   Thumb Code     0  libspace.o(.text)
    __user_perthread_libspace                0x000004fd   Thumb Code     0  libspace.o(.text)
    ADC14_IRQHandler                         0x00000505   Thumb Code    84  adc.o(i.ADC14_IRQHandler)
    ADC14_getMultiSequenceResult             0x00000571   Thumb Code    38  adc14.o(i.ADC14_getMultiSequenceResult)
    CS_clearInterruptFlag                    0x0000059d   Thumb Code    26  cs.o(i.CS_clearInterruptFlag)
    CS_getACLK                               0x000005c1   Thumb Code    20  cs.o(i.CS_getACLK)
    CS_getDCOFrequency                       0x000005d9   Thumb Code   234  cs.o(i.CS_getDCOFrequency)
    CS_getMCLK                               0x000006e5   Thumb Code    20  cs.o(i.CS_getMCLK)
    CS_getSMCLK                              0x000006fd   Thumb Code    18  cs.o(i.CS_getSMCLK)
    CS_setExternalClockSourceFrequency       0x00000715   Thumb Code     8  cs.o(i.CS_setExternalClockSourceFrequency)
    CS_startHFXT                             0x00000721   Thumb Code     6  cs.o(i.CS_startHFXT)
    CS_startHFXTWithTimeout                  0x00000729   Thumb Code   144  cs.o(i.CS_startHFXTWithTimeout)
    CS_startLFXT                             0x000007c9   Thumb Code     6  cs.o(i.CS_startLFXT)
    CS_startLFXTWithTimeout                  0x000007d1   Thumb Code   144  cs.o(i.CS_startLFXTWithTimeout)
    GPIO_getInputPinValue                    0x00000871   Thumb Code    16  gpio.o(i.GPIO_getInputPinValue)
    GPIO_setAsInputPin                       0x00000885   Thumb Code    32  gpio.o(i.GPIO_setAsInputPin)
    GPIO_setAsOutputPin                      0x000008a9   Thumb Code    26  gpio.o(i.GPIO_setAsOutputPin)
    GPIO_setOutputHighOnPin                  0x000008c9   Thumb Code    14  gpio.o(i.GPIO_setOutputHighOnPin)
    GPIO_setOutputLowOnPin                   0x000008dd   Thumb Code    14  gpio.o(i.GPIO_setOutputLowOnPin)
    KEY_Init                                 0x000008f1   Thumb Code    92  key.o(i.KEY_Init)
    LED_B_Off                                0x00000951   Thumb Code    18  led.o(i.LED_B_Off)
    LED_B_On                                 0x00000963   Thumb Code    18  led.o(i.LED_B_On)
    LED_C_On                                 0x00000975   Thumb Code    16  led.o(i.LED_C_On)
    LED_G_Off                                0x00000985   Thumb Code    18  led.o(i.LED_G_Off)
    LED_G_On                                 0x00000997   Thumb Code    18  led.o(i.LED_G_On)
    LED_Init                                 0x000009a9   Thumb Code    44  led.o(i.LED_Init)
    LED_P_On                                 0x000009d9   Thumb Code    16  led.o(i.LED_P_On)
    LED_RED_Off                              0x000009e9   Thumb Code    18  led.o(i.LED_RED_Off)
    LED_RED_On                               0x000009fb   Thumb Code    18  led.o(i.LED_RED_On)
    LED_R_Off                                0x00000a0d   Thumb Code    18  led.o(i.LED_R_Off)
    LED_R_On                                 0x00000a1f   Thumb Code    18  led.o(i.LED_R_On)
    LED_Show_Staus                           0x00000a31   Thumb Code   108  led.o(i.LED_Show_Staus)
    LED_W_On                                 0x00000a9d   Thumb Code    16  led.o(i.LED_W_On)
    LED_Y_On                                 0x00000aad   Thumb Code    16  led.o(i.LED_Y_On)
    PID_calc                                 0x00000abd   Thumb Code   492  pid.o(i.PID_calc)
    PID_init                                 0x00000cad   Thumb Code    92  pid.o(i.PID_init)
    PORT1_IRQHandler                         0x00000d0d   Thumb Code   126  main.o(i.PORT1_IRQHandler)
    SysCtl_A_disableNMISource                0x00000d99   Thumb Code    10  sysctl_a.o(i.SysCtl_A_disableNMISource)
    SysCtl_A_enableNMISource                 0x00000da9   Thumb Code    10  sysctl_a.o(i.SysCtl_A_enableNMISource)
    SysCtl_A_getNMISourceStatus              0x00000db9   Thumb Code    10  sysctl_a.o(i.SysCtl_A_getNMISourceStatus)
    SysCtl_A_getTLVInfo                      0x00000dc9   Thumb Code    64  sysctl_a.o(i.SysCtl_A_getTLVInfo)
    SysInit                                  0x00000e11   Thumb Code   134  sysinit.o(i.SysInit)
    SystemInit                               0x00000ea5   Thumb Code    86  system_msp432p401r.o(i.SystemInit)
    T32_INT1_IRQHandler                      0x00000f11   Thumb Code    14  tim32.o(i.T32_INT1_IRQHandler)
    T32_INT2_IRQHandler                      0x00000f29   Thumb Code    14  tim32.o(i.T32_INT2_IRQHandler)
    TA0_0_IRQHandler                         0x00000f41   Thumb Code    30  tima.o(i.TA0_0_IRQHandler)
    TA2_0_IRQHandler                         0x00000f65   Thumb Code   160  motor.o(i.TA2_0_IRQHandler)
    TA2_N_IRQHandler                         0x00001025   Thumb Code   218  tima.o(i.TA2_N_IRQHandler)
    TA3_0_IRQHandler                         0x00001111   Thumb Code    88  motor.o(i.TA3_0_IRQHandler)
    TA3_N_IRQHandler                         0x00001175   Thumb Code    88  motor.o(i.TA3_N_IRQHandler)
    Timer_A_getCaptureCompareCount           0x00001235   Thumb Code    16  timer_a.o(i.Timer_A_getCaptureCompareCount)
    UART_initModule                          0x00001245   Thumb Code   146  uart.o(i.UART_initModule)
    UART_transmitData                        0x000012d7   Thumb Code    22  uart.o(i.UART_transmitData)
    _sys_exit                                0x00001445   Thumb Code     4  usart.o(i._sys_exit)
    bitPosition                              0x00001449   Thumb Code    18  baudrate_calculate.o(i.bitPosition)
    delay_init                               0x00001531   Thumb Code    34  delay.o(i.delay_init)
    delay_ms                                 0x0000155d   Thumb Code    22  delay.o(i.delay_ms)
    delay_us                                 0x00001575   Thumb Code    72  delay.o(i.delay_us)
    eusci_calcBaudDividers                   0x000015c1   Thumb Code   348  baudrate_calculate.o(i.eusci_calcBaudDividers)
    follow_line_init                         0x00001729   Thumb Code    80  follow_line.o(i.follow_line_init)
    follow_line_loop                         0x0000178d   Thumb Code    16  follow_line.o(i.follow_line_loop)
    fputc                                    0x0000179d   Thumb Code    18  usart.o(i.fputc)
    fsm_init                                 0x000017b5   Thumb Code    46  fsm.o(i.fsm_init)
    fsm_loop                                 0x000017e9   Thumb Code    12  fsm.o(i.fsm_loop)
    get_follow_line_info                     0x00001825   Thumb Code     4  follow_line.o(i.get_follow_line_info)
    get_motor_info                           0x0000182d   Thumb Code     4  motor.o(i.get_motor_info)
    infrared_sensor_read                     0x00001835   Thumb Code    72  infrared_led.o(i.infrared_sensor_read)
    key_delay                                0x00001881   Thumb Code    42  main.o(i.key_delay)
    main                                     0x000018ad   Thumb Code    64  main.o(i.main)
    motor_init                               0x000019f1   Thumb Code    70  motor.o(i.motor_init)
    motor_set_speed                          0x00001aa9   Thumb Code   144  motor.o(i.motor_set_speed)
    uart_init                                0x00001c79   Thumb Code    62  usart.o(i.uart_init)
    __aeabi_d2f                              0x00001cc5   Thumb Code     0  d2f.o(x$fpl$d2f)
    _d2f                                     0x00001cc5   Thumb Code    98  d2f.o(x$fpl$d2f)
    __aeabi_ddiv                             0x00001d29   Thumb Code     0  ddiv.o(x$fpl$ddiv)
    _ddiv                                    0x00001d29   Thumb Code   552  ddiv.o(x$fpl$ddiv)
    __aeabi_d2iz                             0x00001fd9   Thumb Code     0  dfix.o(x$fpl$dfix)
    _dfix                                    0x00001fd9   Thumb Code    94  dfix.o(x$fpl$dfix)
    __aeabi_d2uiz                            0x00002039   Thumb Code     0  dfixu.o(x$fpl$dfixu)
    _dfixu                                   0x00002039   Thumb Code    90  dfixu.o(x$fpl$dfixu)
    __aeabi_i2d                              0x00002093   Thumb Code     0  dflt_clz.o(x$fpl$dflt)
    _dflt                                    0x00002093   Thumb Code    46  dflt_clz.o(x$fpl$dflt)
    __aeabi_ui2d                             0x000020c1   Thumb Code     0  dflt_clz.o(x$fpl$dfltu)
    _dfltu                                   0x000020c1   Thumb Code    38  dflt_clz.o(x$fpl$dfltu)
    __aeabi_dmul                             0x000020e9   Thumb Code     0  dmul.o(x$fpl$dmul)
    _dmul                                    0x000020e9   Thumb Code   332  dmul.o(x$fpl$dmul)
    __fpl_dnaninf                            0x0000223d   Thumb Code   156  dnaninf.o(x$fpl$dnaninf)
    __fpl_dretinf                            0x000022d9   Thumb Code    12  dretinf.o(x$fpl$dretinf)
    _fp_init                                 0x000022e5   Thumb Code    10  fpinit.o(x$fpl$fpinit)
    __fplib_config_fpu_vfp                   0x000022ed   Thumb Code     0  fpinit.o(x$fpl$fpinit)
    __fplib_config_pureend_doubles           0x000022ed   Thumb Code     0  fpinit.o(x$fpl$fpinit)
    __fpl_fretinf                            0x000022ef   Thumb Code    10  fretinf.o(x$fpl$fretinf)
    __I$use$fp                               0x000022f8   Number         0  usenofp.o(x$fpl$usenofp)
    Region$$Table$$Base                      0x00002394   Number         0  anon$$obj.o(Region$$Table)
    Region$$Table$$Limit                     0x000023b4   Number         0  anon$$obj.o(Region$$Table)
    infrared                                 0x20000000   Data           1  main.o(.data)
    set_speed                                0x20000004   Data           8  main.o(.data)
    TIMA2_CAP_STA                            0x20000014   Data           1  tima.o(.data)
    TIMA2_CAP_VAL                            0x20000016   Data           2  tima.o(.data)
    __stdout                                 0x20000018   Data           4  usart.o(.data)
    pwm_pid                                  0x20000028   Data          24  follow_line.o(.data)
    motor                                    0x20000048   Data          40  motor.o(.bss)
    follow_line                              0x20000070   Data         172  follow_line.o(.bss)
    car                                      0x2000011c   Data          20  fsm.o(.bss)
    __libspace_start                         0x20000130   Data          96  libspace.o(.bss)
    __temporary_stack_top$libspace           0x20000190   Data           0  libspace.o(.bss)



==============================================================================

Memory Map of the image

  Image Entry point : 0x00000145

  Load Region LR_IROM1 (Base: 0x00000000, Size: 0x000023fc, Max: 0x00040000, ABSOLUTE)

    Execution Region ER_IROM1 (Exec base: 0x00000000, Load base: 0x00000000, Size: 0x000023b4, Max: 0x00040000, ABSOLUTE)

    Exec Addr    Load Addr    Size         Type   Attr      Idx    E Section Name        Object

    0x00000000   0x00000000   0x00000144   Data   RO           73    RESET               startup_msp432p401r_uvision.o
    0x00000144   0x00000144   0x00000008   Code   RO         2699  * !!!main             c_w.l(__main.o)
    0x0000014c   0x0000014c   0x00000034   Code   RO         2898    !!!scatter          c_w.l(__scatter.o)
    0x00000180   0x00000180   0x0000001a   Code   RO         2900    !!handler_copy      c_w.l(__scatter_copy.o)
    0x0000019a   0x0000019a   0x00000002   PAD
    0x0000019c   0x0000019c   0x0000001c   Code   RO         2902    !!handler_zi        c_w.l(__scatter_zi.o)
    0x000001b8   0x000001b8   0x00000000   Code   RO         2694    .ARM.Collect$$_printf_percent$$00000000  c_w.l(_printf_percent.o)
    0x000001b8   0x000001b8   0x00000006   Code   RO         2693    .ARM.Collect$$_printf_percent$$00000009  c_w.l(_printf_d.o)
    0x000001be   0x000001be   0x00000004   Code   RO         2730    .ARM.Collect$$_printf_percent$$00000017  c_w.l(_printf_percent_end.o)
    0x000001c2   0x000001c2   0x00000002   Code   RO         2770    .ARM.Collect$$libinit$$00000000  c_w.l(libinit.o)
    0x000001c4   0x000001c4   0x00000004   Code   RO         2776    .ARM.Collect$$libinit$$00000001  c_w.l(libinit2.o)
    0x000001c8   0x000001c8   0x00000000   Code   RO         2779    .ARM.Collect$$libinit$$00000004  c_w.l(libinit2.o)
    0x000001c8   0x000001c8   0x00000000   Code   RO         2782    .ARM.Collect$$libinit$$0000000A  c_w.l(libinit2.o)
    0x000001c8   0x000001c8   0x00000000   Code   RO         2784    .ARM.Collect$$libinit$$0000000C  c_w.l(libinit2.o)
    0x000001c8   0x000001c8   0x00000000   Code   RO         2786    .ARM.Collect$$libinit$$0000000E  c_w.l(libinit2.o)
    0x000001c8   0x000001c8   0x00000000   Code   RO         2789    .ARM.Collect$$libinit$$00000011  c_w.l(libinit2.o)
    0x000001c8   0x000001c8   0x00000000   Code   RO         2791    .ARM.Collect$$libinit$$00000013  c_w.l(libinit2.o)
    0x000001c8   0x000001c8   0x00000000   Code   RO         2793    .ARM.Collect$$libinit$$00000015  c_w.l(libinit2.o)
    0x000001c8   0x000001c8   0x00000000   Code   RO         2795    .ARM.Collect$$libinit$$00000017  c_w.l(libinit2.o)
    0x000001c8   0x000001c8   0x00000000   Code   RO         2797    .ARM.Collect$$libinit$$00000019  c_w.l(libinit2.o)
    0x000001c8   0x000001c8   0x00000000   Code   RO         2799    .ARM.Collect$$libinit$$0000001B  c_w.l(libinit2.o)
    0x000001c8   0x000001c8   0x00000000   Code   RO         2801    .ARM.Collect$$libinit$$0000001D  c_w.l(libinit2.o)
    0x000001c8   0x000001c8   0x00000000   Code   RO         2803    .ARM.Collect$$libinit$$0000001F  c_w.l(libinit2.o)
    0x000001c8   0x000001c8   0x00000000   Code   RO         2805    .ARM.Collect$$libinit$$00000021  c_w.l(libinit2.o)
    0x000001c8   0x000001c8   0x00000000   Code   RO         2807    .ARM.Collect$$libinit$$00000023  c_w.l(libinit2.o)
    0x000001c8   0x000001c8   0x00000000   Code   RO         2809    .ARM.Collect$$libinit$$00000025  c_w.l(libinit2.o)
    0x000001c8   0x000001c8   0x00000000   Code   RO         2813    .ARM.Collect$$libinit$$0000002C  c_w.l(libinit2.o)
    0x000001c8   0x000001c8   0x00000000   Code   RO         2815    .ARM.Collect$$libinit$$0000002E  c_w.l(libinit2.o)
    0x000001c8   0x000001c8   0x00000000   Code   RO         2817    .ARM.Collect$$libinit$$00000030  c_w.l(libinit2.o)
    0x000001c8   0x000001c8   0x00000000   Code   RO         2819    .ARM.Collect$$libinit$$00000032  c_w.l(libinit2.o)
    0x000001c8   0x000001c8   0x00000002   Code   RO         2820    .ARM.Collect$$libinit$$00000033  c_w.l(libinit2.o)
    0x000001ca   0x000001ca   0x00000002   Code   RO         2838    .ARM.Collect$$libshutdown$$00000000  c_w.l(libshutdown.o)
    0x000001cc   0x000001cc   0x00000000   Code   RO         2848    .ARM.Collect$$libshutdown$$00000002  c_w.l(libshutdown2.o)
    0x000001cc   0x000001cc   0x00000000   Code   RO         2850    .ARM.Collect$$libshutdown$$00000004  c_w.l(libshutdown2.o)
    0x000001cc   0x000001cc   0x00000000   Code   RO         2852    .ARM.Collect$$libshutdown$$00000006  c_w.l(libshutdown2.o)
    0x000001cc   0x000001cc   0x00000000   Code   RO         2855    .ARM.Collect$$libshutdown$$00000009  c_w.l(libshutdown2.o)
    0x000001cc   0x000001cc   0x00000000   Code   RO         2858    .ARM.Collect$$libshutdown$$0000000C  c_w.l(libshutdown2.o)
    0x000001cc   0x000001cc   0x00000000   Code   RO         2860    .ARM.Collect$$libshutdown$$0000000E  c_w.l(libshutdown2.o)
    0x000001cc   0x000001cc   0x00000000   Code   RO         2863    .ARM.Collect$$libshutdown$$00000011  c_w.l(libshutdown2.o)
    0x000001cc   0x000001cc   0x00000002   Code   RO         2864    .ARM.Collect$$libshutdown$$00000012  c_w.l(libshutdown2.o)
    0x000001ce   0x000001ce   0x00000000   Code   RO         2725    .ARM.Collect$$rtentry$$00000000  c_w.l(__rtentry.o)
    0x000001ce   0x000001ce   0x00000000   Code   RO         2739    .ARM.Collect$$rtentry$$00000002  c_w.l(__rtentry2.o)
    0x000001ce   0x000001ce   0x00000006   Code   RO         2751    .ARM.Collect$$rtentry$$00000004  c_w.l(__rtentry4.o)
    0x000001d4   0x000001d4   0x00000000   Code   RO         2741    .ARM.Collect$$rtentry$$00000009  c_w.l(__rtentry2.o)
    0x000001d4   0x000001d4   0x00000004   Code   RO         2742    .ARM.Collect$$rtentry$$0000000A  c_w.l(__rtentry2.o)
    0x000001d8   0x000001d8   0x00000000   Code   RO         2744    .ARM.Collect$$rtentry$$0000000C  c_w.l(__rtentry2.o)
    0x000001d8   0x000001d8   0x00000008   Code   RO         2745    .ARM.Collect$$rtentry$$0000000D  c_w.l(__rtentry2.o)
    0x000001e0   0x000001e0   0x00000002   Code   RO         2774    .ARM.Collect$$rtexit$$00000000  c_w.l(rtexit.o)
    0x000001e2   0x000001e2   0x00000000   Code   RO         2822    .ARM.Collect$$rtexit$$00000002  c_w.l(rtexit2.o)
    0x000001e2   0x000001e2   0x00000004   Code   RO         2823    .ARM.Collect$$rtexit$$00000003  c_w.l(rtexit2.o)
    0x000001e6   0x000001e6   0x00000006   Code   RO         2824    .ARM.Collect$$rtexit$$00000004  c_w.l(rtexit2.o)
    0x000001ec   0x000001ec   0x0000003c   Code   RO           74    .text               startup_msp432p401r_uvision.o
    0x00000228   0x00000228   0x00000002   Code   RO         2663    .text               c_w.l(use_no_semi_2.o)
    0x0000022a   0x0000022a   0x00000002   PAD
    0x0000022c   0x0000022c   0x00000018   Code   RO         2667    .text               c_w.l(noretval__2printf.o)
    0x00000244   0x00000244   0x00000068   Code   RO         2669    .text               c_w.l(__printf.o)
    0x000002ac   0x000002ac   0x00000078   Code   RO         2671    .text               c_w.l(_printf_dec.o)
    0x00000324   0x00000324   0x00000064   Code   RO         2695    .text               c_w.l(rt_memcpy_w.o)
    0x00000388   0x00000388   0x00000006   Code   RO         2697    .text               c_w.l(heapauxi.o)
    0x0000038e   0x0000038e   0x00000002   Code   RO         2723    .text               c_w.l(use_no_semi.o)
    0x00000390   0x00000390   0x000000b2   Code   RO         2726    .text               c_w.l(_printf_intcommon.o)
    0x00000442   0x00000442   0x00000002   PAD
    0x00000444   0x00000444   0x00000024   Code   RO         2728    .text               c_w.l(_printf_char_file.o)
    0x00000468   0x00000468   0x00000030   Code   RO         2753    .text               c_w.l(_printf_char_common.o)
    0x00000498   0x00000498   0x00000008   Code   RO         2755    .text               c_w.l(ferror.o)
    0x000004a0   0x000004a0   0x0000004a   Code   RO         2759    .text               c_w.l(sys_stackheap_outer.o)
    0x000004ea   0x000004ea   0x00000012   Code   RO         2763    .text               c_w.l(exit.o)
    0x000004fc   0x000004fc   0x00000008   Code   RO         2771    .text               c_w.l(libspace.o)
    0x00000504   0x00000504   0x0000006c   Code   RO          258    i.ADC14_IRQHandler  adc.o
    0x00000570   0x00000570   0x0000002c   Code   RO         1134    i.ADC14_getMultiSequenceResult  msp432p4xx_driverlib.lib(adc14.o)
    0x0000059c   0x0000059c   0x00000024   Code   RO         1388    i.CS_clearInterruptFlag  msp432p4xx_driverlib.lib(cs.o)
    0x000005c0   0x000005c0   0x00000018   Code   RO         1397    i.CS_getACLK        msp432p4xx_driverlib.lib(cs.o)
    0x000005d8   0x000005d8   0x0000010c   Code   RO         1399    i.CS_getDCOFrequency  msp432p4xx_driverlib.lib(cs.o)
    0x000006e4   0x000006e4   0x00000018   Code   RO         1403    i.CS_getMCLK        msp432p4xx_driverlib.lib(cs.o)
    0x000006fc   0x000006fc   0x00000018   Code   RO         1404    i.CS_getSMCLK       msp432p4xx_driverlib.lib(cs.o)
    0x00000714   0x00000714   0x0000000c   Code   RO         1411    i.CS_setExternalClockSourceFrequency  msp432p4xx_driverlib.lib(cs.o)
    0x00000720   0x00000720   0x00000006   Code   RO         1414    i.CS_startHFXT      msp432p4xx_driverlib.lib(cs.o)
    0x00000726   0x00000726   0x00000002   PAD
    0x00000728   0x00000728   0x000000a0   Code   RO         1415    i.CS_startHFXTWithTimeout  msp432p4xx_driverlib.lib(cs.o)
    0x000007c8   0x000007c8   0x00000006   Code   RO         1416    i.CS_startLFXT      msp432p4xx_driverlib.lib(cs.o)
    0x000007ce   0x000007ce   0x00000002   PAD
    0x000007d0   0x000007d0   0x000000a0   Code   RO         1417    i.CS_startLFXTWithTimeout  msp432p4xx_driverlib.lib(cs.o)
    0x00000870   0x00000870   0x00000014   Code   RO         1618    i.GPIO_getInputPinValue  msp432p4xx_driverlib.lib(gpio.o)
    0x00000884   0x00000884   0x00000024   Code   RO         1622    i.GPIO_setAsInputPin  msp432p4xx_driverlib.lib(gpio.o)
    0x000008a8   0x000008a8   0x00000020   Code   RO         1625    i.GPIO_setAsOutputPin  msp432p4xx_driverlib.lib(gpio.o)
    0x000008c8   0x000008c8   0x00000014   Code   RO         1630    i.GPIO_setOutputHighOnPin  msp432p4xx_driverlib.lib(gpio.o)
    0x000008dc   0x000008dc   0x00000014   Code   RO         1631    i.GPIO_setOutputLowOnPin  msp432p4xx_driverlib.lib(gpio.o)
    0x000008f0   0x000008f0   0x00000060   Code   RO          293    i.KEY_Init          key.o
    0x00000950   0x00000950   0x00000012   Code   RO          374    i.LED_B_Off         led.o
    0x00000962   0x00000962   0x00000012   Code   RO          375    i.LED_B_On          led.o
    0x00000974   0x00000974   0x00000010   Code   RO          377    i.LED_C_On          led.o
    0x00000984   0x00000984   0x00000012   Code   RO          378    i.LED_G_Off         led.o
    0x00000996   0x00000996   0x00000012   Code   RO          379    i.LED_G_On          led.o
    0x000009a8   0x000009a8   0x00000030   Code   RO          381    i.LED_Init          led.o
    0x000009d8   0x000009d8   0x00000010   Code   RO          382    i.LED_P_On          led.o
    0x000009e8   0x000009e8   0x00000012   Code   RO          383    i.LED_RED_Off       led.o
    0x000009fa   0x000009fa   0x00000012   Code   RO          384    i.LED_RED_On        led.o
    0x00000a0c   0x00000a0c   0x00000012   Code   RO          386    i.LED_R_Off         led.o
    0x00000a1e   0x00000a1e   0x00000012   Code   RO          387    i.LED_R_On          led.o
    0x00000a30   0x00000a30   0x0000006c   Code   RO          389    i.LED_Show_Staus    led.o
    0x00000a9c   0x00000a9c   0x00000010   Code   RO          391    i.LED_W_On          led.o
    0x00000aac   0x00000aac   0x00000010   Code   RO          393    i.LED_Y_On          led.o
    0x00000abc   0x00000abc   0x000001f0   Code   RO         1065    i.PID_calc          pid.o
    0x00000cac   0x00000cac   0x00000060   Code   RO         1067    i.PID_init          pid.o
    0x00000d0c   0x00000d0c   0x0000008c   Code   RO           81    i.PORT1_IRQHandler  main.o
    0x00000d98   0x00000d98   0x00000010   Code   RO         2511    i.SysCtl_A_disableNMISource  msp432p4xx_driverlib.lib(sysctl_a.o)
    0x00000da8   0x00000da8   0x00000010   Code   RO         2516    i.SysCtl_A_enableNMISource  msp432p4xx_driverlib.lib(sysctl_a.o)
    0x00000db8   0x00000db8   0x00000010   Code   RO         2522    i.SysCtl_A_getNMISourceStatus  msp432p4xx_driverlib.lib(sysctl_a.o)
    0x00000dc8   0x00000dc8   0x00000048   Code   RO         2524    i.SysCtl_A_getTLVInfo  msp432p4xx_driverlib.lib(sysctl_a.o)
    0x00000e10   0x00000e10   0x00000094   Code   RO          773    i.SysInit           sysinit.o
    0x00000ea4   0x00000ea4   0x0000006c   Code   RO            5    i.SystemInit        system_msp432p401r.o
    0x00000f10   0x00000f10   0x00000018   Code   RO          629    i.T32_INT1_IRQHandler  tim32.o
    0x00000f28   0x00000f28   0x00000018   Code   RO          630    i.T32_INT2_IRQHandler  tim32.o
    0x00000f40   0x00000f40   0x00000024   Code   RO          671    i.TA0_0_IRQHandler  tima.o
    0x00000f64   0x00000f64   0x000000c0   Code   RO          889    i.TA2_0_IRQHandler  motor.o
    0x00001024   0x00001024   0x000000ec   Code   RO          672    i.TA2_N_IRQHandler  tima.o
    0x00001110   0x00001110   0x00000064   Code   RO          890    i.TA3_0_IRQHandler  motor.o
    0x00001174   0x00001174   0x00000064   Code   RO          891    i.TA3_N_IRQHandler  motor.o
    0x000011d8   0x000011d8   0x0000005c   Code   RO          892    i.TimA2_Int_Init    motor.o
    0x00001234   0x00001234   0x00000010   Code   RO         2050    i.Timer_A_getCaptureCompareCount  msp432p4xx_driverlib.lib(timer_a.o)
    0x00001244   0x00001244   0x00000092   Code   RO         2235    i.UART_initModule   msp432p4xx_driverlib.lib(uart.o)
    0x000012d6   0x000012d6   0x00000016   Code   RO         2244    i.UART_transmitData  msp432p4xx_driverlib.lib(uart.o)
    0x000012ec   0x000012ec   0x000000c0   Code   RO         1420    i._CSComputeCLKFrequency  msp432p4xx_driverlib.lib(cs.o)
    0x000013ac   0x000013ac   0x00000098   Code   RO         1421    i._CSGetHFXTFrequency  msp432p4xx_driverlib.lib(cs.o)
    0x00001444   0x00001444   0x00000004   Code   RO          726    i._sys_exit         usart.o
    0x00001448   0x00001448   0x00000012   Code   RO          835    i.bitPosition       baudrate_calculate.o
    0x0000145a   0x0000145a   0x00000002   PAD
    0x0000145c   0x0000145c   0x000000d4   Code   RO          893    i.coder_init        motor.o
    0x00001530   0x00001530   0x0000002c   Code   RO          797    i.delay_init        delay.o
    0x0000155c   0x0000155c   0x00000016   Code   RO          798    i.delay_ms          delay.o
    0x00001572   0x00001572   0x00000002   PAD
    0x00001574   0x00001574   0x0000004c   Code   RO          799    i.delay_us          delay.o
    0x000015c0   0x000015c0   0x00000168   Code   RO          836    i.eusci_calcBaudDividers  baudrate_calculate.o
    0x00001728   0x00001728   0x00000064   Code   RO          972    i.follow_line_init  follow_line.o
    0x0000178c   0x0000178c   0x00000010   Code   RO          973    i.follow_line_loop  follow_line.o
    0x0000179c   0x0000179c   0x00000018   Code   RO          727    i.fputc             usart.o
    0x000017b4   0x000017b4   0x00000034   Code   RO         1027    i.fsm_init          fsm.o
    0x000017e8   0x000017e8   0x0000000c   Code   RO         1028    i.fsm_loop          fsm.o
    0x000017f4   0x000017f4   0x00000030   Code   RO         1029    i.fsm_set_speed     fsm.o
    0x00001824   0x00001824   0x00000008   Code   RO          974    i.get_follow_line_info  follow_line.o
    0x0000182c   0x0000182c   0x00000008   Code   RO          894    i.get_motor_info    motor.o
    0x00001834   0x00001834   0x0000004c   Code   RO          865    i.infrared_sensor_read  infrared_led.o
    0x00001880   0x00001880   0x0000002a   Code   RO           82    i.key_delay         main.o
    0x000018aa   0x000018aa   0x00000002   PAD
    0x000018ac   0x000018ac   0x00000058   Code   RO           83    i.main              main.o
    0x00001904   0x00001904   0x000000ec   Code   RO          895    i.motor_distance_loop  motor.o
    0x000019f0   0x000019f0   0x00000046   Code   RO          896    i.motor_init        motor.o
    0x00001a36   0x00001a36   0x00000002   PAD
    0x00001a38   0x00001a38   0x00000070   Code   RO          897    i.motor_pwm_init    motor.o
    0x00001aa8   0x00001aa8   0x00000094   Code   RO          898    i.motor_set_speed   motor.o
    0x00001b3c   0x00001b3c   0x0000004c   Code   RO          975    i.set_follow_line_wd  follow_line.o
    0x00001b88   0x00001b88   0x000000c4   Code   RO          976    i.set_follow_line_wheel_pwm  follow_line.o
    0x00001c4c   0x00001c4c   0x0000002c   Code   RO          977    i.set_follow_line_wheel_speed  follow_line.o
    0x00001c78   0x00001c78   0x0000004c   Code   RO          728    i.uart_init         usart.o
    0x00001cc4   0x00001cc4   0x00000062   Code   RO         2701    x$fpl$d2f           fz_wm.l(d2f.o)
    0x00001d26   0x00001d26   0x00000002   PAD
    0x00001d28   0x00001d28   0x000002b0   Code   RO         2704    x$fpl$ddiv          fz_wm.l(ddiv.o)
    0x00001fd8   0x00001fd8   0x0000005e   Code   RO         2707    x$fpl$dfix          fz_wm.l(dfix.o)
    0x00002036   0x00002036   0x00000002   PAD
    0x00002038   0x00002038   0x0000005a   Code   RO         2711    x$fpl$dfixu         fz_wm.l(dfixu.o)
    0x00002092   0x00002092   0x0000002e   Code   RO         2716    x$fpl$dflt          fz_wm.l(dflt_clz.o)
    0x000020c0   0x000020c0   0x00000026   Code   RO         2715    x$fpl$dfltu         fz_wm.l(dflt_clz.o)
    0x000020e6   0x000020e6   0x00000002   PAD
    0x000020e8   0x000020e8   0x00000154   Code   RO         2721    x$fpl$dmul          fz_wm.l(dmul.o)
    0x0000223c   0x0000223c   0x0000009c   Code   RO         2731    x$fpl$dnaninf       fz_wm.l(dnaninf.o)
    0x000022d8   0x000022d8   0x0000000c   Code   RO         2733    x$fpl$dretinf       fz_wm.l(dretinf.o)
    0x000022e4   0x000022e4   0x0000000a   Code   RO         2830    x$fpl$fpinit        fz_wm.l(fpinit.o)
    0x000022ee   0x000022ee   0x0000000a   Code   RO         2735    x$fpl$fretinf       fz_wm.l(fretinf.o)
    0x000022f8   0x000022f8   0x00000000   Code   RO         2737    x$fpl$usenofp       fz_wm.l(usenofp.o)
    0x000022f8   0x000022f8   0x00000028   Data   RO          729    .constdata          usart.o
    0x00002320   0x00002320   0x00000028   Data   RO          900    .constdata          motor.o
    0x00002348   0x00002348   0x0000004c   Data   RO         1634    .constdata          msp432p4xx_driverlib.lib(gpio.o)
    0x00002394   0x00002394   0x00000020   Data   RO         2896    Region$$Table       anon$$obj.o


    Execution Region RW_IRAM1 (Exec base: 0x20000000, Load base: 0x000023b4, Size: 0x00000390, Max: 0x00010000, ABSOLUTE)

    Exec Addr    Load Addr    Size         Type   Attr      Idx    E Section Name        Object

    0x20000000   0x000023b4   0x00000010   Data   RW           84    .data               main.o
    0x20000010   0x000023c4   0x00000004   Data   RW          260    .data               adc.o
    0x20000014   0x000023c8   0x00000004   Data   RW          677    .data               tima.o
    0x20000018   0x000023cc   0x00000004   Data   RW          730    .data               usart.o
    0x2000001c   0x000023d0   0x00000001   Data   RW          800    .data               delay.o
    0x2000001d   0x000023d1   0x00000003   PAD
    0x20000020   0x000023d4   0x00000008   Data   RW          901    .data               motor.o
    0x20000028   0x000023dc   0x00000018   Data   RW          979    .data               follow_line.o
    0x20000040   0x000023f4   0x00000008   Data   RW         1422    .data               msp432p4xx_driverlib.lib(cs.o)
    0x20000048        -       0x00000028   Zero   RW          899    .bss                motor.o
    0x20000070        -       0x000000ac   Zero   RW          978    .bss                follow_line.o
    0x2000011c        -       0x00000014   Zero   RW         1030    .bss                fsm.o
    0x20000130        -       0x00000060   Zero   RW         2772    .bss                c_w.l(libspace.o)
    0x20000190        -       0x00000000   Zero   RW           72    HEAP                startup_msp432p401r_uvision.o
    0x20000190        -       0x00000200   Zero   RW           71    STACK               startup_msp432p401r_uvision.o


==============================================================================

Image component sizes


      Code (inc. data)   RO Data    RW Data    ZI Data      Debug   Object Name

       108         24          0          4          0       1083   adc.o
       378         12          0          0          0       2171   baudrate_calculate.o
       142         14          0          1          0       1683   delay.o
       440         52          0         24        172       3659   follow_line.o
       112         10          0          0         20       2236   fsm.o
        76          4          0          0          0        567   infrared_led.o
        96          4          0          0          0        543   key.o
       364         12          0          0          0       6528   led.o
       270         38          0         16          0      13895   main.o
      1270        112         40          8         40       6089   motor.o
       592          8          0          0          0       3198   pid.o
        60         22        324          0        512        872   startup_msp432p401r_uvision.o
       148         14          0          0          0        494   sysinit.o
       108         22          0          0          0       5033   system_msp432p401r.o
        48         20          0          0          0        972   tim32.o
       272         24          0          4          0       1308   tima.o
       104         20         40          4          0       3330   usart.o

    ----------------------------------------------------------------------
      4596        412        436         64        744      53661   Object Totals
         0          0         32          0          0          0   (incl. Generated)
         8          0          0          3          0          0   (incl. Padding)

    ----------------------------------------------------------------------

      Code (inc. data)   RO Data    RW Data    ZI Data      Debug   Library Member Name

         8          0          0          0          0         68   __main.o
       104          0          0          0          0         84   __printf.o
         0          0          0          0          0          0   __rtentry.o
        12          0          0          0          0          0   __rtentry2.o
         6          0          0          0          0          0   __rtentry4.o
        52          8          0          0          0          0   __scatter.o
        26          0          0          0          0          0   __scatter_copy.o
        28          0          0          0          0          0   __scatter_zi.o
        48          6          0          0          0         96   _printf_char_common.o
        36          4          0          0          0         80   _printf_char_file.o
         6          0          0          0          0          0   _printf_d.o
       120         16          0          0          0         92   _printf_dec.o
       178          0          0          0          0         88   _printf_intcommon.o
         0          0          0          0          0          0   _printf_percent.o
         4          0          0          0          0          0   _printf_percent_end.o
        18          0          0          0          0         80   exit.o
         8          0          0          0          0         68   ferror.o
         6          0          0          0          0        152   heapauxi.o
         2          0          0          0          0          0   libinit.o
         6          0          0          0          0          0   libinit2.o
         2          0          0          0          0          0   libshutdown.o
         2          0          0          0          0          0   libshutdown2.o
         8          4          0          0         96         68   libspace.o
        24          4          0          0          0         84   noretval__2printf.o
       100          0          0          0          0         80   rt_memcpy_w.o
         2          0          0          0          0          0   rtexit.o
        10          0          0          0          0          0   rtexit2.o
        74          0          0          0          0         80   sys_stackheap_outer.o
         2          0          0          0          0         68   use_no_semi.o
         2          0          0          0          0         68   use_no_semi_2.o
        98          4          0          0          0        140   d2f.o
       688        140          0          0          0        256   ddiv.o
        94          4          0          0          0        140   dfix.o
        90          4          0          0          0        140   dfixu.o
        84          0          0          0          0        232   dflt_clz.o
       340         12          0          0          0        152   dmul.o
       156          4          0          0          0        140   dnaninf.o
        12          0          0          0          0        116   dretinf.o
        10          0          0          0          0        116   fpinit.o
        10          0          0          0          0        116   fretinf.o
         0          0          0          0          0          0   usenofp.o
        44          6          0          0          0       4582   adc14.o
      1064        170          0          8          0      13545   cs.o
       128         26         76          0          0       4516   gpio.o
       120         26          0          0          0       3378   sysctl_a.o
        16          0          0          0          0        725   timer_a.o
       168          0          0          0          0       5848   uart.o

    ----------------------------------------------------------------------
      4032        438         76          8         96      35398   Library Totals
        16          0          0          0          0          0   (incl. Padding)

    ----------------------------------------------------------------------

      Code (inc. data)   RO Data    RW Data    ZI Data      Debug   Library Name

       894         42          0          0         96       1256   c_w.l
      1582        168          0          0          0       1548   fz_wm.l
      1540        228         76          8          0      32594   msp432p4xx_driverlib.lib

    ----------------------------------------------------------------------
      4032        438         76          8         96      35398   Library Totals

    ----------------------------------------------------------------------

==============================================================================


      Code (inc. data)   RO Data    RW Data    ZI Data      Debug   

      8628        850        512         72        840      80487   Grand Totals
      8628        850        512         72        840      80487   ELF Image Totals
      8628        850        512         72          0          0   ROM Totals

==============================================================================

    Total RO  Size (Code + RO Data)                 9140 (   8.93kB)
    Total RW  Size (RW Data + ZI Data)               912 (   0.89kB)
    Total ROM Size (Code + RO Data + RW Data)       9212 (   9.00kB)

==============================================================================

