Component: ARM Compiler 5.06 update 7 (build 960) Tool: armlink [4d3601]

==============================================================================

Section Cross References

    system_msp432p401r.o(i.SystemCoreClockUpdate) refers to system_msp432p401r.o(.data) for SystemCoreClock
    startup_msp432p401r_uvision.o(RESET) refers to startup_msp432p401r_uvision.o(STACK) for __initial_sp
    startup_msp432p401r_uvision.o(RESET) refers to startup_msp432p401r_uvision.o(.text) for Reset_Handler
    startup_msp432p401r_uvision.o(RESET) refers to tima.o(i.TA0_0_IRQHandler) for TA0_0_IRQHandler
    startup_msp432p401r_uvision.o(RESET) refers to motor.o(i.TA2_0_IRQHandler) for TA2_0_IRQHandler
    startup_msp432p401r_uvision.o(RESET) refers to tima.o(i.TA2_N_IRQHandler) for TA2_N_IRQHandler
    startup_msp432p401r_uvision.o(RESET) refers to motor.o(i.TA3_0_IRQHandler) for TA3_0_IRQHandler
    startup_msp432p401r_uvision.o(RESET) refers to motor.o(i.TA3_N_IRQHandler) for TA3_N_IRQHandler
    startup_msp432p401r_uvision.o(RESET) refers to adc.o(i.ADC14_IRQHandler) for ADC14_IRQHandler
    startup_msp432p401r_uvision.o(RESET) refers to tim32.o(i.T32_INT1_IRQHandler) for T32_INT1_IRQHandler
    startup_msp432p401r_uvision.o(RESET) refers to tim32.o(i.T32_INT2_IRQHandler) for T32_INT2_IRQHandler
    startup_msp432p401r_uvision.o(RESET) refers to main.o(i.PORT1_IRQHandler) for PORT1_IRQHandler
    startup_msp432p401r_uvision.o(RESET) refers to collide_key.o(i.PORT4_IRQHandler) for PORT4_IRQHandler
    startup_msp432p401r_uvision.o(.text) refers to system_msp432p401r.o(i.SystemInit) for SystemInit
    startup_msp432p401r_uvision.o(.text) refers to entry.o(.ARM.Collect$$$$00000000) for __main
    main.o(i.PORT1_IRQHandler) refers to main.o(i.key_delay) for key_delay
    main.o(i.PORT1_IRQHandler) refers to led.o(i.LED_Show_Staus) for LED_Show_Staus
    main.o(i.PORT1_IRQHandler) refers to main.o(.data) for press_count
    main.o(i.PORT1_IRQHandler) refers to fsm.o(.bss) for car
    main.o(i.main) refers to sysinit.o(i.SysInit) for SysInit
    main.o(i.main) refers to usart.o(i.uart_init) for uart_init
    main.o(i.main) refers to delay.o(i.delay_init) for delay_init
    main.o(i.main) refers to key.o(i.KEY_Init) for KEY_Init
    main.o(i.main) refers to led.o(i.LED_Init) for LED_Init
    main.o(i.main) refers to fsm.o(i.fsm_init) for fsm_init
    main.o(i.main) refers to oled.o(i.OLED_Init) for OLED_Init
    main.o(i.main) refers to oled.o(i.OLED_ShowString) for OLED_ShowString
    main.o(i.main) refers to printf1.o(i.__0printf$1) for __2printf
    main.o(i.main) refers to fsm.o(i.fsm_loop) for fsm_loop
    main.o(i.main) refers to delay.o(i.delay_ms) for delay_ms
    adc.o(i.ADC14_IRQHandler) refers to adc14.o(i.ADC14_getMultiSequenceResult) for ADC14_getMultiSequenceResult
    adc.o(i.ADC14_IRQHandler) refers to printf1.o(i.__0printf$1) for __2printf
    adc.o(i.ADC14_IRQHandler) refers to adc.o(.data) for resultsBuffer
    adc.o(i.ADC_Config) refers to adc14.o(i.ADC14_configureMultiSequenceMode) for ADC14_configureMultiSequenceMode
    adc.o(i.ADC_Config) refers to adc14.o(i.ADC14_configureConversionMemory) for ADC14_configureConversionMemory
    key.o(i.KEY_Scan) refers to key.o(i.key_delay) for key_delay
    key.o(i.KEY_Scan) refers to key.o(.data) for key_up
    key.o(i.PORT1_IRQHandler) refers to key.o(i.key_delay) for key_delay
    key4x4.o(i.KEY4x4_Scan) refers to key4x4.o(i.key_delay) for key_delay
    key4x4.o(i.KEY4x4_Scan) refers to key4x4.o(.data) for key_up
    led.o(i.LED_C_On) refers to led.o(i.LED_R_Off) for LED_R_Off
    led.o(i.LED_C_On) refers to led.o(i.LED_G_On) for LED_G_On
    led.o(i.LED_C_On) refers to led.o(i.LED_B_On) for LED_B_On
    led.o(i.LED_Init) refers to led.o(i.LED_RED_Off) for LED_RED_Off
    led.o(i.LED_Init) refers to led.o(i.LED_R_Off) for LED_R_Off
    led.o(i.LED_Init) refers to led.o(i.LED_G_Off) for LED_G_Off
    led.o(i.LED_Init) refers to led.o(i.LED_B_Off) for LED_B_Off
    led.o(i.LED_P_On) refers to led.o(i.LED_R_On) for LED_R_On
    led.o(i.LED_P_On) refers to led.o(i.LED_G_Off) for LED_G_Off
    led.o(i.LED_P_On) refers to led.o(i.LED_B_On) for LED_B_On
    led.o(i.LED_Show_Staus) refers to led.o(i.LED_R_On) for LED_R_On
    led.o(i.LED_Show_Staus) refers to led.o(i.LED_G_Off) for LED_G_Off
    led.o(i.LED_Show_Staus) refers to led.o(i.LED_B_Off) for LED_B_Off
    led.o(i.LED_Show_Staus) refers to led.o(i.LED_R_Off) for LED_R_Off
    led.o(i.LED_Show_Staus) refers to led.o(i.LED_G_On) for LED_G_On
    led.o(i.LED_Show_Staus) refers to led.o(i.LED_B_On) for LED_B_On
    led.o(i.LED_Show_Staus) refers to led.o(i.LED_W_On) for LED_W_On
    led.o(i.LED_Show_Staus) refers to led.o(i.LED_Y_On) for LED_Y_On
    led.o(i.LED_Show_Staus) refers to led.o(i.LED_P_On) for LED_P_On
    led.o(i.LED_Show_Staus) refers to led.o(i.LED_C_On) for LED_C_On
    led.o(i.LED_Show_Staus) refers to led.o(i.LED_RED_On) for LED_RED_On
[...]
    Removing adc14.o(i.ADC14_getInterruptStatus), (16 bytes).
    Removing adc14.o(i.ADC14_getResolution), (16 bytes).
    Removing adc14.o(i.ADC14_getResult), (32 bytes).
    Removing adc14.o(i.ADC14_getResultArray), (92 bytes).
    Removing adc14.o(i.ADC14_initModule), (64 bytes).
    Removing adc14.o(i.ADC14_isBusy), (20 bytes).
    Removing adc14.o(i.ADC14_registerInterrupt), (20 bytes).
    Removing adc14.o(i.ADC14_setComparatorWindowValue), (76 bytes).
    Removing adc14.o(i.ADC14_setPowerMode), (48 bytes).
    Removing adc14.o(i.ADC14_setResolution), (20 bytes).
    Removing adc14.o(i.ADC14_setResultFormat), (44 bytes).
    Removing adc14.o(i.ADC14_setSampleHoldTime), (40 bytes).
    Removing adc14.o(i.ADC14_setSampleHoldTrigger), (44 bytes).
    Removing adc14.o(i.ADC14_toggleConversionTrigger), (32 bytes).
    Removing adc14.o(i.ADC14_unregisterInterrupt), (18 bytes).
    Removing adc14.o(i.ADCIsConversionRunning), (20 bytes).
    Removing adc14.o(i._getIndexForMemRegister), (342 bytes).
    Removing adc14.o(.constdata), (128 bytes).
    Removing cs.o(.rev16_text), (4 bytes).
    Removing cs.o(.revsh_text), (4 bytes).
    Removing cs.o(.rrx_text), (6 bytes).
    Removing cs.o(i.CS_disableClockRequest), (36 bytes).
    Removing cs.o(i.CS_disableDCOExternalResistor), (32 bytes).
    Removing cs.o(i.CS_disableFaultCounter), (40 bytes).
    Removing cs.o(i.CS_disableInterrupt), (36 bytes).
    Removing cs.o(i.CS_enableClockRequest), (36 bytes).
    Removing cs.o(i.CS_enableDCOExternalResistor), (28 bytes).
    Removing cs.o(i.CS_enableFaultCounter), (40 bytes).
    Removing cs.o(i.CS_enableInterrupt), (36 bytes).
    Removing cs.o(i.CS_getBCLK), (28 bytes).
    Removing cs.o(i.CS_getEnabledInterruptStatus), (20 bytes).
    Removing cs.o(i.CS_getHSMCLK), (24 bytes).
    Removing cs.o(i.CS_getInterruptStatus), (12 bytes).
    Removing cs.o(i.CS_initClockSignal), (232 bytes).
    Removing cs.o(i.CS_registerInterrupt), (20 bytes).
    Removing cs.o(i.CS_resetFaultCounter), (40 bytes).
    Removing cs.o(i.CS_setDCOCenteredFrequency), (36 bytes).
    Removing cs.o(i.CS_setDCOExternalResistorCalibration), (100 bytes).
    Removing cs.o(i.CS_setDCOFrequency), (300 bytes).
    Removing cs.o(i.CS_setReferenceOscillatorFrequency), (32 bytes).
    Removing cs.o(i.CS_startFaultCounter), (52 bytes).
    Removing cs.o(i.CS_tuneDCOFrequency), (52 bytes).
    Removing cs.o(i.CS_unregisterInterrupt), (18 bytes).
    Removing gpio.o(.rev16_text), (4 bytes).
    Removing gpio.o(.revsh_text), (4 bytes).
    Removing gpio.o(.rrx_text), (6 bytes).
    Removing gpio.o(i.GPIO_clearInterruptFlag), (20 bytes).
    Removing gpio.o(i.GPIO_disableInterrupt), (20 bytes).
    Removing gpio.o(i.GPIO_enableInterrupt), (20 bytes).
    Removing gpio.o(i.GPIO_getEnabledInterruptStatus), (56 bytes).
    Removing gpio.o(i.GPIO_getInterruptStatus), (16 bytes).
    Removing gpio.o(i.GPIO_registerInterrupt), (28 bytes).
    Removing gpio.o(i.GPIO_setAsInputPinWithPullDownResistor), (44 bytes).
    Removing gpio.o(i.GPIO_setAsInputPinWithPullUpResistor), (44 bytes).
    Removing gpio.o(i.GPIO_setAsPeripheralModuleFunctionInputPin), (60 bytes).
    Removing gpio.o(i.GPIO_setAsPeripheralModuleFunctionOutputPin), (60 bytes).
    Removing gpio.o(i.GPIO_setDriveStrengthHigh), (20 bytes).
    Removing gpio.o(i.GPIO_setDriveStrengthLow), (20 bytes).
    Removing gpio.o(i.GPIO_toggleOutputOnPin), (20 bytes).
    Removing gpio.o(i.GPIO_unregisterInterrupt), (28 bytes).
    Removing timer_a.o(.rev16_text), (4 bytes).
    Removing timer_a.o(.revsh_text), (4 bytes).
    Removing timer_a.o(.rrx_text), (6 bytes).
    Removing timer_a.o(i.Timer_A_clearCaptureCompareInterrupt), (26 bytes).
    Removing timer_a.o(i.Timer_A_clearInterruptFlag), (12 bytes).
    Removing timer_a.o(i.Timer_A_clearTimer), (12 bytes).
    Removing timer_a.o(i.Timer_A_configureContinuousMode), (40 bytes).
    Removing timer_a.o(i.Timer_A_configureUpDownMode), (70 bytes).
    Removing timer_a.o(i.Timer_A_configureUpMode), (70 bytes).
    Removing timer_a.o(i.Timer_A_disableCaptureCompareInterrupt), (26 bytes).
    Removing timer_a.o(i.Timer_A_disableInterrupt), (12 bytes).
    Removing timer_a.o(i.Timer_A_enableCaptureCompareInterrupt), (26 bytes).
    Removing timer_a.o(i.Timer_A_enableInterrupt), (12 bytes).
    Removing timer_a.o(i.Timer_A_generatePWM), (76 bytes).
    Removing timer_a.o(i.Timer_A_getCaptureCompareEnabledInterruptStatus), (34 bytes).
    Removing timer_a.o(i.Timer_A_getCaptureCompareInterruptStatus), (18 bytes).
    Removing timer_a.o(i.Timer_A_getCounterValue), (28 bytes).
    Removing timer_a.o(i.Timer_A_getEnabledInterruptStatus), (18 bytes).
    Removing timer_a.o(i.Timer_A_getInterruptStatus), (8 bytes).
    Removing timer_a.o(i.Timer_A_getOutputForOutputModeOutBitValue), (30 bytes).
    Removing timer_a.o(i.Timer_A_getSynchronizedCaptureCompareInput), (22 bytes).
    Removing timer_a.o(i.Timer_A_initCapture), (52 bytes).
    Removing timer_a.o(i.Timer_A_initCompare), (38 bytes).
    Removing timer_a.o(i.Timer_A_registerInterrupt), (164 bytes).
    Removing timer_a.o(i.Timer_A_setCompareValue), (16 bytes).
    Removing timer_a.o(i.Timer_A_setOutputForOutputModeOutBitValue), (24 bytes).
    Removing timer_a.o(i.Timer_A_startCounter), (8 bytes).
    Removing timer_a.o(i.Timer_A_stopTimer), (10 bytes).
    Removing timer_a.o(i.Timer_A_unregisterInterrupt), (140 bytes).
    Removing timer_a.o(i.privateTimer_AProcessClockSourceDivider), (180 bytes).
    Removing uart.o(.rev16_text), (4 bytes).
    Removing uart.o(.revsh_text), (4 bytes).
    Removing uart.o(.rrx_text), (6 bytes).
    Removing uart.o(i.UART_clearInterruptFlag), (8 bytes).
    Removing uart.o(i.UART_disableInterrupt), (22 bytes).
    Removing uart.o(i.UART_disableModule), (12 bytes).
    Removing uart.o(i.UART_enableInterrupt), (22 bytes).
    Removing uart.o(i.UART_enableModule), (12 bytes).
    Removing uart.o(i.UART_getEnabledInterruptStatus), (38 bytes).
    Removing uart.o(i.UART_getInterruptStatus), (6 bytes).
    Removing uart.o(i.UART_getReceiveBufferAddressForDMA), (4 bytes).
    Removing uart.o(i.UART_getTransmitBufferAddressForDMA), (4 bytes).
    Removing uart.o(i.UART_queryStatusFlags), (6 bytes).
    Removing uart.o(i.UART_receiveData), (24 bytes).
    Removing uart.o(i.UART_registerInterrupt), (80 bytes).
    Removing uart.o(i.UART_resetDormant), (12 bytes).
    Removing uart.o(i.UART_selectDeglitchTime), (12 bytes).
    Removing uart.o(i.UART_setDormant), (12 bytes).
    Removing uart.o(i.UART_transmitAddress), (14 bytes).
    Removing uart.o(i.UART_transmitBreak), (44 bytes).
    Removing uart.o(i.UART_unregisterInterrupt), (80 bytes).
    Removing interrupt.o(.rev16_text), (4 bytes).
    Removing interrupt.o(.revsh_text), (4 bytes).
    Removing interrupt.o(.rrx_text), (6 bytes).
    Removing interrupt.o(i.IntDefaultHandler), (2 bytes).
    Removing interrupt.o(i.Interrupt_disableInterrupt), (92 bytes).
    Removing interrupt.o(i.Interrupt_disableMaster), (14 bytes).
    Removing interrupt.o(i.Interrupt_disableSleepOnIsrExit), (16 bytes).
    Removing interrupt.o(i.Interrupt_enableInterrupt), (92 bytes).
    Removing interrupt.o(i.Interrupt_enableMaster), (14 bytes).
    Removing interrupt.o(i.Interrupt_enableSleepOnIsrExit), (16 bytes).
    Removing interrupt.o(i.Interrupt_getPriority), (24 bytes).
    Removing interrupt.o(i.Interrupt_getPriorityGrouping), (36 bytes).
    Removing interrupt.o(i.Interrupt_getPriorityMask), (10 bytes).
    Removing interrupt.o(i.Interrupt_getVectorTableAddress), (12 bytes).
    Removing interrupt.o(i.Interrupt_isEnabled), (100 bytes).
    Removing interrupt.o(i.Interrupt_pendInterrupt), (76 bytes).
    Removing interrupt.o(i.Interrupt_registerInterrupt), (48 bytes).
    Removing interrupt.o(i.Interrupt_setPriority), (36 bytes).
    Removing interrupt.o(i.Interrupt_setPriorityGrouping), (40 bytes).
    Removing interrupt.o(i.Interrupt_setPriorityMask), (4 bytes).
    Removing interrupt.o(i.Interrupt_setVectorTableAddress), (12 bytes).
    Removing interrupt.o(i.Interrupt_unpendInterrupt), (64 bytes).
    Removing interrupt.o(i.Interrupt_unregisterInterrupt), (20 bytes).
    Removing interrupt.o(.constdata), (144 bytes).
    Removing interrupt.o(vtable), (232 bytes).
    Removing sysctl_a.o(.rev16_text), (4 bytes).
    Removing sysctl_a.o(.revsh_text), (4 bytes).
    Removing sysctl_a.o(.rrx_text), (6 bytes).
    Removing sysctl_a.o(i.SysCtl_A_disableGlitchFilter), (16 bytes).
    Removing sysctl_a.o(i.SysCtl_A_disablePeripheralAtCPUHalt), (16 bytes).
    Removing sysctl_a.o(i.SysCtl_A_disableSRAM), (96 bytes).
    Removing sysctl_a.o(i.SysCtl_A_disableSRAMRetention), (272 bytes).
    Removing sysctl_a.o(i.SysCtl_A_enableGlitchFilter), (16 bytes).
    Removing sysctl_a.o(i.SysCtl_A_enablePeripheralAtCPUHalt), (16 bytes).
    Removing sysctl_a.o(i.SysCtl_A_enableSRAM), (96 bytes).
    Removing sysctl_a.o(i.SysCtl_A_enableSRAMRetention), (284 bytes).
    Removing sysctl_a.o(i.SysCtl_A_getFlashSize), (12 bytes).
    Removing sysctl_a.o(i.SysCtl_A_getInfoFlashSize), (12 bytes).
    Removing sysctl_a.o(i.SysCtl_A_getSRAMSize), (12 bytes).
    Removing sysctl_a.o(i.SysCtl_A_getTempCalibrationConstant), (12 bytes).
    Removing sysctl_a.o(i.SysCtl_A_rebootDevice), (16 bytes).
    Removing sysctl_a.o(i.SysCtl_A_setWDTPasswordViolationResetType), (28 bytes).
    Removing sysctl_a.o(i.SysCtl_A_setWDTTimeoutResetType), (28 bytes).
    Removing cpu.o(.rev16_text), (4 bytes).
    Removing cpu.o(.revsh_text), (4 bytes).
    Removing cpu.o(.rrx_text), (6 bytes).
    Removing cpu.o(.emb_text), (38 bytes).
    Removing dneg.o(.text), (6 bytes).
    Removing dfixul.o(.text), (48 bytes).
    Removing cdrcmple.o(.text), (48 bytes).

280 unused section(s) (total 10630 bytes) removed from the image.

==============================================================================

Image Symbol Table

    Local Symbols

    Symbol Name                              Value     Ov Type        Size  Object(Section)

    RESET                                    0x00000000   Section      324  startup_msp432p401r_uvision.o(RESET)
    ../clib/microlib/division.c              0x00000000   Number         0  uidiv.o ABSOLUTE
    ../clib/microlib/division.c              0x00000000   Number         0  uldiv.o ABSOLUTE
    ../clib/microlib/init/entry.s            0x00000000   Number         0  entry.o ABSOLUTE
    ../clib/microlib/init/entry.s            0x00000000   Number         0  entry12b.o ABSOLUTE
    ../clib/microlib/init/entry.s            0x00000000   Number         0  entry11b.o ABSOLUTE
    ../clib/microlib/init/entry.s            0x00000000   Number         0  entry12a.o ABSOLUTE
    ../clib/microlib/init/entry.s            0x00000000   Number         0  entry11a.o ABSOLUTE
    ../clib/microlib/init/entry.s            0x00000000   Number         0  entry2.o ABSOLUTE
    ../clib/microlib/init/entry.s            0x00000000   Number         0  entry5.o ABSOLUTE
    ../clib/microlib/init/entry.s            0x00000000   Number         0  entry7b.o ABSOLUTE
    ../clib/microlib/init/entry.s            0x00000000   Number         0  entry7a.o ABSOLUTE
    ../clib/microlib/init/entry.s            0x00000000   Number         0  entry8a.o ABSOLUTE
    ../clib/microlib/init/entry.s            0x00000000   Number         0  entry8b.o ABSOLUTE
    ../clib/microlib/init/entry.s            0x00000000   Number         0  entry9a.o ABSOLUTE
    ../clib/microlib/init/entry.s            0x00000000   Number         0  entry9b.o ABSOLUTE
    ../clib/microlib/init/entry.s            0x00000000   Number         0  entry10a.o ABSOLUTE
    ../clib/microlib/init/entry.s            0x00000000   Number         0  entry10b.o ABSOLUTE
    ../clib/microlib/longlong.c              0x00000000   Number         0  llushr.o ABSOLUTE
    ../clib/microlib/longlong.c              0x00000000   Number         0  llshl.o ABSOLUTE
    ../clib/microlib/longlong.c              0x00000000   Number         0  llsshr.o ABSOLUTE
    ../clib/microlib/printf/printf.c         0x00000000   Number         0  printfb.o ABSOLUTE
    ../clib/microlib/printf/printf.c         0x00000000   Number         0  printf0.o ABSOLUTE
    ../clib/microlib/printf/printf.c         0x00000000   Number         0  printf1.o ABSOLUTE
    ../clib/microlib/printf/printf.c         0x00000000   Number         0  printf2.o ABSOLUTE
    ../clib/microlib/printf/printf.c         0x00000000   Number         0  printf4.o ABSOLUTE
    ../clib/microlib/printf/printf.c         0x00000000   Number         0  printf3.o ABSOLUTE
    ../clib/microlib/printf/printf.c         0x00000000   Number         0  printfa.o ABSOLUTE
    ../clib/microlib/printf/printf.c         0x00000000   Number         0  printf5.o ABSOLUTE
    ../clib/microlib/printf/printf.c         0x00000000   Number         0  printf8.o ABSOLUTE
    ../clib/microlib/printf/printf.c         0x00000000   Number         0  printf7.o ABSOLUTE
    ../clib/microlib/printf/printf.c         0x00000000   Number         0  printf6.o ABSOLUTE
    ../clib/microlib/printf/stubs.s          0x00000000   Number         0  stubs.o ABSOLUTE
    ../clib/microlib/string/memcpy.c         0x00000000   Number         0  memcpyb.o ABSOLUTE
    ../clib/microlib/string/memcpy.c         0x00000000   Number         0  memcpya.o ABSOLUTE
    ../clib/microlib/string/memset.c         0x00000000   Number         0  memseta.o ABSOLUTE
    ../clib/microlib/stubs.s                 0x00000000   Number         0  useno.o ABSOLUTE
    ../clib/microlib/stubs.s                 0x00000000   Number         0  iusefp.o ABSOLUTE
    ../fplib/microlib/d2f.c                  0x00000000   Number         0  d2f.o ABSOLUTE
    ../fplib/microlib/f2d.c                  0x00000000   Number         0  f2d.o ABSOLUTE
    ../fplib/microlib/fpadd.c                0x00000000   Number         0  dadd.o ABSOLUTE
    ../fplib/microlib/fpdiv.c                0x00000000   Number         0  ddiv.o ABSOLUTE
    ../fplib/microlib/fpepilogue.c           0x00000000   Number         0  depilogue.o ABSOLUTE
    ../fplib/microlib/fpepilogue.c           0x00000000   Number         0  fepilogue.o ABSOLUTE
    ../fplib/microlib/fpfix.c                0x00000000   Number         0  dfixi.o ABSOLUTE
    ../fplib/microlib/fpfix.c                0x00000000   Number         0  dfixul.o ABSOLUTE
    ../fplib/microlib/fpfix.c                0x00000000   Number         0  dfixui.o ABSOLUTE
    ../fplib/microlib/fpflt.c                0x00000000   Number         0  dfltui.o ABSOLUTE
    ../fplib/microlib/fpflt.c                0x00000000   Number         0  dflti.o ABSOLUTE
    ../fplib/microlib/fpmul.c                0x00000000   Number         0  dmul.o ABSOLUTE
    ../fplib/microlib/fpneg.c                0x00000000   Number         0  dneg.o ABSOLUTE
    ..\..\algorithm\pid.c                    0x00000000   Number         0  pid.o ABSOLUTE
    ..\..\application\auto_cross.c           0x00000000   Number         0  auto_cross.o ABSOLUTE
    ..\..\application\follow_line.c          0x00000000   Number         0  follow_line.o ABSOLUTE
    ..\..\application\fsm.c                  0x00000000   Number         0  fsm.o ABSOLUTE
    ..\..\application\labyrinth.c            0x00000000   Number         0  labyrinth.o ABSOLUTE
    ..\..\bsp\collide_key.c                  0x00000000   Number         0  collide_key.o ABSOLUTE
    ..\..\bsp\infrared_led.c                 0x00000000   Number         0  infrared_led.o ABSOLUTE
    ..\..\bsp\motor.c                        0x00000000   Number         0  motor.o ABSOLUTE
    ..\..\hardware\adc.c                     0x00000000   Number         0  adc.o ABSOLUTE
    ..\..\hardware\key.c                     0x00000000   Number         0  key.o ABSOLUTE
    ..\..\hardware\key4x4.c                  0x00000000   Number         0  key4x4.o ABSOLUTE
    ..\..\hardware\led.c                     0x00000000   Number         0  led.o ABSOLUTE
    ..\..\hardware\oled.c                    0x00000000   Number         0  oled.o ABSOLUTE
    ..\..\hardware\tim32.c                   0x00000000   Number         0  tim32.o ABSOLUTE
    ..\..\hardware\timA.c                    0x00000000   Number         0  tima.o ABSOLUTE
    ..\..\main.c                             0x00000000   Number         0  main.o ABSOLUTE
    ..\..\sys\baudrate_calculate.c           0x00000000   Number         0  baudrate_calculate.o ABSOLUTE
    ..\..\sys\delay.c                        0x00000000   Number         0  delay.o ABSOLUTE
    ..\..\sys\sysinit.c                      0x00000000   Number         0  sysinit.o ABSOLUTE
    ..\..\sys\usart.c                        0x00000000   Number         0  usart.o ABSOLUTE
    ..\..\system_msp432p401r.c               0x00000000   Number         0  system_msp432p401r.o ABSOLUTE
    ..\\..\\application\\auto_cross.c        0x00000000   Number         0  auto_cross.o ABSOLUTE
    ..\\..\\application\\follow_line.c       0x00000000   Number         0  follow_line.o ABSOLUTE
    ..\\..\\application\\fsm.c               0x00000000   Number         0  fsm.o ABSOLUTE
    ..\\..\\application\\labyrinth.c         0x00000000   Number         0  labyrinth.o ABSOLUTE
    ..\\..\\bsp\\collide_key.c               0x00000000   Number         0  collide_key.o ABSOLUTE
    ..\\..\\bsp\\infrared_led.c              0x00000000   Number         0  infrared_led.o ABSOLUTE
    ..\\..\\bsp\\motor.c                     0x00000000   Number         0  motor.o ABSOLUTE
    ..\\..\\hardware\\adc.c                  0x00000000   Number         0  adc.o ABSOLUTE
    ..\\..\\hardware\\key.c                  0x00000000   Number         0  key.o ABSOLUTE
    ..\\..\\hardware\\key4x4.c               0x00000000   Number         0  key4x4.o ABSOLUTE
    ..\\..\\hardware\\led.c                  0x00000000   Number         0  led.o ABSOLUTE
    ..\\..\\hardware\\oled.c                 0x00000000   Number         0  oled.o ABSOLUTE
    ..\\..\\hardware\\tim32.c                0x00000000   Number         0  tim32.o ABSOLUTE
    ..\\..\\hardware\\timA.c                 0x00000000   Number         0  tima.o ABSOLUTE
    ..\\..\\main.c                           0x00000000   Number         0  main.o ABSOLUTE
    ..\\..\\sys\\baudrate_calculate.c        0x00000000   Number         0  baudrate_calculate.o ABSOLUTE
    ..\\..\\sys\\delay.c                     0x00000000   Number         0  delay.o ABSOLUTE
    ..\\..\\sys\\sysinit.c                   0x00000000   Number         0  sysinit.o ABSOLUTE
    ..\\..\\sys\\usart.c                     0x00000000   Number         0  usart.o ABSOLUTE
    ..\\..\\system_msp432p401r.c             0x00000000   Number         0  system_msp432p401r.o ABSOLUTE
    cdrcmple.s                               0x00000000   Number         0  cdrcmple.o ABSOLUTE
    dc.s                                     0x00000000   Number         0  dc.o ABSOLUTE
    handlers.s                               0x00000000   Number         0  handlers.o ABSOLUTE
    init.s                                   0x00000000   Number         0  init.o ABSOLUTE
    source/ti/devices/msp432p4xx/driverlib/adc14.c 0x00000000   Number         0  adc14.o ABSOLUTE
    source/ti/devices/msp432p4xx/driverlib/adc14.c 0x00000000   Number         0  adc14.o ABSOLUTE
    source/ti/devices/msp432p4xx/driverlib/cpu.c 0x00000000   Number         0  cpu.o ABSOLUTE
    source/ti/devices/msp432p4xx/driverlib/cpu.c 0x00000000   Number         0  cpu.o ABSOLUTE
    source/ti/devices/msp432p4xx/driverlib/cs.c 0x00000000   Number         0  cs.o ABSOLUTE
    source/ti/devices/msp432p4xx/driverlib/cs.c 0x00000000   Number         0  cs.o ABSOLUTE
    source/ti/devices/msp432p4xx/driverlib/gpio.c 0x00000000   Number         0  gpio.o ABSOLUTE
    source/ti/devices/msp432p4xx/driverlib/gpio.c 0x00000000   Number         0  gpio.o ABSOLUTE
    source/ti/devices/msp432p4xx/driverlib/interrupt.c 0x00000000   Number         0  interrupt.o ABSOLUTE
    source/ti/devices/msp432p4xx/driverlib/interrupt.c 0x00000000   Number         0  interrupt.o ABSOLUTE
    source/ti/devices/msp432p4xx/driverlib/sysctl_a.c 0x00000000   Number         0  sysctl_a.o ABSOLUTE
    source/ti/devices/msp432p4xx/driverlib/sysctl_a.c 0x00000000   Number         0  sysctl_a.o ABSOLUTE
    source/ti/devices/msp432p4xx/driverlib/timer_a.c 0x00000000   Number         0  timer_a.o ABSOLUTE
    source/ti/devices/msp432p4xx/driverlib/timer_a.c 0x00000000   Number         0  timer_a.o ABSOLUTE
    source/ti/devices/msp432p4xx/driverlib/uart.c 0x00000000   Number         0  uart.o ABSOLUTE
    source/ti/devices/msp432p4xx/driverlib/uart.c 0x00000000   Number         0  uart.o ABSOLUTE
    startup_msp432p401r_uvision.s            0x00000000   Number         0  startup_msp432p401r_uvision.o ABSOLUTE
    .ARM.Collect$$$$00000000                 0x00000144   Section        0  entry.o(.ARM.Collect$$$$00000000)
    .ARM.Collect$$$$00000001                 0x00000144   Section        4  entry2.o(.ARM.Collect$$$$00000001)
    .ARM.Collect$$$$00000004                 0x00000148   Section        4  entry5.o(.ARM.Collect$$$$00000004)
    .ARM.Collect$$$$00000008                 0x0000014c   Section        0  entry7b.o(.ARM.Collect$$$$00000008)
    .ARM.Collect$$$$0000000A                 0x0000014c   Section        0  entry8b.o(.ARM.Collect$$$$0000000A)
    .ARM.Collect$$$$0000000B                 0x0000014c   Section        8  entry9a.o(.ARM.Collect$$$$0000000B)
    .ARM.Collect$$$$0000000E                 0x00000154   Section        4  entry12b.o(.ARM.Collect$$$$0000000E)
    .ARM.Collect$$$$0000000F                 0x00000158   Section        0  entry10a.o(.ARM.Collect$$$$0000000F)
    .ARM.Collect$$$$00000011                 0x00000158   Section        0  entry11a.o(.ARM.Collect$$$$00000011)
    .ARM.Collect$$$$00002712                 0x00000158   Section        4  entry2.o(.ARM.Collect$$$$00002712)
    __lit__00000000                          0x00000158   Data           4  entry2.o(.ARM.Collect$$$$00002712)
    .text                                    0x0000015c   Section       36  startup_msp432p401r_uvision.o(.text)
    $v0                                      0x0000015c   Number         0  startup_msp432p401r_uvision.o(.text)
    .text                                    0x00000180   Section        0  memcpya.o(.text)
    .text                                    0x000001a4   Section        0  memseta.o(.text)
    .text                                    0x000001c8   Section        0  dadd.o(.text)
    .text                                    0x00000316   Section        0  dmul.o(.text)
    .text                                    0x000003fa   Section        0  ddiv.o(.text)
    .text                                    0x000004d8   Section        0  dflti.o(.text)
    .text                                    0x000004fa   Section        0  dfltui.o(.text)
    .text                                    0x00000514   Section        0  dfixi.o(.text)
    .text                                    0x00000552   Section        0  dfixui.o(.text)
    .text                                    0x00000584   Section        0  f2d.o(.text)
    .text                                    0x000005aa   Section        0  d2f.o(.text)
    .text                                    0x000005e2   Section        0  uidiv.o(.text)
    .text                                    0x0000060e   Section        0  llshl.o(.text)
    .text                                    0x0000062c   Section        0  llushr.o(.text)
    .text                                    0x0000064c   Section        0  llsshr.o(.text)
    .text                                    0x00000670   Section        0  iusefp.o(.text)
    .text                                    0x00000670   Section        0  fepilogue.o(.text)
    .text                                    0x000006de   Section        0  depilogue.o(.text)
    .text                                    0x00000798   Section       36  init.o(.text)
    i.ADC14_IRQHandler                       0x000007bc   Section        0  adc.o(i.ADC14_IRQHandler)
    i.ADC14_getMultiSequenceResult           0x00000828   Section        0  adc14.o(i.ADC14_getMultiSequenceResult)
    i.CS_clearInterruptFlag                  0x00000854   Section        0  cs.o(i.CS_clearInterruptFlag)
    i.CS_getACLK                             0x00000878   Section        0  cs.o(i.CS_getACLK)
    i.CS_getDCOFrequency                     0x00000890   Section        0  cs.o(i.CS_getDCOFrequency)
    i.CS_getMCLK                             0x0000099c   Section        0  cs.o(i.CS_getMCLK)
    i.CS_getSMCLK                            0x000009b4   Section        0  cs.o(i.CS_getSMCLK)
    i.CS_setExternalClockSourceFrequency     0x000009cc   Section        0  cs.o(i.CS_setExternalClockSourceFrequency)
    i.CS_startHFXT                           0x000009d8   Section        0  cs.o(i.CS_startHFXT)
    i.CS_startHFXTWithTimeout                0x000009e0   Section        0  cs.o(i.CS_startHFXTWithTimeout)
    i.CS_startLFXT                           0x00000a80   Section        0  cs.o(i.CS_startLFXT)
    i.CS_startLFXTWithTimeout                0x00000a88   Section        0  cs.o(i.CS_startLFXTWithTimeout)
    i.GPIO_getInputPinValue                  0x00000b28   Section        0  gpio.o(i.GPIO_getInputPinValue)
    i.GPIO_interruptEdgeSelect               0x00000b3c   Section        0  gpio.o(i.GPIO_interruptEdgeSelect)
    i.GPIO_setAsInputPin                     0x00000b58   Section        0  gpio.o(i.GPIO_setAsInputPin)
    i.GPIO_setAsOutputPin                    0x00000b7c   Section        0  gpio.o(i.GPIO_setAsOutputPin)
    i.GPIO_setOutputHighOnPin                0x00000b9c   Section        0  gpio.o(i.GPIO_setOutputHighOnPin)
    i.GPIO_setOutputLowOnPin                 0x00000bb0   Section        0  gpio.o(i.GPIO_setOutputLowOnPin)
    i.I2C_SW_Configuration                   0x00000bc4   Section        0  oled.o(i.I2C_SW_Configuration)
    i.I2C_Start                              0x00000be8   Section        0  oled.o(i.I2C_Start)
    i.I2C_Stop                               0x00000c18   Section        0  oled.o(i.I2C_Stop)
    i.I2C_WaitAck                            0x00000c40   Section        0  oled.o(i.I2C_WaitAck)
    i.KEY_Init                               0x00000c68   Section        0  key.o(i.KEY_Init)
    i.LED_B_Off                              0x00000cc8   Section        0  led.o(i.LED_B_Off)
    i.LED_B_On                               0x00000cda   Section        0  led.o(i.LED_B_On)
    i.LED_C_On                               0x00000cec   Section        0  led.o(i.LED_C_On)
    i.LED_G_Off                              0x00000cfc   Section        0  led.o(i.LED_G_Off)
    i.LED_G_On                               0x00000d0e   Section        0  led.o(i.LED_G_On)
    i.LED_Init                               0x00000d20   Section        0  led.o(i.LED_Init)
    i.LED_P_On                               0x00000d50   Section        0  led.o(i.LED_P_On)
    i.LED_RED_Off                            0x00000d60   Section        0  led.o(i.LED_RED_Off)
    i.LED_RED_On                             0x00000d72   Section        0  led.o(i.LED_RED_On)
    i.LED_R_Off                              0x00000d84   Section        0  led.o(i.LED_R_Off)
    i.LED_R_On                               0x00000d96   Section        0  led.o(i.LED_R_On)
    i.LED_Show_Staus                         0x00000da8   Section        0  led.o(i.LED_Show_Staus)
    i.LED_W_On                               0x00000e14   Section        0  led.o(i.LED_W_On)
    i.LED_Y_On                               0x00000e24   Section        0  led.o(i.LED_Y_On)
    i.OLED_Clear                             0x00000e34   Section        0  oled.o(i.OLED_Clear)
    i.OLED_Init                              0x00000e74   Section        0  oled.o(i.OLED_Init)
    i.OLED_Set_Pos                           0x00000f60   Section        0  oled.o(i.OLED_Set_Pos)
    i.OLED_ShowChar                          0x00000f8c   Section        0  oled.o(i.OLED_ShowChar)
    i.OLED_ShowString                        0x00001060   Section        0  oled.o(i.OLED_ShowString)
    i.OLED_WR_Byte                           0x000010a2   Section        0  oled.o(i.OLED_WR_Byte)
    i.PID_calc                               0x000010dc   Section        0  pid.o(i.PID_calc)
    i.PID_init                               0x000012cc   Section        0  pid.o(i.PID_init)
    i.PORT1_IRQHandler                       0x0000132c   Section        0  main.o(i.PORT1_IRQHandler)
    i.PORT4_IRQHandler                       0x000013a8   Section        0  collide_key.o(i.PORT4_IRQHandler)
    i.Send_Byte                              0x00001494   Section        0  oled.o(i.Send_Byte)
    i.SysCtl_A_disableNMISource              0x000014ec   Section        0  sysctl_a.o(i.SysCtl_A_disableNMISource)
    i.SysCtl_A_enableNMISource               0x000014fc   Section        0  sysctl_a.o(i.SysCtl_A_enableNMISource)
    i.SysCtl_A_getNMISourceStatus            0x0000150c   Section        0  sysctl_a.o(i.SysCtl_A_getNMISourceStatus)
    i.SysCtl_A_getTLVInfo                    0x0000151c   Section        0  sysctl_a.o(i.SysCtl_A_getTLVInfo)
    i.SysInit                                0x00001564   Section        0  sysinit.o(i.SysInit)
    i.SystemInit                             0x000015f8   Section        0  system_msp432p401r.o(i.SystemInit)
    i.T32_INT1_IRQHandler                    0x00001664   Section        0  tim32.o(i.T32_INT1_IRQHandler)
    i.T32_INT2_IRQHandler                    0x0000167c   Section        0  tim32.o(i.T32_INT2_IRQHandler)
    i.TA0_0_IRQHandler                       0x00001694   Section        0  tima.o(i.TA0_0_IRQHandler)
    i.TA2_0_IRQHandler                       0x000016b8   Section        0  motor.o(i.TA2_0_IRQHandler)
    i.TA2_N_IRQHandler                       0x00001778   Section        0  tima.o(i.TA2_N_IRQHandler)
    i.TA3_0_IRQHandler                       0x00001864   Section        0  motor.o(i.TA3_0_IRQHandler)
    i.TA3_N_IRQHandler                       0x000018c8   Section        0  motor.o(i.TA3_N_IRQHandler)
    i.TimA2_Int_Init                         0x0000192c   Section        0  motor.o(i.TimA2_Int_Init)
    TimA2_Int_Init                           0x0000192d   Thumb Code    84  motor.o(i.TimA2_Int_Init)
    i.Timer_A_getCaptureCompareCount         0x00001988   Section        0  timer_a.o(i.Timer_A_getCaptureCompareCount)
    i.UART_initModule                        0x00001998   Section        0  uart.o(i.UART_initModule)
    i.UART_transmitData                      0x00001a2a   Section        0  uart.o(i.UART_transmitData)
    i._CSComputeCLKFrequency                 0x00001a40   Section        0  cs.o(i._CSComputeCLKFrequency)
    _CSComputeCLKFrequency                   0x00001a41   Thumb Code   176  cs.o(i._CSComputeCLKFrequency)
    i._CSGetHFXTFrequency                    0x00001b00   Section        0  cs.o(i._CSGetHFXTFrequency)
    _CSGetHFXTFrequency                      0x00001b01   Thumb Code   106  cs.o(i._CSGetHFXTFrequency)
    i.__0printf$1                            0x00001b98   Section        0  printf1.o(i.__0printf$1)
    i.__scatterload_copy                     0x00001bb8   Section       14  handlers.o(i.__scatterload_copy)
    i.__scatterload_null                     0x00001bc6   Section        2  handlers.o(i.__scatterload_null)
    i.__scatterload_zeroinit                 0x00001bc8   Section       14  handlers.o(i.__scatterload_zeroinit)
    i._printf_core                           0x00001bd8   Section        0  printf1.o(i._printf_core)
    _printf_core                             0x00001bd9   Thumb Code   336  printf1.o(i._printf_core)
    i.auto_cross_init                        0x00001d2c   Section        0  auto_cross.o(i.auto_cross_init)
    i.auto_cross_loop                        0x00001d94   Section        0  auto_cross.o(i.auto_cross_loop)
    i.bitPosition                            0x00001da4   Section        0  baudrate_calculate.o(i.bitPosition)
    i.car_back_straight                      0x00001db8   Section        0  motor.o(i.car_back_straight)
    i.car_go_straight                        0x00001dfc   Section        0  motor.o(i.car_go_straight)
    i.car_stop                               0x00001e40   Section        0  motor.o(i.car_stop)
    i.car_turn_l_90_degree                   0x00001e58   Section        0  motor.o(i.car_turn_l_90_degree)
    i.car_turn_r_90_degree                   0x00001e9c   Section        0  motor.o(i.car_turn_r_90_degree)
    i.coder_init                             0x00001ee0   Section        0  motor.o(i.coder_init)
    coder_init                               0x00001ee1   Thumb Code   200  motor.o(i.coder_init)
    i.collide_key_init                       0x00001fb4   Section        0  collide_key.o(i.collide_key_init)
    i.delay_init                             0x000020ac   Section        0  delay.o(i.delay_init)
    i.delay_ms                               0x000020d8   Section        0  delay.o(i.delay_ms)
    i.delay_us                               0x000020f0   Section        0  delay.o(i.delay_us)
    i.eusci_calcBaudDividers                 0x0000213c   Section        0  baudrate_calculate.o(i.eusci_calcBaudDividers)
    i.follow_line_init                       0x000022a4   Section        0  follow_line.o(i.follow_line_init)
    i.follow_line_loop                       0x00002308   Section        0  follow_line.o(i.follow_line_loop)
    i.fputc                                  0x00002318   Section        0  usart.o(i.fputc)
    i.fsm_init                               0x00002330   Section        0  fsm.o(i.fsm_init)
    i.fsm_loop                               0x0000237c   Section        0  fsm.o(i.fsm_loop)
    i.fsm_set_speed                          0x00002438   Section        0  fsm.o(i.fsm_set_speed)
    fsm_set_speed                            0x00002439   Thumb Code    10  fsm.o(i.fsm_set_speed)
    i.get_auto_cross_info                    0x00002448   Section        0  auto_cross.o(i.get_auto_cross_info)
    i.get_bit_num                            0x00002450   Section        0  follow_line.o(i.get_bit_num)
    get_bit_num                              0x00002451   Thumb Code    32  follow_line.o(i.get_bit_num)
    i.get_bit_num                            0x00002470   Section        0  labyrinth.o(i.get_bit_num)
    get_bit_num                              0x00002471   Thumb Code    32  labyrinth.o(i.get_bit_num)
    i.get_collide_key_status                 0x00002490   Section        0  collide_key.o(i.get_collide_key_status)
    i.get_follow_line_info                   0x000024a0   Section        0  follow_line.o(i.get_follow_line_info)
    i.get_labyrinth_info                     0x000024a8   Section        0  labyrinth.o(i.get_labyrinth_info)
    i.get_motor_info                         0x000024b0   Section        0  motor.o(i.get_motor_info)
    i.infrared_sensor_read                   0x000024b8   Section        0  infrared_led.o(i.infrared_sensor_read)
    i.key_delay                              0x00002504   Section        0  main.o(i.key_delay)
    i.key_delay                              0x0000252e   Section        0  collide_key.o(i.key_delay)
    key_delay                                0x0000252f   Thumb Code    42  collide_key.o(i.key_delay)
    i.labyrinth_init                         0x00002558   Section        0  labyrinth.o(i.labyrinth_init)
    i.labyrinth_loop                         0x000025c4   Section        0  labyrinth.o(i.labyrinth_loop)
    i.main                                   0x000025d4   Section        0  main.o(i.main)
    i.motor_distance_loop                    0x0000263c   Section        0  motor.o(i.motor_distance_loop)
    motor_distance_loop                      0x0000263d   Thumb Code   214  motor.o(i.motor_distance_loop)
    i.motor_init                             0x00002728   Section        0  motor.o(i.motor_init)
    i.motor_pwm_init                         0x00002770   Section        0  motor.o(i.motor_pwm_init)
    motor_pwm_init                           0x00002771   Thumb Code   106  motor.o(i.motor_pwm_init)
    i.motor_set_speed                        0x000027e0   Section        0  motor.o(i.motor_set_speed)
    i.set_auto_cross_wd                      0x00002874   Section        0  auto_cross.o(i.set_auto_cross_wd)
    set_auto_cross_wd                        0x00002875   Thumb Code    42  auto_cross.o(i.set_auto_cross_wd)
    i.set_auto_cross_wheel_pwm               0x000028a4   Section        0  auto_cross.o(i.set_auto_cross_wheel_pwm)
    set_auto_cross_wheel_pwm                 0x000028a5   Thumb Code   176  auto_cross.o(i.set_auto_cross_wheel_pwm)
    i.set_auto_cross_wheel_speed             0x00002968   Section        0  auto_cross.o(i.set_auto_cross_wheel_speed)
    set_auto_cross_wheel_speed               0x00002969   Thumb Code   146  auto_cross.o(i.set_auto_cross_wheel_speed)
    i.set_follow_line_wd                     0x00002a04   Section        0  follow_line.o(i.set_follow_line_wd)
    set_follow_line_wd                       0x00002a05   Thumb Code   104  follow_line.o(i.set_follow_line_wd)
    i.set_follow_line_wheel_pwm              0x00002a70   Section        0  follow_line.o(i.set_follow_line_wheel_pwm)
    set_follow_line_wheel_pwm                0x00002a71   Thumb Code   176  follow_line.o(i.set_follow_line_wheel_pwm)
    i.set_follow_line_wheel_speed            0x00002b34   Section        0  follow_line.o(i.set_follow_line_wheel_speed)
    set_follow_line_wheel_speed              0x00002b35   Thumb Code   128  follow_line.o(i.set_follow_line_wheel_speed)
    i.set_labyrinth_wd                       0x00002bc0   Section        0  labyrinth.o(i.set_labyrinth_wd)
    set_labyrinth_wd                         0x00002bc1   Thumb Code   104  labyrinth.o(i.set_labyrinth_wd)
    i.set_labyrinth_wheel_pwm                0x00002c2c   Section        0  labyrinth.o(i.set_labyrinth_wheel_pwm)
    set_labyrinth_wheel_pwm                  0x00002c2d   Thumb Code   176  labyrinth.o(i.set_labyrinth_wheel_pwm)
    i.set_labyrinth_wheel_speed              0x00002cf0   Section        0  labyrinth.o(i.set_labyrinth_wheel_speed)
    set_labyrinth_wheel_speed                0x00002cf1   Thumb Code   382  labyrinth.o(i.set_labyrinth_wheel_speed)
    i.uart_init                              0x00002e8c   Section        0  usart.o(i.uart_init)
    .constdata                               0x00002ed8   Section     2314  oled.o(.constdata)
    .constdata                               0x000037e4   Section       40  usart.o(.constdata)
    .constdata                               0x0000380c   Section       80  motor.o(.constdata)
    .constdata                               0x0000385c   Section       76  gpio.o(.constdata)
    GPIO_PORT_TO_INT                         0x0000385c   Data          28  gpio.o(.constdata)
    GPIO_PORT_TO_BASE                        0x00003878   Data          48  gpio.o(.constdata)
    .data                                    0x20000000   Section       16  main.o(.data)
    press_count                              0x2000000c   Data           4  main.o(.data)
    .data                                    0x20000010   Section        4  adc.o(.data)
    resultsBuffer                            0x20000010   Data           4  adc.o(.data)
    .data                                    0x20000014   Section        4  tima.o(.data)
    .data                                    0x20000018   Section        4  usart.o(.data)
    .data                                    0x2000001c   Section        1  delay.o(.data)
    fac_us                                   0x2000001c   Data           1  delay.o(.data)
    .data                                    0x20000020   Section        8  motor.o(.data)
    pre_turns                                0x20000020   Data           8  motor.o(.data)
    .data                                    0x20000028   Section        1  collide_key.o(.data)
    .data                                    0x2000002c   Section       24  follow_line.o(.data)
    .data                                    0x20000044   Section       25  labyrinth.o(.data)
    left_flag                                0x2000005c   Data           1  labyrinth.o(.data)
    .data                                    0x20000060   Section       25  auto_cross.o(.data)
    flag                                     0x20000078   Data           1  auto_cross.o(.data)
    .data                                    0x2000007c   Section        8  cs.o(.data)
    hfxtFreq                                 0x2000007c   Data           4  cs.o(.data)
    lfxtFreq                                 0x20000080   Data           4  cs.o(.data)
    .bss                                     0x20000084   Section       40  motor.o(.bss)
    .bss                                     0x200000ac   Section      176  follow_line.o(.bss)
    .bss                                     0x2000015c   Section       28  fsm.o(.bss)
    .bss                                     0x20000178   Section      176  labyrinth.o(.bss)
    .bss                                     0x20000228   Section      172  auto_cross.o(.bss)
    STACK                                    0x200002d8   Section      512  startup_msp432p401r_uvision.o(STACK)

    Global Symbols

    Symbol Name                              Value     Ov Type        Size  Object(Section)

    BuildAttributes$$THM_ISAv4$E$P$D$K$B$S$7EM$VFPi3$EXTD16$VFPS$VFMA$PE$A:L22UL41UL21$X:L11$S22US41US21$IEEE1$IW$USESV6$~STKCKD$USESV7$~SHL$OTIME$ROPI$EBA8$MICROLIB$REQ8$PRES8$EABIv2 0x00000000   Number         0  anon$$obj.o ABSOLUTE
    __ARM_use_no_argv                        0x00000000   Number         0  main.o ABSOLUTE
    __Vectors                                0x00000000   Data           4  startup_msp432p401r_uvision.o(RESET)
    __use_no_errno                           0x00000000   Number         0  useno.o ABSOLUTE
    __use_no_exception_handling              0x00000000   Number         0  useno.o ABSOLUTE
    __use_no_fp                              0x00000000   Number         0  useno.o ABSOLUTE
    __use_no_heap                            0x00000000   Number         0  useno.o ABSOLUTE
    __use_no_heap_region                     0x00000000   Number         0  useno.o ABSOLUTE
    __use_no_semihosting                     0x00000000   Number         0  useno.o ABSOLUTE
    __use_no_semihosting_swi                 0x00000000   Number         0  useno.o ABSOLUTE
    __use_no_signal_handling                 0x00000000   Number         0  useno.o ABSOLUTE
    _printf_a                                0x00000000   Number         0  stubs.o ABSOLUTE
    _printf_c                                0x00000000   Number         0  stubs.o ABSOLUTE
    _printf_charcount                        0x00000000   Number         0  stubs.o ABSOLUTE
    _printf_d                                0x00000000   Number         0  stubs.o ABSOLUTE
    _printf_e                                0x00000000   Number         0  stubs.o ABSOLUTE
    _printf_f                                0x00000000   Number         0  stubs.o ABSOLUTE
    _printf_flags                            0x00000000   Number         0  stubs.o ABSOLUTE
    _printf_fp_dec                           0x00000000   Number         0  stubs.o ABSOLUTE
    _printf_fp_hex                           0x00000000   Number         0  stubs.o ABSOLUTE
    _printf_g                                0x00000000   Number         0  stubs.o ABSOLUTE
    _printf_i                                0x00000000   Number         0  stubs.o ABSOLUTE
    _printf_int_dec                          0x00000000   Number         0  stubs.o ABSOLUTE
    _printf_l                                0x00000000   Number         0  stubs.o ABSOLUTE
    _printf_lc                               0x00000000   Number         0  stubs.o ABSOLUTE
    _printf_ll                               0x00000000   Number         0  stubs.o ABSOLUTE
    _printf_lld                              0x00000000   Number         0  stubs.o ABSOLUTE
    _printf_lli                              0x00000000   Number         0  stubs.o ABSOLUTE
    _printf_llo                              0x00000000   Number         0  stubs.o ABSOLUTE
    _printf_llu                              0x00000000   Number         0  stubs.o ABSOLUTE
    _printf_llx                              0x00000000   Number         0  stubs.o ABSOLUTE
    _printf_longlong_dec                     0x00000000   Number         0  stubs.o ABSOLUTE
    _printf_longlong_hex                     0x00000000   Number         0  stubs.o ABSOLUTE
    _printf_longlong_oct                     0x00000000   Number         0  stubs.o ABSOLUTE
    _printf_ls                               0x00000000   Number         0  stubs.o ABSOLUTE
    _printf_mbtowc                           0x00000000   Number         0  stubs.o ABSOLUTE
    _printf_n                                0x00000000   Number         0  stubs.o ABSOLUTE
    _printf_o                                0x00000000   Number         0  stubs.o ABSOLUTE
    _printf_p                                0x00000000   Number         0  stubs.o ABSOLUTE
    _printf_percent                          0x00000000   Number         0  stubs.o ABSOLUTE
    _printf_pre_padding                      0x00000000   Number         0  stubs.o ABSOLUTE
    _printf_return_value                     0x00000000   Number         0  stubs.o ABSOLUTE
    _printf_s                                0x00000000   Number         0  stubs.o ABSOLUTE
    _printf_sizespec                         0x00000000   Number         0  stubs.o ABSOLUTE
    _printf_str                              0x00000000   Number         0  stubs.o ABSOLUTE
    _printf_truncate_signed                  0x00000000   Number         0  stubs.o ABSOLUTE
    _printf_truncate_unsigned                0x00000000   Number         0  stubs.o ABSOLUTE
    _printf_u                                0x00000000   Number         0  stubs.o ABSOLUTE
    _printf_wc                               0x00000000   Number         0  stubs.o ABSOLUTE
    _printf_wctomb                           0x00000000   Number         0  stubs.o ABSOLUTE
    _printf_widthprec                        0x00000000   Number         0  stubs.o ABSOLUTE
    _printf_x                                0x00000000   Number         0  stubs.o ABSOLUTE
    __arm_fini_                               - Undefined Weak Reference
    __cpp_initialize__aeabi_                  - Undefined Weak Reference
    __cxa_finalize                            - Undefined Weak Reference
    __decompress                              - Undefined Weak Reference
    _clock_init                               - Undefined Weak Reference
    _microlib_exit                            - Undefined Weak Reference
    __Vectors_End                            0x00000144   Data           0  startup_msp432p401r_uvision.o(RESET)
    __Vectors_Size                           0x00000144   Number         0  startup_msp432p401r_uvision.o ABSOLUTE
    __main                                   0x00000145   Thumb Code     0  entry.o(.ARM.Collect$$$$00000000)
    _main_stk                                0x00000145   Thumb Code     0  entry2.o(.ARM.Collect$$$$00000001)
    _main_scatterload                        0x00000149   Thumb Code     0  entry5.o(.ARM.Collect$$$$00000004)
    __main_after_scatterload                 0x0000014d   Thumb Code     0  entry5.o(.ARM.Collect$$$$00000004)
    _main_clock                              0x0000014d   Thumb Code     0  entry7b.o(.ARM.Collect$$$$00000008)
    _main_cpp_init                           0x0000014d   Thumb Code     0  entry8b.o(.ARM.Collect$$$$0000000A)
    _main_init                               0x0000014d   Thumb Code     0  entry9a.o(.ARM.Collect$$$$0000000B)
    __rt_lib_shutdown_fini                   0x00000155   Thumb Code     0  entry12b.o(.ARM.Collect$$$$0000000E)
    __rt_final_cpp                           0x00000159   Thumb Code     0  entry10a.o(.ARM.Collect$$$$0000000F)
    __rt_final_exit                          0x00000159   Thumb Code     0  entry11a.o(.ARM.Collect$$$$00000011)
    Reset_Handler                            0x0000015d   Thumb Code     8  startup_msp432p401r_uvision.o(.text)
    NMI_Handler                              0x00000165   Thumb Code     2  startup_msp432p401r_uvision.o(.text)
    HardFault_Handler                        0x00000167   Thumb Code     2  startup_msp432p401r_uvision.o(.text)
    MemManage_Handler                        0x00000169   Thumb Code     2  startup_msp432p401r_uvision.o(.text)
    BusFault_Handler                         0x0000016b   Thumb Code     2  startup_msp432p401r_uvision.o(.text)
    UsageFault_Handler                       0x0000016d   Thumb Code     2  startup_msp432p401r_uvision.o(.text)
    SVC_Handler                              0x0000016f   Thumb Code     2  startup_msp432p401r_uvision.o(.text)
    DebugMon_Handler                         0x00000171   Thumb Code     2  startup_msp432p401r_uvision.o(.text)
    PendSV_Handler                           0x00000173   Thumb Code     2  startup_msp432p401r_uvision.o(.text)
    SysTick_Handler                          0x00000175   Thumb Code     2  startup_msp432p401r_uvision.o(.text)
    AES256_IRQHandler                        0x00000177   Thumb Code     0  startup_msp432p401r_uvision.o(.text)
    COMP_E0_IRQHandler                       0x00000177   Thumb Code     0  startup_msp432p401r_uvision.o(.text)
    COMP_E1_IRQHandler                       0x00000177   Thumb Code     0  startup_msp432p401r_uvision.o(.text)
    CS_IRQHandler                            0x00000177   Thumb Code     0  startup_msp432p401r_uvision.o(.text)
    DMA_ERR_IRQHandler                       0x00000177   Thumb Code     0  startup_msp432p401r_uvision.o(.text)
    DMA_INT0_IRQHandler                      0x00000177   Thumb Code     0  startup_msp432p401r_uvision.o(.text)
    DMA_INT1_IRQHandler                      0x00000177   Thumb Code     0  startup_msp432p401r_uvision.o(.text)
    DMA_INT2_IRQHandler                      0x00000177   Thumb Code     0  startup_msp432p401r_uvision.o(.text)
    DMA_INT3_IRQHandler                      0x00000177   Thumb Code     0  startup_msp432p401r_uvision.o(.text)
    EUSCIA0_IRQHandler                       0x00000177   Thumb Code     0  startup_msp432p401r_uvision.o(.text)
    EUSCIA1_IRQHandler                       0x00000177   Thumb Code     0  startup_msp432p401r_uvision.o(.text)
    EUSCIA2_IRQHandler                       0x00000177   Thumb Code     0  startup_msp432p401r_uvision.o(.text)
    EUSCIA3_IRQHandler                       0x00000177   Thumb Code     0  startup_msp432p401r_uvision.o(.text)
    EUSCIB0_IRQHandler                       0x00000177   Thumb Code     0  startup_msp432p401r_uvision.o(.text)
    EUSCIB1_IRQHandler                       0x00000177   Thumb Code     0  startup_msp432p401r_uvision.o(.text)
    EUSCIB2_IRQHandler                       0x00000177   Thumb Code     0  startup_msp432p401r_uvision.o(.text)
    EUSCIB3_IRQHandler                       0x00000177   Thumb Code     0  startup_msp432p401r_uvision.o(.text)
    FLCTL_IRQHandler                         0x00000177   Thumb Code     0  startup_msp432p401r_uvision.o(.text)
    FPU_IRQHandler                           0x00000177   Thumb Code     0  startup_msp432p401r_uvision.o(.text)
    PCM_IRQHandler                           0x00000177   Thumb Code     0  startup_msp432p401r_uvision.o(.text)
    PORT2_IRQHandler                         0x00000177   Thumb Code     0  startup_msp432p401r_uvision.o(.text)
    PORT3_IRQHandler                         0x00000177   Thumb Code     0  startup_msp432p401r_uvision.o(.text)
    PORT5_IRQHandler                         0x00000177   Thumb Code     0  startup_msp432p401r_uvision.o(.text)
    PORT6_IRQHandler                         0x00000177   Thumb Code     0  startup_msp432p401r_uvision.o(.text)
    PSS_IRQHandler                           0x00000177   Thumb Code     0  startup_msp432p401r_uvision.o(.text)
    RTC_C_IRQHandler                         0x00000177   Thumb Code     0  startup_msp432p401r_uvision.o(.text)
    T32_INTC_IRQHandler                      0x00000177   Thumb Code     0  startup_msp432p401r_uvision.o(.text)
    TA0_N_IRQHandler                         0x00000177   Thumb Code     0  startup_msp432p401r_uvision.o(.text)
    TA1_0_IRQHandler                         0x00000177   Thumb Code     0  startup_msp432p401r_uvision.o(.text)
    TA1_N_IRQHandler                         0x00000177   Thumb Code     0  startup_msp432p401r_uvision.o(.text)
    WDT_A_IRQHandler                         0x00000177   Thumb Code     0  startup_msp432p401r_uvision.o(.text)
    __aeabi_memcpy                           0x00000181   Thumb Code    36  memcpya.o(.text)
    __aeabi_memcpy4                          0x00000181   Thumb Code     0  memcpya.o(.text)
    __aeabi_memcpy8                          0x00000181   Thumb Code     0  memcpya.o(.text)
    __aeabi_memset                           0x000001a5   Thumb Code    14  memseta.o(.text)
    __aeabi_memset4                          0x000001a5   Thumb Code     0  memseta.o(.text)
    __aeabi_memset8                          0x000001a5   Thumb Code     0  memseta.o(.text)
    __aeabi_memclr                           0x000001b3   Thumb Code     4  memseta.o(.text)
    __aeabi_memclr4                          0x000001b3   Thumb Code     0  memseta.o(.text)
    __aeabi_memclr8                          0x000001b3   Thumb Code     0  memseta.o(.text)
    _memset$wrapper                          0x000001b7   Thumb Code    18  memseta.o(.text)
    __aeabi_dadd                             0x000001c9   Thumb Code   322  dadd.o(.text)
    __aeabi_dsub                             0x0000030b   Thumb Code     6  dadd.o(.text)
    __aeabi_drsub                            0x00000311   Thumb Code     6  dadd.o(.text)
    __aeabi_dmul                             0x00000317   Thumb Code   228  dmul.o(.text)
    __aeabi_ddiv                             0x000003fb   Thumb Code   222  ddiv.o(.text)
    __aeabi_i2d                              0x000004d9   Thumb Code    34  dflti.o(.text)
    __aeabi_ui2d                             0x000004fb   Thumb Code    26  dfltui.o(.text)
    __aeabi_d2iz                             0x00000515   Thumb Code    62  dfixi.o(.text)
    __aeabi_d2uiz                            0x00000553   Thumb Code    50  dfixui.o(.text)
    __aeabi_f2d                              0x00000585   Thumb Code    38  f2d.o(.text)
    __aeabi_d2f                              0x000005ab   Thumb Code    56  d2f.o(.text)
    __aeabi_uidiv                            0x000005e3   Thumb Code     0  uidiv.o(.text)
    __aeabi_uidivmod                         0x000005e3   Thumb Code    44  uidiv.o(.text)
    __aeabi_llsl                             0x0000060f   Thumb Code    30  llshl.o(.text)
    _ll_shift_l                              0x0000060f   Thumb Code     0  llshl.o(.text)
    __aeabi_llsr                             0x0000062d   Thumb Code    32  llushr.o(.text)
    _ll_ushift_r                             0x0000062d   Thumb Code     0  llushr.o(.text)
    __aeabi_lasr                             0x0000064d   Thumb Code    36  llsshr.o(.text)
    _ll_sshift_r                             0x0000064d   Thumb Code     0  llsshr.o(.text)
    __I$use$fp                               0x00000671   Thumb Code     0  iusefp.o(.text)
    _float_round                             0x00000671   Thumb Code    18  fepilogue.o(.text)
    _float_epilogue                          0x00000683   Thumb Code    92  fepilogue.o(.text)
    _double_round                            0x000006df   Thumb Code    30  depilogue.o(.text)
    _double_epilogue                         0x000006fd   Thumb Code   156  depilogue.o(.text)
    __scatterload                            0x00000799   Thumb Code    28  init.o(.text)
    __scatterload_rt2                        0x00000799   Thumb Code     0  init.o(.text)
    ADC14_IRQHandler                         0x000007bd   Thumb Code    84  adc.o(i.ADC14_IRQHandler)
    ADC14_getMultiSequenceResult             0x00000829   Thumb Code    38  adc14.o(i.ADC14_getMultiSequenceResult)
    CS_clearInterruptFlag                    0x00000855   Thumb Code    26  cs.o(i.CS_clearInterruptFlag)
    CS_getACLK                               0x00000879   Thumb Code    20  cs.o(i.CS_getACLK)
    CS_getDCOFrequency                       0x00000891   Thumb Code   234  cs.o(i.CS_getDCOFrequency)
    CS_getMCLK                               0x0000099d   Thumb Code    20  cs.o(i.CS_getMCLK)
    CS_getSMCLK                              0x000009b5   Thumb Code    18  cs.o(i.CS_getSMCLK)
    CS_setExternalClockSourceFrequency       0x000009cd   Thumb Code     8  cs.o(i.CS_setExternalClockSourceFrequency)
    CS_startHFXT                             0x000009d9   Thumb Code     6  cs.o(i.CS_startHFXT)
    CS_startHFXTWithTimeout                  0x000009e1   Thumb Code   144  cs.o(i.CS_startHFXTWithTimeout)
    CS_startLFXT                             0x00000a81   Thumb Code     6  cs.o(i.CS_startLFXT)
    CS_startLFXTWithTimeout                  0x00000a89   Thumb Code   144  cs.o(i.CS_startLFXTWithTimeout)
    GPIO_getInputPinValue                    0x00000b29   Thumb Code    16  gpio.o(i.GPIO_getInputPinValue)
    GPIO_interruptEdgeSelect                 0x00000b3d   Thumb Code    22  gpio.o(i.GPIO_interruptEdgeSelect)
    GPIO_setAsInputPin                       0x00000b59   Thumb Code    32  gpio.o(i.GPIO_setAsInputPin)
    GPIO_setAsOutputPin                      0x00000b7d   Thumb Code    26  gpio.o(i.GPIO_setAsOutputPin)
    GPIO_setOutputHighOnPin                  0x00000b9d   Thumb Code    14  gpio.o(i.GPIO_setOutputHighOnPin)
    GPIO_setOutputLowOnPin                   0x00000bb1   Thumb Code    14  gpio.o(i.GPIO_setOutputLowOnPin)
    I2C_SW_Configuration                     0x00000bc5   Thumb Code    32  oled.o(i.I2C_SW_Configuration)
    I2C_Start                                0x00000be9   Thumb Code    44  oled.o(i.I2C_Start)
    I2C_Stop                                 0x00000c19   Thumb Code    34  oled.o(i.I2C_Stop)
    I2C_WaitAck                              0x00000c41   Thumb Code    34  oled.o(i.I2C_WaitAck)
    KEY_Init                                 0x00000c69   Thumb Code    92  key.o(i.KEY_Init)
    LED_B_Off                                0x00000cc9   Thumb Code    18  led.o(i.LED_B_Off)
    LED_B_On                                 0x00000cdb   Thumb Code    18  led.o(i.LED_B_On)
    LED_C_On                                 0x00000ced   Thumb Code    16  led.o(i.LED_C_On)
    LED_G_Off                                0x00000cfd   Thumb Code    18  led.o(i.LED_G_Off)
    LED_G_On                                 0x00000d0f   Thumb Code    18  led.o(i.LED_G_On)
    LED_Init                                 0x00000d21   Thumb Code    44  led.o(i.LED_Init)
    LED_P_On                                 0x00000d51   Thumb Code    16  led.o(i.LED_P_On)
    LED_RED_Off                              0x00000d61   Thumb Code    18  led.o(i.LED_RED_Off)
    LED_RED_On                               0x00000d73   Thumb Code    18  led.o(i.LED_RED_On)
    LED_R_Off                                0x00000d85   Thumb Code    18  led.o(i.LED_R_Off)
    LED_R_On                                 0x00000d97   Thumb Code    18  led.o(i.LED_R_On)
    LED_Show_Staus                           0x00000da9   Thumb Code   108  led.o(i.LED_Show_Staus)
    LED_W_On                                 0x00000e15   Thumb Code    16  led.o(i.LED_W_On)
    LED_Y_On                                 0x00000e25   Thumb Code    16  led.o(i.LED_Y_On)
    OLED_Clear                               0x00000e35   Thumb Code    64  oled.o(i.OLED_Clear)
    OLED_Init                                0x00000e75   Thumb Code   236  oled.o(i.OLED_Init)
    OLED_Set_Pos                             0x00000f61   Thumb Code    42  oled.o(i.OLED_Set_Pos)
    OLED_ShowChar                            0x00000f8d   Thumb Code   204  oled.o(i.OLED_ShowChar)
    OLED_ShowString                          0x00001061   Thumb Code    66  oled.o(i.OLED_ShowString)
    OLED_WR_Byte                             0x000010a3   Thumb Code    56  oled.o(i.OLED_WR_Byte)
    PID_calc                                 0x000010dd   Thumb Code   492  pid.o(i.PID_calc)
    PID_init                                 0x000012cd   Thumb Code    92  pid.o(i.PID_init)
    PORT1_IRQHandler                         0x0000132d   Thumb Code   110  main.o(i.PORT1_IRQHandler)
    PORT4_IRQHandler                         0x000013a9   Thumb Code   226  collide_key.o(i.PORT4_IRQHandler)
    Send_Byte                                0x00001495   Thumb Code    82  oled.o(i.Send_Byte)
    SysCtl_A_disableNMISource                0x000014ed   Thumb Code    10  sysctl_a.o(i.SysCtl_A_disableNMISource)
    SysCtl_A_enableNMISource                 0x000014fd   Thumb Code    10  sysctl_a.o(i.SysCtl_A_enableNMISource)
    SysCtl_A_getNMISourceStatus              0x0000150d   Thumb Code    10  sysctl_a.o(i.SysCtl_A_getNMISourceStatus)
    SysCtl_A_getTLVInfo                      0x0000151d   Thumb Code    64  sysctl_a.o(i.SysCtl_A_getTLVInfo)
    SysInit                                  0x00001565   Thumb Code   134  sysinit.o(i.SysInit)
    SystemInit                               0x000015f9   Thumb Code    86  system_msp432p401r.o(i.SystemInit)
    T32_INT1_IRQHandler                      0x00001665   Thumb Code    14  tim32.o(i.T32_INT1_IRQHandler)
    T32_INT2_IRQHandler                      0x0000167d   Thumb Code    14  tim32.o(i.T32_INT2_IRQHandler)
    TA0_0_IRQHandler                         0x00001695   Thumb Code    30  tima.o(i.TA0_0_IRQHandler)
    TA2_0_IRQHandler                         0x000016b9   Thumb Code   160  motor.o(i.TA2_0_IRQHandler)
    TA2_N_IRQHandler                         0x00001779   Thumb Code   218  tima.o(i.TA2_N_IRQHandler)
    TA3_0_IRQHandler                         0x00001865   Thumb Code    88  motor.o(i.TA3_0_IRQHandler)
    TA3_N_IRQHandler                         0x000018c9   Thumb Code    88  motor.o(i.TA3_N_IRQHandler)
    Timer_A_getCaptureCompareCount           0x00001989   Thumb Code    16  timer_a.o(i.Timer_A_getCaptureCompareCount)
    UART_initModule                          0x00001999   Thumb Code   146  uart.o(i.UART_initModule)
    UART_transmitData                        0x00001a2b   Thumb Code    22  uart.o(i.UART_transmitData)
    __0printf$1                              0x00001b99   Thumb Code    22  printf1.o(i.__0printf$1)
    __1printf$1                              0x00001b99   Thumb Code     0  printf1.o(i.__0printf$1)
    __2printf                                0x00001b99   Thumb Code     0  printf1.o(i.__0printf$1)
    __scatterload_copy                       0x00001bb9   Thumb Code    14  handlers.o(i.__scatterload_copy)
    __scatterload_null                       0x00001bc7   Thumb Code     2  handlers.o(i.__scatterload_null)
    __scatterload_zeroinit                   0x00001bc9   Thumb Code    14  handlers.o(i.__scatterload_zeroinit)
    auto_cross_init                          0x00001d2d   Thumb Code    84  auto_cross.o(i.auto_cross_init)
    auto_cross_loop                          0x00001d95   Thumb Code    16  auto_cross.o(i.auto_cross_loop)
    bitPosition                              0x00001da5   Thumb Code    18  baudrate_calculate.o(i.bitPosition)
    car_back_straight                        0x00001db9   Thumb Code    58  motor.o(i.car_back_straight)
    car_go_straight                          0x00001dfd   Thumb Code    58  motor.o(i.car_go_straight)
    car_stop                                 0x00001e41   Thumb Code    22  motor.o(i.car_stop)
    car_turn_l_90_degree                     0x00001e59   Thumb Code    58  motor.o(i.car_turn_l_90_degree)
    car_turn_r_90_degree                     0x00001e9d   Thumb Code    58  motor.o(i.car_turn_r_90_degree)
    collide_key_init                         0x00001fb5   Thumb Code   244  collide_key.o(i.collide_key_init)
    delay_init                               0x000020ad   Thumb Code    34  delay.o(i.delay_init)
    delay_ms                                 0x000020d9   Thumb Code    22  delay.o(i.delay_ms)
    delay_us                                 0x000020f1   Thumb Code    72  delay.o(i.delay_us)
    eusci_calcBaudDividers                   0x0000213d   Thumb Code   348  baudrate_calculate.o(i.eusci_calcBaudDividers)
    follow_line_init                         0x000022a5   Thumb Code    80  follow_line.o(i.follow_line_init)
    follow_line_loop                         0x00002309   Thumb Code    16  follow_line.o(i.follow_line_loop)
    fputc                                    0x00002319   Thumb Code    18  usart.o(i.fputc)
    fsm_init                                 0x00002331   Thumb Code    70  fsm.o(i.fsm_init)
    fsm_loop                                 0x0000237d   Thumb Code   184  fsm.o(i.fsm_loop)
    get_auto_cross_info                      0x00002449   Thumb Code     4  auto_cross.o(i.get_auto_cross_info)
    get_collide_key_status                   0x00002491   Thumb Code    12  collide_key.o(i.get_collide_key_status)
    get_follow_line_info                     0x000024a1   Thumb Code     4  follow_line.o(i.get_follow_line_info)
    get_labyrinth_info                       0x000024a9   Thumb Code     4  labyrinth.o(i.get_labyrinth_info)
    get_motor_info                           0x000024b1   Thumb Code     4  motor.o(i.get_motor_info)
    infrared_sensor_read                     0x000024b9   Thumb Code    72  infrared_led.o(i.infrared_sensor_read)
    key_delay                                0x00002505   Thumb Code    42  main.o(i.key_delay)
    labyrinth_init                           0x00002559   Thumb Code    88  labyrinth.o(i.labyrinth_init)
    labyrinth_loop                           0x000025c5   Thumb Code    16  labyrinth.o(i.labyrinth_loop)
    main                                     0x000025d5   Thumb Code    74  main.o(i.main)
    motor_init                               0x00002729   Thumb Code    70  motor.o(i.motor_init)
    motor_set_speed                          0x000027e1   Thumb Code   144  motor.o(i.motor_set_speed)
    uart_init                                0x00002e8d   Thumb Code    62  usart.o(i.uart_init)
    asc2_0806                                0x00002ed8   Data         570  oled.o(.constdata)
    asc2_1608                                0x00003112   Data        1520  oled.o(.constdata)
    Hzk                                      0x00003702   Data         224  oled.o(.constdata)
    Region$$Table$$Base                      0x000038a8   Number         0  anon$$obj.o(Region$$Table)
    Region$$Table$$Limit                     0x000038c8   Number         0  anon$$obj.o(Region$$Table)
    infrared                                 0x20000000   Data           1  main.o(.data)
    set_speed                                0x20000004   Data           8  main.o(.data)
    TIMA2_CAP_STA                            0x20000014   Data           1  tima.o(.data)
    TIMA2_CAP_VAL                            0x20000016   Data           2  tima.o(.data)
    __stdout                                 0x20000018   Data           4  usart.o(.data)
    collide_key                              0x20000028   Data           1  collide_key.o(.data)
    follow_line_pwm_pid                      0x2000002c   Data          24  follow_line.o(.data)
    labyrinth_pwm_pid                        0x20000044   Data          24  labyrinth.o(.data)
    auto_cross_pwm_pid                       0x20000060   Data          24  auto_cross.o(.data)
    motor                                    0x20000084   Data          40  motor.o(.bss)
    follow_line                              0x200000ac   Data         176  follow_line.o(.bss)
    car                                      0x2000015c   Data          28  fsm.o(.bss)
    labyrinth                                0x20000178   Data         176  labyrinth.o(.bss)
    auto_cross                               0x20000228   Data         172  auto_cross.o(.bss)
    __initial_sp                             0x200004d8   Data           0  startup_msp432p401r_uvision.o(STACK)



==============================================================================

Memory Map of the image

  Image Entry point : 0x00000145

  Load Region LR_IROM1 (Base: 0x00000000, Size: 0x0000394c, Max: 0x00040000, ABSOLUTE)

    Execution Region ER_IROM1 (Exec base: 0x00000000, Load base: 0x00000000, Size: 0x000038c8, Max: 0x00040000, ABSOLUTE)

    Exec Addr    Load Addr    Size         Type   Attr      Idx    E Section Name        Object

    0x00000000   0x00000000   0x00000144   Data   RO            9    RESET               startup_msp432p401r_uvision.o
    0x00000144   0x00000144   0x00000000   Code   RO          415  * .ARM.Collect$$$$00000000  mc_w.l(entry.o)
    0x00000144   0x00000144   0x00000004   Code   RO          562    .ARM.Collect$$$$00000001  mc_w.l(entry2.o)
    0x00000148   0x00000148   0x00000004   Code   RO          565    .ARM.Collect$$$$00000004  mc_w.l(entry5.o)
    0x0000014c   0x0000014c   0x00000000   Code   RO          567    .ARM.Collect$$$$00000008  mc_w.l(entry7b.o)
    0x0000014c   0x0000014c   0x00000000   Code   RO          569    .ARM.Collect$$$$0000000A  mc_w.l(entry8b.o)
    0x0000014c   0x0000014c   0x00000008   Code   RO          570    .ARM.Collect$$$$0000000B  mc_w.l(entry9a.o)
    0x00000154   0x00000154   0x00000004   Code   RO          577    .ARM.Collect$$$$0000000E  mc_w.l(entry12b.o)
    0x00000158   0x00000158   0x00000000   Code   RO          572    .ARM.Collect$$$$0000000F  mc_w.l(entry10a.o)
    0x00000158   0x00000158   0x00000000   Code   RO          574    .ARM.Collect$$$$00000011  mc_w.l(entry11a.o)
    0x00000158   0x00000158   0x00000004   Code   RO          563    .ARM.Collect$$$$00002712  mc_w.l(entry2.o)
    0x0000015c   0x0000015c   0x00000024   Code   RO           10    .text               startup_msp432p401r_uvision.o
    0x00000180   0x00000180   0x00000024   Code   RO          418    .text               mc_w.l(memcpya.o)
    0x000001a4   0x000001a4   0x00000024   Code   RO          419    .text               mc_w.l(memseta.o)
    0x000001c8   0x000001c8   0x0000014e   Code   RO          552    .text               mf_w.l(dadd.o)
    0x00000316   0x00000316   0x000000e4   Code   RO          553    .text               mf_w.l(dmul.o)
    0x000003fa   0x000003fa   0x000000de   Code   RO          554    .text               mf_w.l(ddiv.o)
    0x000004d8   0x000004d8   0x00000022   Code   RO          556    .text               mf_w.l(dflti.o)
    0x000004fa   0x000004fa   0x0000001a   Code   RO          557    .text               mf_w.l(dfltui.o)
    0x00000514   0x00000514   0x0000003e   Code   RO          558    .text               mf_w.l(dfixi.o)
    0x00000552   0x00000552   0x00000032   Code   RO          559    .text               mf_w.l(dfixui.o)
    0x00000584   0x00000584   0x00000026   Code   RO          560    .text               mf_w.l(f2d.o)
    0x000005aa   0x000005aa   0x00000038   Code   RO          561    .text               mf_w.l(d2f.o)
    0x000005e2   0x000005e2   0x0000002c   Code   RO          578    .text               mc_w.l(uidiv.o)
    0x0000060e   0x0000060e   0x0000001e   Code   RO          580    .text               mc_w.l(llshl.o)
    0x0000062c   0x0000062c   0x00000020   Code   RO          581    .text               mc_w.l(llushr.o)
    0x0000064c   0x0000064c   0x00000024   Code   RO          582    .text               mc_w.l(llsshr.o)
    0x00000670   0x00000670   0x00000000   Code   RO          583    .text               mc_w.l(iusefp.o)
    0x00000670   0x00000670   0x0000006e   Code   RO          584    .text               mf_w.l(fepilogue.o)
    0x000006de   0x000006de   0x000000ba   Code   RO          585    .text               mf_w.l(depilogue.o)
    0x00000798   0x00000798   0x00000024   Code   RO          588    .text               mc_w.l(init.o)
    0x000007bc   0x000007bc   0x0000006c   Code   RO           21    i.ADC14_IRQHandler  adc.o
    0x00000828   0x00000828   0x0000002c   Code   RO          230    i.ADC14_getMultiSequenceResult  msp432p4xx_driverlib.lib(adc14.o)
    0x00000854   0x00000854   0x00000024   Code   RO          251    i.CS_clearInterruptFlag  msp432p4xx_driverlib.lib(cs.o)
    0x00000878   0x00000878   0x00000018   Code   RO          260    i.CS_getACLK        msp432p4xx_driverlib.lib(cs.o)
    0x00000890   0x00000890   0x0000010c   Code   RO          262    i.CS_getDCOFrequency  msp432p4xx_driverlib.lib(cs.o)
    0x0000099c   0x0000099c   0x00000018   Code   RO          266    i.CS_getMCLK        msp432p4xx_driverlib.lib(cs.o)
    0x000009b4   0x000009b4   0x00000018   Code   RO          267    i.CS_getSMCLK       msp432p4xx_driverlib.lib(cs.o)
    0x000009cc   0x000009cc   0x0000000c   Code   RO          274    i.CS_setExternalClockSourceFrequency  msp432p4xx_driverlib.lib(cs.o)
    0x000009d8   0x000009d8   0x00000006   Code   RO          277    i.CS_startHFXT      msp432p4xx_driverlib.lib(cs.o)
    0x000009de   0x000009de   0x00000002   PAD
    0x000009e0   0x000009e0   0x000000a0   Code   RO          278    i.CS_startHFXTWithTimeout  msp432p4xx_driverlib.lib(cs.o)
    0x00000a80   0x00000a80   0x00000006   Code   RO          279    i.CS_startLFXT      msp432p4xx_driverlib.lib(cs.o)
    0x00000a86   0x00000a86   0x00000002   PAD
    0x00000a88   0x00000a88   0x000000a0   Code   RO          280    i.CS_startLFXTWithTimeout  msp432p4xx_driverlib.lib(cs.o)
    0x00000b28   0x00000b28   0x00000014   Code   RO          293    i.GPIO_getInputPinValue  msp432p4xx_driverlib.lib(gpio.o)
    0x00000b3c   0x00000b3c   0x0000001c   Code   RO          295    i.GPIO_interruptEdgeSelect  msp432p4xx_driverlib.lib(gpio.o)
    0x00000b58   0x00000b58   0x00000024   Code   RO          297    i.GPIO_setAsInputPin  msp432p4xx_driverlib.lib(gpio.o)
    0x00000b7c   0x00000b7c   0x00000020   Code   RO          300    i.GPIO_setAsOutputPin  msp432p4xx_driverlib.lib(gpio.o)
    0x00000b9c   0x00000b9c   0x00000014   Code   RO          305    i.GPIO_setOutputHighOnPin  msp432p4xx_driverlib.lib(gpio.o)
    0x00000bb0   0x00000bb0   0x00000014   Code   RO          306    i.GPIO_setOutputLowOnPin  msp432p4xx_driverlib.lib(gpio.o)
    0x00000bc4   0x00000bc4   0x00000024   Code   RO           65    i.I2C_SW_Configuration  oled.o
    0x00000be8   0x00000be8   0x00000030   Code   RO           66    i.I2C_Start         oled.o
    0x00000c18   0x00000c18   0x00000028   Code   RO           67    i.I2C_Stop          oled.o
    0x00000c40   0x00000c40   0x00000028   Code   RO           68    i.I2C_WaitAck       oled.o
    0x00000c68   0x00000c68   0x00000060   Code   RO           27    i.KEY_Init          key.o
    0x00000cc8   0x00000cc8   0x00000012   Code   RO           42    i.LED_B_Off         led.o
    0x00000cda   0x00000cda   0x00000012   Code   RO           43    i.LED_B_On          led.o
    0x00000cec   0x00000cec   0x00000010   Code   RO           45    i.LED_C_On          led.o
    0x00000cfc   0x00000cfc   0x00000012   Code   RO           46    i.LED_G_Off         led.o
    0x00000d0e   0x00000d0e   0x00000012   Code   RO           47    i.LED_G_On          led.o
    0x00000d20   0x00000d20   0x00000030   Code   RO           49    i.LED_Init          led.o
    0x00000d50   0x00000d50   0x00000010   Code   RO           50    i.LED_P_On          led.o
    0x00000d60   0x00000d60   0x00000012   Code   RO           51    i.LED_RED_Off       led.o
    0x00000d72   0x00000d72   0x00000012   Code   RO           52    i.LED_RED_On        led.o
    0x00000d84   0x00000d84   0x00000012   Code   RO           54    i.LED_R_Off         led.o
    0x00000d96   0x00000d96   0x00000012   Code   RO           55    i.LED_R_On          led.o
    0x00000da8   0x00000da8   0x0000006c   Code   RO           57    i.LED_Show_Staus    led.o
    0x00000e14   0x00000e14   0x00000010   Code   RO           59    i.LED_W_On          led.o
    0x00000e24   0x00000e24   0x00000010   Code   RO           61    i.LED_Y_On          led.o
    0x00000e34   0x00000e34   0x00000040   Code   RO           69    i.OLED_Clear        oled.o
    0x00000e74   0x00000e74   0x000000ec   Code   RO           75    i.OLED_Init         oled.o
    0x00000f60   0x00000f60   0x0000002a   Code   RO           76    i.OLED_Set_Pos      oled.o
    0x00000f8a   0x00000f8a   0x00000002   PAD
    0x00000f8c   0x00000f8c   0x000000d4   Code   RO           77    i.OLED_ShowChar     oled.o
    0x00001060   0x00001060   0x00000042   Code   RO           80    i.OLED_ShowString   oled.o
    0x000010a2   0x000010a2   0x00000038   Code   RO           81    i.OLED_WR_Byte      oled.o
    0x000010da   0x000010da   0x00000002   PAD
    0x000010dc   0x000010dc   0x000001f0   Code   RO          203    i.PID_calc          pid.o
    0x000012cc   0x000012cc   0x00000060   Code   RO          205    i.PID_init          pid.o
    0x0000132c   0x0000132c   0x0000007c   Code   RO           14    i.PORT1_IRQHandler  main.o
    0x000013a8   0x000013a8   0x000000ec   Code   RO          155    i.PORT4_IRQHandler  collide_key.o
    0x00001494   0x00001494   0x00000058   Code   RO           82    i.Send_Byte         oled.o
    0x000014ec   0x000014ec   0x00000010   Code   RO          393    i.SysCtl_A_disableNMISource  msp432p4xx_driverlib.lib(sysctl_a.o)
    0x000014fc   0x000014fc   0x00000010   Code   RO          398    i.SysCtl_A_enableNMISource  msp432p4xx_driverlib.lib(sysctl_a.o)
    0x0000150c   0x0000150c   0x00000010   Code   RO          404    i.SysCtl_A_getNMISourceStatus  msp432p4xx_driverlib.lib(sysctl_a.o)
    0x0000151c   0x0000151c   0x00000048   Code   RO          406    i.SysCtl_A_getTLVInfo  msp432p4xx_driverlib.lib(sysctl_a.o)
    0x00001564   0x00001564   0x00000094   Code   RO          113    i.SysInit           sysinit.o
    0x000015f8   0x000015f8   0x0000006c   Code   RO            5    i.SystemInit        system_msp432p401r.o
    0x00001664   0x00001664   0x00000018   Code   RO           88    i.T32_INT1_IRQHandler  tim32.o
    0x0000167c   0x0000167c   0x00000018   Code   RO           89    i.T32_INT2_IRQHandler  tim32.o
    0x00001694   0x00001694   0x00000024   Code   RO           95    i.TA0_0_IRQHandler  tima.o
    0x000016b8   0x000016b8   0x000000c0   Code   RO          133    i.TA2_0_IRQHandler  motor.o
    0x00001778   0x00001778   0x000000ec   Code   RO           96    i.TA2_N_IRQHandler  tima.o
    0x00001864   0x00001864   0x00000064   Code   RO          134    i.TA3_0_IRQHandler  motor.o
    0x000018c8   0x000018c8   0x00000064   Code   RO          135    i.TA3_N_IRQHandler  motor.o
    0x0000192c   0x0000192c   0x0000005c   Code   RO          136    i.TimA2_Int_Init    motor.o
    0x00001988   0x00001988   0x00000010   Code   RO          324    i.Timer_A_getCaptureCompareCount  msp432p4xx_driverlib.lib(timer_a.o)
    0x00001998   0x00001998   0x00000092   Code   RO          353    i.UART_initModule   msp432p4xx_driverlib.lib(uart.o)
    0x00001a2a   0x00001a2a   0x00000016   Code   RO          362    i.UART_transmitData  msp432p4xx_driverlib.lib(uart.o)
    0x00001a40   0x00001a40   0x000000c0   Code   RO          283    i._CSComputeCLKFrequency  msp432p4xx_driverlib.lib(cs.o)
    0x00001b00   0x00001b00   0x00000098   Code   RO          284    i._CSGetHFXTFrequency  msp432p4xx_driverlib.lib(cs.o)
    0x00001b98   0x00001b98   0x00000020   Code   RO          444    i.__0printf$1       mc_w.l(printf1.o)
    0x00001bb8   0x00001bb8   0x0000000e   Code   RO          591    i.__scatterload_copy  mc_w.l(handlers.o)
    0x00001bc6   0x00001bc6   0x00000002   Code   RO          592    i.__scatterload_null  mc_w.l(handlers.o)
    0x00001bc8   0x00001bc8   0x0000000e   Code   RO          593    i.__scatterload_zeroinit  mc_w.l(handlers.o)
    0x00001bd6   0x00001bd6   0x00000002   PAD
    0x00001bd8   0x00001bd8   0x00000154   Code   RO          451    i._printf_core      mc_w.l(printf1.o)
    0x00001d2c   0x00001d2c   0x00000068   Code   RO          194    i.auto_cross_init   auto_cross.o
    0x00001d94   0x00001d94   0x00000010   Code   RO          195    i.auto_cross_loop   auto_cross.o
    0x00001da4   0x00001da4   0x00000012   Code   RO          124    i.bitPosition       baudrate_calculate.o
    0x00001db6   0x00001db6   0x00000002   PAD
    0x00001db8   0x00001db8   0x00000044   Code   RO          137    i.car_back_straight  motor.o
    0x00001dfc   0x00001dfc   0x00000044   Code   RO          138    i.car_go_straight   motor.o
    0x00001e40   0x00001e40   0x00000016   Code   RO          139    i.car_stop          motor.o
    0x00001e56   0x00001e56   0x00000002   PAD
    0x00001e58   0x00001e58   0x00000044   Code   RO          141    i.car_turn_l_90_degree  motor.o
    0x00001e9c   0x00001e9c   0x00000044   Code   RO          142    i.car_turn_r_90_degree  motor.o
    0x00001ee0   0x00001ee0   0x000000d4   Code   RO          143    i.coder_init        motor.o
    0x00001fb4   0x00001fb4   0x000000f8   Code   RO          156    i.collide_key_init  collide_key.o
    0x000020ac   0x000020ac   0x0000002c   Code   RO          117    i.delay_init        delay.o
    0x000020d8   0x000020d8   0x00000016   Code   RO          118    i.delay_ms          delay.o
    0x000020ee   0x000020ee   0x00000002   PAD
    0x000020f0   0x000020f0   0x0000004c   Code   RO          119    i.delay_us          delay.o
    0x0000213c   0x0000213c   0x00000168   Code   RO          125    i.eusci_calcBaudDividers  baudrate_calculate.o
    0x000022a4   0x000022a4   0x00000064   Code   RO          163    i.follow_line_init  follow_line.o
    0x00002308   0x00002308   0x00000010   Code   RO          164    i.follow_line_loop  follow_line.o
    0x00002318   0x00002318   0x00000018   Code   RO          106    i.fputc             usart.o
    0x00002330   0x00002330   0x0000004c   Code   RO          175    i.fsm_init          fsm.o
    0x0000237c   0x0000237c   0x000000bc   Code   RO          176    i.fsm_loop          fsm.o
    0x00002438   0x00002438   0x00000010   Code   RO          177    i.fsm_set_speed     fsm.o
    0x00002448   0x00002448   0x00000008   Code   RO          196    i.get_auto_cross_info  auto_cross.o
    0x00002450   0x00002450   0x00000020   Code   RO          165    i.get_bit_num       follow_line.o
    0x00002470   0x00002470   0x00000020   Code   RO          182    i.get_bit_num       labyrinth.o
    0x00002490   0x00002490   0x00000010   Code   RO          157    i.get_collide_key_status  collide_key.o
    0x000024a0   0x000024a0   0x00000008   Code   RO          166    i.get_follow_line_info  follow_line.o
    0x000024a8   0x000024a8   0x00000008   Code   RO          183    i.get_labyrinth_info  labyrinth.o
    0x000024b0   0x000024b0   0x00000008   Code   RO          144    i.get_motor_info    motor.o
    0x000024b8   0x000024b8   0x0000004c   Code   RO          129    i.infrared_sensor_read  infrared_led.o
    0x00002504   0x00002504   0x0000002a   Code   RO           15    i.key_delay         main.o
    0x0000252e   0x0000252e   0x0000002a   Code   RO          158    i.key_delay         collide_key.o
    0x00002558   0x00002558   0x0000006c   Code   RO          184    i.labyrinth_init    labyrinth.o
    0x000025c4   0x000025c4   0x00000010   Code   RO          185    i.labyrinth_loop    labyrinth.o
    0x000025d4   0x000025d4   0x00000068   Code   RO           16    i.main              main.o
    0x0000263c   0x0000263c   0x000000ec   Code   RO          145    i.motor_distance_loop  motor.o
    0x00002728   0x00002728   0x00000046   Code   RO          146    i.motor_init        motor.o
    0x0000276e   0x0000276e   0x00000002   PAD
    0x00002770   0x00002770   0x00000070   Code   RO          147    i.motor_pwm_init    motor.o
    0x000027e0   0x000027e0   0x00000094   Code   RO          148    i.motor_set_speed   motor.o
    0x00002874   0x00002874   0x00000030   Code   RO          198    i.set_auto_cross_wd  auto_cross.o
    0x000028a4   0x000028a4   0x000000c4   Code   RO          199    i.set_auto_cross_wheel_pwm  auto_cross.o
    0x00002968   0x00002968   0x0000009c   Code   RO          200    i.set_auto_cross_wheel_speed  auto_cross.o
    0x00002a04   0x00002a04   0x0000006c   Code   RO          167    i.set_follow_line_wd  follow_line.o
    0x00002a70   0x00002a70   0x000000c4   Code   RO          168    i.set_follow_line_wheel_pwm  follow_line.o
    0x00002b34   0x00002b34   0x0000008c   Code   RO          169    i.set_follow_line_wheel_speed  follow_line.o
    0x00002bc0   0x00002bc0   0x0000006c   Code   RO          186    i.set_labyrinth_wd  labyrinth.o
    0x00002c2c   0x00002c2c   0x000000c4   Code   RO          187    i.set_labyrinth_wheel_pwm  labyrinth.o
    0x00002cf0   0x00002cf0   0x0000019c   Code   RO          188    i.set_labyrinth_wheel_speed  labyrinth.o
    0x00002e8c   0x00002e8c   0x0000004c   Code   RO          107    i.uart_init         usart.o
    0x00002ed8   0x00002ed8   0x0000090a   Data   RO           84    .constdata          oled.o
    0x000037e2   0x000037e2   0x00000002   PAD
    0x000037e4   0x000037e4   0x00000028   Data   RO          108    .constdata          usart.o
    0x0000380c   0x0000380c   0x00000050   Data   RO          150    .constdata          motor.o
    0x0000385c   0x0000385c   0x0000004c   Data   RO          309    .constdata          msp432p4xx_driverlib.lib(gpio.o)
    0x000038a8   0x000038a8   0x00000020   Data   RO          589    Region$$Table       anon$$obj.o


    Execution Region RW_IRAM1 (Exec base: 0x20000000, Load base: 0x000038c8, Size: 0x000004d8, Max: 0x00010000, ABSOLUTE)

    Exec Addr    Load Addr    Size         Type   Attr      Idx    E Section Name        Object

    0x20000000   0x000038c8   0x00000010   Data   RW           17    .data               main.o
    0x20000010   0x000038d8   0x00000004   Data   RW           23    .data               adc.o
    0x20000014   0x000038dc   0x00000004   Data   RW          101    .data               tima.o
    0x20000018   0x000038e0   0x00000004   Data   RW          109    .data               usart.o
    0x2000001c   0x000038e4   0x00000001   Data   RW          120    .data               delay.o
    0x2000001d   0x000038e5   0x00000003   PAD
    0x20000020   0x000038e8   0x00000008   Data   RW          151    .data               motor.o
    0x20000028   0x000038f0   0x00000001   Data   RW          159    .data               collide_key.o
    0x20000029   0x000038f1   0x00000003   PAD
    0x2000002c   0x000038f4   0x00000018   Data   RW          171    .data               follow_line.o
    0x20000044   0x0000390c   0x00000019   Data   RW          190    .data               labyrinth.o
    0x2000005d   0x00003925   0x00000003   PAD
    0x20000060   0x00003928   0x00000019   Data   RW          202    .data               auto_cross.o
    0x20000079   0x00003941   0x00000003   PAD
    0x2000007c   0x00003944   0x00000008   Data   RW          285    .data               msp432p4xx_driverlib.lib(cs.o)
    0x20000084        -       0x00000028   Zero   RW          149    .bss                motor.o
    0x200000ac        -       0x000000b0   Zero   RW          170    .bss                follow_line.o
    0x2000015c        -       0x0000001c   Zero   RW          178    .bss                fsm.o
    0x20000178        -       0x000000b0   Zero   RW          189    .bss                labyrinth.o
    0x20000228        -       0x000000ac   Zero   RW          201    .bss                auto_cross.o
    0x200002d4   0x0000394c   0x00000004   PAD
    0x200002d8        -       0x00000200   Zero   RW            7    STACK               startup_msp432p401r_uvision.o


==============================================================================

Image component sizes


      Code (inc. data)   RO Data    RW Data    ZI Data      Debug   Object Name

       108         24          0          4          0          0   adc.o
       528         60          0         25        172          0   auto_cross.o
       378         12          0          0          0          0   baudrate_calculate.o
       542         18          0          1          0          0   collide_key.o
       142         14          0          1          0          0   delay.o
       600         60          0         24        176          0   follow_line.o
       280         16          0          0         28          0   fsm.o
        76          4          0          0          0          0   infrared_led.o
        96          4          0          0          0          0   key.o
       880         78          0         25        176          0   labyrinth.o
       364         12          0          0          0          0   led.o
       270         44          0         16          0          0   main.o
      1564        152         80          8         40          0   motor.o
       928         34       2314          0          0          0   oled.o
       592          8          0          0          0          0   pid.o
        36          8        324          0        512          0   startup_msp432p401r_uvision.o
       148         14          0          0          0          0   sysinit.o
       108         22          0          0          0          0   system_msp432p401r.o
        48         20          0          0          0          0   tim32.o
       272         24          0          4          0          0   tima.o
       100         20         40          4          0          0   usart.o

    ----------------------------------------------------------------------
      8072        648       2792        124       1108          0   Object Totals
         0          0         32          0          0          0   (incl. Generated)
        12          0          2         12          4          0   (incl. Padding)

    ----------------------------------------------------------------------

      Code (inc. data)   RO Data    RW Data    ZI Data      Debug   Library Member Name

         0          0          0          0          0          0   entry.o
         0          0          0          0          0          0   entry10a.o
         0          0          0          0          0          0   entry11a.o
         4          0          0          0          0          0   entry12b.o
         8          4          0          0          0          0   entry2.o
         4          0          0          0          0          0   entry5.o
         0          0          0          0          0          0   entry7b.o
         0          0          0          0          0          0   entry8b.o
         8          4          0          0          0          0   entry9a.o
        30          0          0          0          0          0   handlers.o
        36          8          0          0          0          0   init.o
         0          0          0          0          0          0   iusefp.o
        30          0          0          0          0          0   llshl.o
        36          0          0          0          0          0   llsshr.o
        32          0          0          0          0          0   llushr.o
        36          0          0          0          0          0   memcpya.o
        36          0          0          0          0          0   memseta.o
       372         14          0          0          0          0   printf1.o
        44          0          0          0          0          0   uidiv.o
        56          0          0          0          0          0   d2f.o
       334          0          0          0          0          0   dadd.o
       222          0          0          0          0          0   ddiv.o
       186          0          0          0          0          0   depilogue.o
        62          0          0          0          0          0   dfixi.o
        50          0          0          0          0          0   dfixui.o
        34          0          0          0          0          0   dflti.o
        26          0          0          0          0          0   dfltui.o
       228          0          0          0          0          0   dmul.o
        38          0          0          0          0          0   f2d.o
       110          0          0          0          0          0   fepilogue.o
        44          6          0          0          0          0   adc14.o
      1064        170          0          8          0          0   cs.o
       156         32         76          0          0          0   gpio.o
       120         26          0          0          0          0   sysctl_a.o
        16          0          0          0          0          0   timer_a.o
       168          0          0          0          0          0   uart.o

    ----------------------------------------------------------------------
      3596        264         76          8          0          0   Library Totals
         6          0          0          0          0          0   (incl. Padding)

    ----------------------------------------------------------------------

      Code (inc. data)   RO Data    RW Data    ZI Data      Debug   Library Name

       676         30          0          0          0          0   mc_w.l
      1346          0          0          0          0          0   mf_w.l
      1568        234         76          8          0          0   msp432p4xx_driverlib.lib

    ----------------------------------------------------------------------
      3596        264         76          8          0          0   Library Totals

    ----------------------------------------------------------------------

==============================================================================


      Code (inc. data)   RO Data    RW Data    ZI Data      Debug   

     11668        912       2868        132       1108          0   Grand Totals
     11668        912       2868        132       1108          0   ELF Image Totals
     11668        912       2868        132          0          0   ROM Totals

==============================================================================

    Total RO  Size (Code + RO Data)                14536 (  14.20kB)
    Total RW  Size (RW Data + ZI Data)              1240 (   1.21kB)
    Total ROM Size (Code + RO Data + RW Data)      14668 (  14.32kB)

==============================================================================

