Component: ARM Compiler 5.06 update 7 (build 960) Tool: armlink [4d3601]

==============================================================================

Section Cross References

    system_msp432p401r.o(i.SystemCoreClockUpdate) refers to system_msp432p401r.o(.data) for SystemCoreClock
    startup_msp432p401r_uvision.o(STACK) refers (Special) to heapauxi.o(.text) for __use_two_region_memory
    startup_msp432p401r_uvision.o(HEAP) refers (Special) to heapauxi.o(.text) for __use_two_region_memory
    startup_msp432p401r_uvision.o(RESET) refers (Special) to heapauxi.o(.text) for __use_two_region_memory
    startup_msp432p401r_uvision.o(RESET) refers to startup_msp432p401r_uvision.o(STACK) for __initial_sp
    startup_msp432p401r_uvision.o(RESET) refers to startup_msp432p401r_uvision.o(.text) for Reset_Handler
    startup_msp432p401r_uvision.o(RESET) refers to tima.o(i.TA0_0_IRQHandler) for TA0_0_IRQHandler
    startup_msp432p401r_uvision.o(RESET) refers to motor.o(i.TA2_0_IRQHandler) for TA2_0_IRQHandler
    startup_msp432p401r_uvision.o(RESET) refers to tima.o(i.TA2_N_IRQHandler) for TA2_N_IRQHandler
    startup_msp432p401r_uvision.o(RESET) refers to motor.o(i.TA3_0_IRQHandler) for TA3_0_IRQHandler
    startup_msp432p401r_uvision.o(RESET) refers to motor.o(i.TA3_N_IRQHandler) for TA3_N_IRQHandler
    startup_msp432p401r_uvision.o(RESET) refers to adc.o(i.ADC14_IRQHandler) for ADC14_IRQHandler
    startup_msp432p401r_uvision.o(RESET) refers to tim32.o(i.T32_INT1_IRQHandler) for T32_INT1_IRQHandler
    startup_msp432p401r_uvision.o(RESET) refers to tim32.o(i.T32_INT2_IRQHandler) for T32_INT2_IRQHandler
    startup_msp432p401r_uvision.o(RESET) refers to main.o(i.PORT1_IRQHandler) for PORT1_IRQHandler
    startup_msp432p401r_uvision.o(RESET) refers to collide_key.o(i.PORT4_IRQHandler) for PORT4_IRQHandler
    startup_msp432p401r_uvision.o(.text) refers (Special) to heapauxi.o(.text) for __use_two_region_memory
    startup_msp432p401r_uvision.o(.text) refers to system_msp432p401r.o(i.SystemInit) for SystemInit
    startup_msp432p401r_uvision.o(.text) refers to __main.o(!!!main) for __main
    startup_msp432p401r_uvision.o(.text) refers to startup_msp432p401r_uvision.o(HEAP) for Heap_Mem
    startup_msp432p401r_uvision.o(.text) refers to startup_msp432p401r_uvision.o(STACK) for Stack_Mem
    main.o(i.PORT1_IRQHandler) refers to main.o(i.key_delay) for key_delay
    main.o(i.PORT1_IRQHandler) refers to led.o(i.LED_Show_Staus) for LED_Show_Staus
    main.o(i.PORT1_IRQHandler) refers to main.o(.data) for press_count
    main.o(i.PORT1_IRQHandler) refers to fsm.o(.bss) for car
    main.o(i.main) refers to sysinit.o(i.SysInit) for SysInit
    main.o(i.main) refers to usart.o(i.uart_init) for uart_init
    main.o(i.main) refers to delay.o(i.delay_init) for delay_init
    main.o(i.main) refers to key.o(i.KEY_Init) for KEY_Init
    main.o(i.main) refers to led.o(i.LED_Init) for LED_Init
    main.o(i.main) refers to fsm.o(i.fsm_init) for fsm_init
    main.o(i.main) refers to oled.o(i.OLED_Init) for OLED_Init
    main.o(i.main) refers to noretval__2printf.o(.text) for __2printf
    main.o(i.main) refers to fsm.o(i.fsm_loop) for fsm_loop
    main.o(i.main) refers to delay.o(i.delay_ms) for delay_ms
    adc.o(i.ADC14_IRQHandler) refers to _printf_percent.o(.ARM.Collect$$_printf_percent$$00000000) for _printf_percent
    adc.o(i.ADC14_IRQHandler) refers to _printf_d.o(.ARM.Collect$$_printf_percent$$00000009) for _printf_d
    adc.o(i.ADC14_IRQHandler) refers to _printf_dec.o(.text) for _printf_int_dec
    adc.o(i.ADC14_IRQHandler) refers to adc14.o(i.ADC14_getMultiSequenceResult) for ADC14_getMultiSequenceResult
    adc.o(i.ADC14_IRQHandler) refers to noretval__2printf.o(.text) for __2printf
    adc.o(i.ADC14_IRQHandler) refers to adc.o(.data) for resultsBuffer
    adc.o(i.ADC_Config) refers to adc14.o(i.ADC14_configureMultiSequenceMode) for ADC14_configureMultiSequenceMode
    adc.o(i.ADC_Config) refers to adc14.o(i.ADC14_configureConversionMemory) for ADC14_configureConversionMemory
    key.o(i.KEY_Scan) refers to key.o(i.key_delay) for key_delay
    key.o(i.KEY_Scan) refers to key.o(.data) for key_up
    key.o(i.PORT1_IRQHandler) refers to key.o(i.key_delay) for key_delay
    key4x4.o(i.KEY4x4_Scan) refers to key4x4.o(i.key_delay) for key_delay
    key4x4.o(i.KEY4x4_Scan) refers to key4x4.o(.data) for key_up
    led.o(i.LED_C_On) refers to led.o(i.LED_R_Off) for LED_R_Off
    led.o(i.LED_C_On) refers to led.o(i.LED_G_On) for LED_G_On
    led.o(i.LED_C_On) refers to led.o(i.LED_B_On) for LED_B_On
    led.o(i.LED_Init) refers to led.o(i.LED_RED_Off) for LED_RED_Off
    led.o(i.LED_Init) refers to led.o(i.LED_R_Off) for LED_R_Off
    led.o(i.LED_Init) refers to led.o(i.LED_G_Off) for LED_G_Off
    led.o(i.LED_Init) refers to led.o(i.LED_B_Off) for LED_B_Off
    led.o(i.LED_P_On) refers to led.o(i.LED_R_On) for LED_R_On
    led.o(i.LED_P_On) refers to led.o(i.LED_G_Off) for LED_G_Off
[...]
    .ARM.Collect$$libinit$$00000015          0x000001c8   Section        0  libinit2.o(.ARM.Collect$$libinit$$00000015)
    .ARM.Collect$$libinit$$00000017          0x000001c8   Section        0  libinit2.o(.ARM.Collect$$libinit$$00000017)
    .ARM.Collect$$libinit$$00000019          0x000001c8   Section        0  libinit2.o(.ARM.Collect$$libinit$$00000019)
    .ARM.Collect$$libinit$$0000001B          0x000001c8   Section        0  libinit2.o(.ARM.Collect$$libinit$$0000001B)
    .ARM.Collect$$libinit$$0000001D          0x000001c8   Section        0  libinit2.o(.ARM.Collect$$libinit$$0000001D)
    .ARM.Collect$$libinit$$0000001F          0x000001c8   Section        0  libinit2.o(.ARM.Collect$$libinit$$0000001F)
    .ARM.Collect$$libinit$$00000021          0x000001c8   Section        0  libinit2.o(.ARM.Collect$$libinit$$00000021)
    .ARM.Collect$$libinit$$00000023          0x000001c8   Section        0  libinit2.o(.ARM.Collect$$libinit$$00000023)
    .ARM.Collect$$libinit$$00000025          0x000001c8   Section        0  libinit2.o(.ARM.Collect$$libinit$$00000025)
    .ARM.Collect$$libinit$$0000002C          0x000001c8   Section        0  libinit2.o(.ARM.Collect$$libinit$$0000002C)
    .ARM.Collect$$libinit$$0000002E          0x000001c8   Section        0  libinit2.o(.ARM.Collect$$libinit$$0000002E)
    .ARM.Collect$$libinit$$00000030          0x000001c8   Section        0  libinit2.o(.ARM.Collect$$libinit$$00000030)
    .ARM.Collect$$libinit$$00000032          0x000001c8   Section        0  libinit2.o(.ARM.Collect$$libinit$$00000032)
    .ARM.Collect$$libinit$$00000033          0x000001c8   Section        2  libinit2.o(.ARM.Collect$$libinit$$00000033)
    .ARM.Collect$$libshutdown$$00000000      0x000001ca   Section        2  libshutdown.o(.ARM.Collect$$libshutdown$$00000000)
    .ARM.Collect$$libshutdown$$00000002      0x000001cc   Section        0  libshutdown2.o(.ARM.Collect$$libshutdown$$00000002)
    .ARM.Collect$$libshutdown$$00000004      0x000001cc   Section        0  libshutdown2.o(.ARM.Collect$$libshutdown$$00000004)
    .ARM.Collect$$libshutdown$$00000006      0x000001cc   Section        0  libshutdown2.o(.ARM.Collect$$libshutdown$$00000006)
    .ARM.Collect$$libshutdown$$00000009      0x000001cc   Section        0  libshutdown2.o(.ARM.Collect$$libshutdown$$00000009)
    .ARM.Collect$$libshutdown$$0000000C      0x000001cc   Section        0  libshutdown2.o(.ARM.Collect$$libshutdown$$0000000C)
    .ARM.Collect$$libshutdown$$0000000E      0x000001cc   Section        0  libshutdown2.o(.ARM.Collect$$libshutdown$$0000000E)
    .ARM.Collect$$libshutdown$$00000011      0x000001cc   Section        0  libshutdown2.o(.ARM.Collect$$libshutdown$$00000011)
    .ARM.Collect$$libshutdown$$00000012      0x000001cc   Section        2  libshutdown2.o(.ARM.Collect$$libshutdown$$00000012)
    .ARM.Collect$$rtentry$$00000000          0x000001ce   Section        0  __rtentry.o(.ARM.Collect$$rtentry$$00000000)
    .ARM.Collect$$rtentry$$00000002          0x000001ce   Section        0  __rtentry2.o(.ARM.Collect$$rtentry$$00000002)
    .ARM.Collect$$rtentry$$00000004          0x000001ce   Section        6  __rtentry4.o(.ARM.Collect$$rtentry$$00000004)
    .ARM.Collect$$rtentry$$00000009          0x000001d4   Section        0  __rtentry2.o(.ARM.Collect$$rtentry$$00000009)
    .ARM.Collect$$rtentry$$0000000A          0x000001d4   Section        4  __rtentry2.o(.ARM.Collect$$rtentry$$0000000A)
    .ARM.Collect$$rtentry$$0000000C          0x000001d8   Section        0  __rtentry2.o(.ARM.Collect$$rtentry$$0000000C)
    .ARM.Collect$$rtentry$$0000000D          0x000001d8   Section        8  __rtentry2.o(.ARM.Collect$$rtentry$$0000000D)
    .ARM.Collect$$rtexit$$00000000           0x000001e0   Section        2  rtexit.o(.ARM.Collect$$rtexit$$00000000)
    .ARM.Collect$$rtexit$$00000002           0x000001e2   Section        0  rtexit2.o(.ARM.Collect$$rtexit$$00000002)
    .ARM.Collect$$rtexit$$00000003           0x000001e2   Section        4  rtexit2.o(.ARM.Collect$$rtexit$$00000003)
    .ARM.Collect$$rtexit$$00000004           0x000001e6   Section        6  rtexit2.o(.ARM.Collect$$rtexit$$00000004)
    .text                                    0x000001ec   Section       60  startup_msp432p401r_uvision.o(.text)
    $v0                                      0x000001ec   Number         0  startup_msp432p401r_uvision.o(.text)
    .text                                    0x00000228   Section        2  use_no_semi_2.o(.text)
    .text                                    0x0000022c   Section        0  noretval__2printf.o(.text)
    .text                                    0x00000244   Section        0  noretval__2sprintf.o(.text)
    .text                                    0x0000026c   Section        0  __printf.o(.text)
    .text                                    0x000002d4   Section        0  _printf_dec.o(.text)
    .text                                    0x0000034c   Section      100  rt_memcpy_w.o(.text)
    .text                                    0x000003b0   Section        0  heapauxi.o(.text)
    .text                                    0x000003b6   Section        2  use_no_semi.o(.text)
    .text                                    0x000003b8   Section        0  _printf_intcommon.o(.text)
    .text                                    0x0000046c   Section        0  _printf_char_common.o(.text)
    _printf_input_char                       0x0000046d   Thumb Code    10  _printf_char_common.o(.text)
    .text                                    0x0000049c   Section        0  _sputc.o(.text)
    .text                                    0x000004a8   Section        0  _printf_char_file.o(.text)
    .text                                    0x000004cc   Section        0  ferror.o(.text)
    .text                                    0x000004d4   Section       74  sys_stackheap_outer.o(.text)
    .text                                    0x0000051e   Section        0  exit.o(.text)
    .text                                    0x00000530   Section        8  libspace.o(.text)
    i.ADC14_IRQHandler                       0x00000538   Section        0  adc.o(i.ADC14_IRQHandler)
    i.ADC14_getMultiSequenceResult           0x000005a4   Section        0  adc14.o(i.ADC14_getMultiSequenceResult)
    i.CS_clearInterruptFlag                  0x000005d0   Section        0  cs.o(i.CS_clearInterruptFlag)
    i.CS_getACLK                             0x000005f4   Section        0  cs.o(i.CS_getACLK)
    i.CS_getDCOFrequency                     0x0000060c   Section        0  cs.o(i.CS_getDCOFrequency)
    i.CS_getMCLK                             0x00000718   Section        0  cs.o(i.CS_getMCLK)
    i.CS_getSMCLK                            0x00000730   Section        0  cs.o(i.CS_getSMCLK)
    i.CS_setExternalClockSourceFrequency     0x00000748   Section        0  cs.o(i.CS_setExternalClockSourceFrequency)
    i.CS_startHFXT                           0x00000754   Section        0  cs.o(i.CS_startHFXT)
    i.CS_startHFXTWithTimeout                0x0000075c   Section        0  cs.o(i.CS_startHFXTWithTimeout)
    i.CS_startLFXT                           0x000007fc   Section        0  cs.o(i.CS_startLFXT)
    i.CS_startLFXTWithTimeout                0x00000804   Section        0  cs.o(i.CS_startLFXTWithTimeout)
    i.GPIO_getInputPinValue                  0x000008a4   Section        0  gpio.o(i.GPIO_getInputPinValue)
    i.GPIO_interruptEdgeSelect               0x000008b8   Section        0  gpio.o(i.GPIO_interruptEdgeSelect)
    i.GPIO_setAsInputPin                     0x000008d4   Section        0  gpio.o(i.GPIO_setAsInputPin)
    i.GPIO_setAsOutputPin                    0x000008f8   Section        0  gpio.o(i.GPIO_setAsOutputPin)
    i.GPIO_setOutputHighOnPin                0x00000918   Section        0  gpio.o(i.GPIO_setOutputHighOnPin)
    i.GPIO_setOutputLowOnPin                 0x0000092c   Section        0  gpio.o(i.GPIO_setOutputLowOnPin)
    i.I2C_SW_Configuration                   0x00000940   Section        0  oled.o(i.I2C_SW_Configuration)
    i.I2C_Start                              0x00000964   Section        0  oled.o(i.I2C_Start)
    i.I2C_Stop                               0x00000994   Section        0  oled.o(i.I2C_Stop)
    i.I2C_WaitAck                            0x000009bc   Section        0  oled.o(i.I2C_WaitAck)
    i.KEY_Init                               0x000009e4   Section        0  key.o(i.KEY_Init)
    i.LED_B_Off                              0x00000a44   Section        0  led.o(i.LED_B_Off)
    i.LED_B_On                               0x00000a56   Section        0  led.o(i.LED_B_On)
    i.LED_C_On                               0x00000a68   Section        0  led.o(i.LED_C_On)
    i.LED_G_Off                              0x00000a78   Section        0  led.o(i.LED_G_Off)
    i.LED_G_On                               0x00000a8a   Section        0  led.o(i.LED_G_On)
    i.LED_Init                               0x00000a9c   Section        0  led.o(i.LED_Init)
    i.LED_P_On                               0x00000acc   Section        0  led.o(i.LED_P_On)
    i.LED_RED_Off                            0x00000adc   Section        0  led.o(i.LED_RED_Off)
    i.LED_RED_On                             0x00000aee   Section        0  led.o(i.LED_RED_On)
    i.LED_R_Off                              0x00000b00   Section        0  led.o(i.LED_R_Off)
    i.LED_R_On                               0x00000b12   Section        0  led.o(i.LED_R_On)
    i.LED_Show_Staus                         0x00000b24   Section        0  led.o(i.LED_Show_Staus)
    i.LED_W_On                               0x00000b90   Section        0  led.o(i.LED_W_On)
    i.LED_Y_On                               0x00000ba0   Section        0  led.o(i.LED_Y_On)
    i.OLED_Clear                             0x00000bb0   Section        0  oled.o(i.OLED_Clear)
    i.OLED_Init                              0x00000bf0   Section        0  oled.o(i.OLED_Init)
    i.OLED_Set_Pos                           0x00000cdc   Section        0  oled.o(i.OLED_Set_Pos)
    i.OLED_ShowChar                          0x00000d08   Section        0  oled.o(i.OLED_ShowChar)
    i.OLED_ShowString                        0x00000ddc   Section        0  oled.o(i.OLED_ShowString)
    i.OLED_WR_Byte                           0x00000e1e   Section        0  oled.o(i.OLED_WR_Byte)
    i.PID_calc                               0x00000e58   Section        0  pid.o(i.PID_calc)
    i.PID_init                               0x00001048   Section        0  pid.o(i.PID_init)
    i.PORT1_IRQHandler                       0x000010a8   Section        0  main.o(i.PORT1_IRQHandler)
    i.PORT4_IRQHandler                       0x00001124   Section        0  collide_key.o(i.PORT4_IRQHandler)
    i.Send_Byte                              0x00001210   Section        0  oled.o(i.Send_Byte)
    i.SysCtl_A_disableNMISource              0x00001268   Section        0  sysctl_a.o(i.SysCtl_A_disableNMISource)
    i.SysCtl_A_enableNMISource               0x00001278   Section        0  sysctl_a.o(i.SysCtl_A_enableNMISource)
    i.SysCtl_A_getNMISourceStatus            0x00001288   Section        0  sysctl_a.o(i.SysCtl_A_getNMISourceStatus)
    i.SysCtl_A_getTLVInfo                    0x00001298   Section        0  sysctl_a.o(i.SysCtl_A_getTLVInfo)
    i.SysInit                                0x000012e0   Section        0  sysinit.o(i.SysInit)
    i.SystemInit                             0x00001374   Section        0  system_msp432p401r.o(i.SystemInit)
    i.T32_INT1_IRQHandler                    0x000013e0   Section        0  tim32.o(i.T32_INT1_IRQHandler)
    i.T32_INT2_IRQHandler                    0x000013f8   Section        0  tim32.o(i.T32_INT2_IRQHandler)
    i.TA0_0_IRQHandler                       0x00001410   Section        0  tima.o(i.TA0_0_IRQHandler)
    i.TA2_0_IRQHandler                       0x00001434   Section        0  motor.o(i.TA2_0_IRQHandler)
    i.TA2_N_IRQHandler                       0x0000151c   Section        0  tima.o(i.TA2_N_IRQHandler)
    i.TA3_0_IRQHandler                       0x00001608   Section        0  motor.o(i.TA3_0_IRQHandler)
    i.TA3_N_IRQHandler                       0x0000166c   Section        0  motor.o(i.TA3_N_IRQHandler)
    i.TimA2_Int_Init                         0x000016d0   Section        0  motor.o(i.TimA2_Int_Init)
    TimA2_Int_Init                           0x000016d1   Thumb Code    84  motor.o(i.TimA2_Int_Init)
    i.Timer_A_getCaptureCompareCount         0x0000172c   Section        0  timer_a.o(i.Timer_A_getCaptureCompareCount)
    i.UART_initModule                        0x0000173c   Section        0  uart.o(i.UART_initModule)
    i.UART_transmitData                      0x000017ce   Section        0  uart.o(i.UART_transmitData)
    i._CSComputeCLKFrequency                 0x000017e4   Section        0  cs.o(i._CSComputeCLKFrequency)
    _CSComputeCLKFrequency                   0x000017e5   Thumb Code   176  cs.o(i._CSComputeCLKFrequency)
    i._CSGetHFXTFrequency                    0x000018a4   Section        0  cs.o(i._CSGetHFXTFrequency)
    _CSGetHFXTFrequency                      0x000018a5   Thumb Code   106  cs.o(i._CSGetHFXTFrequency)
    i._sys_exit                              0x0000193c   Section        0  usart.o(i._sys_exit)
    i.auto_cross_init                        0x00001940   Section        0  auto_cross.o(i.auto_cross_init)
    i.auto_cross_loop                        0x000019a8   Section        0  auto_cross.o(i.auto_cross_loop)
    i.bitPosition                            0x000019be   Section        0  baudrate_calculate.o(i.bitPosition)
    i.car_back_straight                      0x000019d0   Section        0  motor.o(i.car_back_straight)
    i.car_go_straight                        0x00001a14   Section        0  motor.o(i.car_go_straight)
    i.car_stop                               0x00001a58   Section        0  motor.o(i.car_stop)
    i.car_turn_l_90_degree                   0x00001a70   Section        0  motor.o(i.car_turn_l_90_degree)
    i.car_turn_r_90_degree                   0x00001ab4   Section        0  motor.o(i.car_turn_r_90_degree)
    i.coder_init                             0x00001af8   Section        0  motor.o(i.coder_init)
    coder_init                               0x00001af9   Thumb Code   200  motor.o(i.coder_init)
    i.collide_key_init                       0x00001bcc   Section        0  collide_key.o(i.collide_key_init)
    i.delay_init                             0x00001cc4   Section        0  delay.o(i.delay_init)
    i.delay_ms                               0x00001cf0   Section        0  delay.o(i.delay_ms)
    i.delay_us                               0x00001d08   Section        0  delay.o(i.delay_us)
    i.eusci_calcBaudDividers                 0x00001d54   Section        0  baudrate_calculate.o(i.eusci_calcBaudDividers)
    i.follow_line_init                       0x00001ebc   Section        0  follow_line.o(i.follow_line_init)
    i.follow_line_loop                       0x00001f20   Section        0  follow_line.o(i.follow_line_loop)
    i.fputc                                  0x00001f38   Section        0  usart.o(i.fputc)
    i.fsm_init                               0x00001f50   Section        0  fsm.o(i.fsm_init)
    i.fsm_loop                               0x00001f9c   Section        0  fsm.o(i.fsm_loop)
    i.fsm_set_speed                          0x00002780   Section        0  fsm.o(i.fsm_set_speed)
    fsm_set_speed                            0x00002781   Thumb Code    10  fsm.o(i.fsm_set_speed)
    i.get_auto_cross_info                    0x00002790   Section        0  auto_cross.o(i.get_auto_cross_info)
    i.get_bit_num                            0x00002798   Section        0  follow_line.o(i.get_bit_num)
    get_bit_num                              0x00002799   Thumb Code    32  follow_line.o(i.get_bit_num)
    i.get_bit_num                            0x000027b8   Section        0  labyrinth.o(i.get_bit_num)
    get_bit_num                              0x000027b9   Thumb Code    32  labyrinth.o(i.get_bit_num)
    i.get_bit_num                            0x000027d8   Section        0  auto_cross.o(i.get_bit_num)
    get_bit_num                              0x000027d9   Thumb Code    32  auto_cross.o(i.get_bit_num)
    i.get_collide_key_status                 0x000027f8   Section        0  collide_key.o(i.get_collide_key_status)
    i.get_follow_line_info                   0x00002808   Section        0  follow_line.o(i.get_follow_line_info)
    i.get_labyrinth_info                     0x00002810   Section        0  labyrinth.o(i.get_labyrinth_info)
    i.get_motor_info                         0x00002818   Section        0  motor.o(i.get_motor_info)
    i.get_motor_sec                          0x00002820   Section        0  motor.o(i.get_motor_sec)
    i.infrared_sensor_read                   0x0000282c   Section        0  infrared_led.o(i.infrared_sensor_read)
    i.key_delay                              0x00002878   Section        0  main.o(i.key_delay)
    i.key_delay                              0x000028a2   Section        0  collide_key.o(i.key_delay)
    key_delay                                0x000028a3   Thumb Code    42  collide_key.o(i.key_delay)
    i.labyrinth_init                         0x000028cc   Section        0  labyrinth.o(i.labyrinth_init)
    i.labyrinth_loop                         0x00002938   Section        0  labyrinth.o(i.labyrinth_loop)
    i.main                                   0x000029fc   Section        0  main.o(i.main)
    i.motor_distance_loop                    0x00002a50   Section        0  motor.o(i.motor_distance_loop)
    motor_distance_loop                      0x00002a51   Thumb Code   214  motor.o(i.motor_distance_loop)
    i.motor_init                             0x00002b3c   Section        0  motor.o(i.motor_init)
    i.motor_pwm_init                         0x00002b84   Section        0  motor.o(i.motor_pwm_init)
    motor_pwm_init                           0x00002b85   Thumb Code   106  motor.o(i.motor_pwm_init)
    i.motor_set_speed                        0x00002bf4   Section        0  motor.o(i.motor_set_speed)
    i.set_auto_cross_wd                      0x00002c88   Section        0  auto_cross.o(i.set_auto_cross_wd)
    set_auto_cross_wd                        0x00002c89   Thumb Code    60  auto_cross.o(i.set_auto_cross_wd)
    i.set_auto_cross_wheel_pwm               0x00002cc8   Section        0  auto_cross.o(i.set_auto_cross_wheel_pwm)
    set_auto_cross_wheel_pwm                 0x00002cc9   Thumb Code   176  auto_cross.o(i.set_auto_cross_wheel_pwm)
    i.set_auto_cross_wheel_speed             0x00002d8c   Section        0  auto_cross.o(i.set_auto_cross_wheel_speed)
    set_auto_cross_wheel_speed               0x00002d8d   Thumb Code   180  auto_cross.o(i.set_auto_cross_wheel_speed)
    i.set_follow_line_wd                     0x00002e44   Section        0  follow_line.o(i.set_follow_line_wd)
    set_follow_line_wd                       0x00002e45   Thumb Code   106  follow_line.o(i.set_follow_line_wd)
    i.set_follow_line_wheel_pwm              0x00002eb4   Section        0  follow_line.o(i.set_follow_line_wheel_pwm)
    set_follow_line_wheel_pwm                0x00002eb5   Thumb Code   176  follow_line.o(i.set_follow_line_wheel_pwm)
    i.set_follow_line_wheel_speed            0x00002f78   Section        0  follow_line.o(i.set_follow_line_wheel_speed)
    set_follow_line_wheel_speed              0x00002f79   Thumb Code   138  follow_line.o(i.set_follow_line_wheel_speed)
    i.set_labyrinth_wd                       0x00003010   Section        0  labyrinth.o(i.set_labyrinth_wd)
    set_labyrinth_wd                         0x00003011   Thumb Code   106  labyrinth.o(i.set_labyrinth_wd)
    i.set_labyrinth_wheel_pwm                0x00003080   Section        0  labyrinth.o(i.set_labyrinth_wheel_pwm)
    set_labyrinth_wheel_pwm                  0x00003081   Thumb Code   176  labyrinth.o(i.set_labyrinth_wheel_pwm)
    i.set_labyrinth_wheel_speed              0x00003144   Section        0  labyrinth.o(i.set_labyrinth_wheel_speed)
    set_labyrinth_wheel_speed                0x00003145   Thumb Code   534  labyrinth.o(i.set_labyrinth_wheel_speed)
    i.uart_init                              0x00003384   Section        0  usart.o(i.uart_init)
    x$fpl$basic                              0x000033d0   Section       24  basic.o(x$fpl$basic)
    $v0                                      0x000033d0   Number         0  basic.o(x$fpl$basic)
    x$fpl$d2f                                0x000033e8   Section       98  d2f.o(x$fpl$d2f)
    $v0                                      0x000033e8   Number         0  d2f.o(x$fpl$d2f)
    x$fpl$dadd                               0x0000344c   Section      336  daddsub_clz.o(x$fpl$dadd)
    $v0                                      0x0000344c   Number         0  daddsub_clz.o(x$fpl$dadd)
    _dadd1                                   0x0000345d   Thumb Code     0  daddsub_clz.o(x$fpl$dadd)
    x$fpl$ddiv                               0x0000359c   Section      688  ddiv.o(x$fpl$ddiv)
    $v0                                      0x0000359c   Number         0  ddiv.o(x$fpl$ddiv)
    ddiv_entry                               0x000035a3   Thumb Code     0  ddiv.o(x$fpl$ddiv)
    x$fpl$dfix                               0x0000384c   Section       94  dfix.o(x$fpl$dfix)
    $v0                                      0x0000384c   Number         0  dfix.o(x$fpl$dfix)
    x$fpl$dfixu                              0x000038ac   Section       90  dfixu.o(x$fpl$dfixu)
    $v0                                      0x000038ac   Number         0  dfixu.o(x$fpl$dfixu)
    x$fpl$dflt                               0x00003906   Section       46  dflt_clz.o(x$fpl$dflt)
    $v0                                      0x00003906   Number         0  dflt_clz.o(x$fpl$dflt)
    x$fpl$dfltu                              0x00003934   Section       38  dflt_clz.o(x$fpl$dfltu)
    $v0                                      0x00003934   Number         0  dflt_clz.o(x$fpl$dfltu)
    x$fpl$dmul                               0x0000395c   Section      340  dmul.o(x$fpl$dmul)
    $v0                                      0x0000395c   Number         0  dmul.o(x$fpl$dmul)
    x$fpl$dnaninf                            0x00003ab0   Section      156  dnaninf.o(x$fpl$dnaninf)
    $v0                                      0x00003ab0   Number         0  dnaninf.o(x$fpl$dnaninf)
    x$fpl$dretinf                            0x00003b4c   Section       12  dretinf.o(x$fpl$dretinf)
    $v0                                      0x00003b4c   Number         0  dretinf.o(x$fpl$dretinf)
    x$fpl$dsub                               0x00003b58   Section      468  daddsub_clz.o(x$fpl$dsub)
    $v0                                      0x00003b58   Number         0  daddsub_clz.o(x$fpl$dsub)
    _dsub1                                   0x00003b69   Thumb Code     0  daddsub_clz.o(x$fpl$dsub)
    x$fpl$f2d                                0x00003d2c   Section       86  f2d.o(x$fpl$f2d)
    $v0                                      0x00003d2c   Number         0  f2d.o(x$fpl$f2d)
    x$fpl$fnaninf                            0x00003d82   Section      140  fnaninf.o(x$fpl$fnaninf)
    $v0                                      0x00003d82   Number         0  fnaninf.o(x$fpl$fnaninf)
    x$fpl$fpinit                             0x00003e0e   Section       10  fpinit.o(x$fpl$fpinit)
    $v0                                      0x00003e0e   Number         0  fpinit.o(x$fpl$fpinit)
    x$fpl$fretinf                            0x00003e18   Section       10  fretinf.o(x$fpl$fretinf)
    $v0                                      0x00003e18   Number         0  fretinf.o(x$fpl$fretinf)
    .constdata                               0x00003e22   Section     2314  oled.o(.constdata)
    x$fpl$usenofp                            0x00003e22   Section        0  usenofp.o(x$fpl$usenofp)
    .constdata                               0x0000472c   Section       40  usart.o(.constdata)
    .constdata                               0x00004754   Section       80  motor.o(.constdata)
    .constdata                               0x000047a4   Section       76  gpio.o(.constdata)
    GPIO_PORT_TO_INT                         0x000047a4   Data          28  gpio.o(.constdata)
    GPIO_PORT_TO_BASE                        0x000047c0   Data          48  gpio.o(.constdata)
    .data                                    0x20000000   Section       16  main.o(.data)
    press_count                              0x2000000c   Data           4  main.o(.data)
    .data                                    0x20000010   Section        4  adc.o(.data)
    resultsBuffer                            0x20000010   Data           4  adc.o(.data)
    .data                                    0x20000014   Section        4  tima.o(.data)
    .data                                    0x20000018   Section        4  usart.o(.data)
    .data                                    0x2000001c   Section        1  delay.o(.data)
    fac_us                                   0x2000001c   Data           1  delay.o(.data)
    .data                                    0x20000020   Section       16  motor.o(.data)
    pre_turns                                0x20000028   Data           8  motor.o(.data)
    .data                                    0x20000030   Section        1  collide_key.o(.data)
    .data                                    0x20000034   Section       24  follow_line.o(.data)
    .data                                    0x2000004c   Section       20  fsm.o(.data)
    mode_in                                  0x2000004c   Data           1  fsm.o(.data)
    mode_stop                                0x2000004d   Data           1  fsm.o(.data)
    flash_num                                0x2000004e   Data           1  fsm.o(.data)
    first_time                               0x20000050   Data           4  fsm.o(.data)
    first_l_distance                         0x20000054   Data           4  fsm.o(.data)
    first_r_distance                         0x20000058   Data           4  fsm.o(.data)
    count                                    0x2000005c   Data           1  fsm.o(.data)
    flag                                     0x2000005d   Data           1  fsm.o(.data)
    flag_3                                   0x2000005e   Data           1  fsm.o(.data)
    stay_in                                  0x2000005f   Data           1  fsm.o(.data)
    .data                                    0x20000060   Section       26  labyrinth.o(.data)
    left_flag                                0x20000078   Data           1  labyrinth.o(.data)
    stop                                     0x20000079   Data           1  labyrinth.o(.data)
    .data                                    0x2000007c   Section       24  auto_cross.o(.data)
    .data                                    0x20000094   Section        8  cs.o(.data)
    hfxtFreq                                 0x20000094   Data           4  cs.o(.data)
    lfxtFreq                                 0x20000098   Data           4  cs.o(.data)
    .bss                                     0x2000009c   Section       40  motor.o(.bss)
    .bss                                     0x200000c4   Section      176  follow_line.o(.bss)
    .bss                                     0x20000174   Section      228  fsm.o(.bss)
    .bss                                     0x20000258   Section      176  labyrinth.o(.bss)
    .bss                                     0x20000308   Section      172  auto_cross.o(.bss)
    .bss                                     0x200003b4   Section       96  libspace.o(.bss)
    HEAP                                     0x20000418   Section        0  startup_msp432p401r_uvision.o(HEAP)
    STACK                                    0x20000418   Section      512  startup_msp432p401r_uvision.o(STACK)
    Heap_Mem                                 0x20000418   Data           0  startup_msp432p401r_uvision.o(HEAP)
    Stack_Mem                                0x20000418   Data         512  startup_msp432p401r_uvision.o(STACK)
    __initial_sp                             0x20000618   Data           0  startup_msp432p401r_uvision.o(STACK)

    Global Symbols

    Symbol Name                              Value     Ov Type        Size  Object(Section)

    BuildAttributes$$THM_ISAv4$E$P$D$K$B$S$7EM$VFPi3$EXTD16$VFPS$VFMA$PE$A:L22UL41UL21$X:L11$S22US41US21$IEEE1$IW$USESV6$~STKCKD$USESV7$~SHL$OSPACE$ROPI$EBA8$UX$STANDARDLIB$REQ8$PRES8$EABIv2 0x00000000   Number         0  anon$$obj.o ABSOLUTE
    __ARM_use_no_argv                        0x00000000   Number         0  main.o ABSOLUTE
    __Vectors                                0x00000000   Data           4  startup_msp432p401r_uvision.o(RESET)
    __ARM_exceptions_init                     - Undefined Weak Reference
    __alloca_initialize                       - Undefined Weak Reference
    __arm_fini_                               - Undefined Weak Reference
    __arm_preinit_                            - Undefined Weak Reference
    __cpp_initialize__aeabi_                  - Undefined Weak Reference
    __cxa_finalize                            - Undefined Weak Reference
    __rt_locale                               - Undefined Weak Reference
    __sigvec_lookup                           - Undefined Weak Reference
    _atexit_init                              - Undefined Weak Reference
    _call_atexit_fns                          - Undefined Weak Reference
    _clock_init                               - Undefined Weak Reference
    _fp_trap_init                             - Undefined Weak Reference
    _fp_trap_shutdown                         - Undefined Weak Reference
    _get_lc_collate                           - Undefined Weak Reference
    _get_lc_ctype                             - Undefined Weak Reference
    _get_lc_monetary                          - Undefined Weak Reference
    _get_lc_numeric                           - Undefined Weak Reference
    _get_lc_time                              - Undefined Weak Reference
    _getenv_init                              - Undefined Weak Reference
    _handle_redirection                       - Undefined Weak Reference
    _init_alloc                               - Undefined Weak Reference
    _init_user_alloc                          - Undefined Weak Reference
    _initio                                   - Undefined Weak Reference
    _mutex_acquire                            - Undefined Weak Reference
    _mutex_release                            - Undefined Weak Reference
    _printf_post_padding                      - Undefined Weak Reference
    _printf_pre_padding                       - Undefined Weak Reference
    _printf_truncate_signed                   - Undefined Weak Reference
    _printf_truncate_unsigned                 - Undefined Weak Reference
    _rand_init                                - Undefined Weak Reference
    _signal_finish                            - Undefined Weak Reference
    _signal_init                              - Undefined Weak Reference
    _terminate_alloc                          - Undefined Weak Reference
    _terminate_user_alloc                     - Undefined Weak Reference
    _terminateio                              - Undefined Weak Reference
    __Vectors_End                            0x00000144   Data           0  startup_msp432p401r_uvision.o(RESET)
    __Vectors_Size                           0x00000144   Number         0  startup_msp432p401r_uvision.o ABSOLUTE
    __main                                   0x00000145   Thumb Code     8  __main.o(!!!main)
    __scatterload                            0x0000014d   Thumb Code     0  __scatter.o(!!!scatter)
    __scatterload_rt2                        0x0000014d   Thumb Code    44  __scatter.o(!!!scatter)
    __scatterload_rt2_thumb_only             0x0000014d   Thumb Code     0  __scatter.o(!!!scatter)
    __scatterload_null                       0x0000015b   Thumb Code     0  __scatter.o(!!!scatter)
    __scatterload_copy                       0x00000181   Thumb Code    26  __scatter_copy.o(!!handler_copy)
    __scatterload_zeroinit                   0x0000019d   Thumb Code    28  __scatter_zi.o(!!handler_zi)
    _printf_d                                0x000001b9   Thumb Code     0  _printf_d.o(.ARM.Collect$$_printf_percent$$00000009)
    _printf_percent                          0x000001b9   Thumb Code     0  _printf_percent.o(.ARM.Collect$$_printf_percent$$00000000)
    _printf_percent_end                      0x000001bf   Thumb Code     0  _printf_percent_end.o(.ARM.Collect$$_printf_percent$$00000017)
    __rt_lib_init                            0x000001c3   Thumb Code     0  libinit.o(.ARM.Collect$$libinit$$00000000)
    __rt_lib_init_fp_1                       0x000001c5   Thumb Code     0  libinit2.o(.ARM.Collect$$libinit$$00000001)
    __rt_lib_init_alloca_1                   0x000001c9   Thumb Code     0  libinit2.o(.ARM.Collect$$libinit$$0000002E)
    __rt_lib_init_argv_1                     0x000001c9   Thumb Code     0  libinit2.o(.ARM.Collect$$libinit$$0000002C)
    __rt_lib_init_atexit_1                   0x000001c9   Thumb Code     0  libinit2.o(.ARM.Collect$$libinit$$0000001B)
    __rt_lib_init_clock_1                    0x000001c9   Thumb Code     0  libinit2.o(.ARM.Collect$$libinit$$00000021)
    __rt_lib_init_cpp_1                      0x000001c9   Thumb Code     0  libinit2.o(.ARM.Collect$$libinit$$00000032)
    __rt_lib_init_exceptions_1               0x000001c9   Thumb Code     0  libinit2.o(.ARM.Collect$$libinit$$00000030)
    __rt_lib_init_fp_trap_1                  0x000001c9   Thumb Code     0  libinit2.o(.ARM.Collect$$libinit$$0000001F)
    __rt_lib_init_getenv_1                   0x000001c9   Thumb Code     0  libinit2.o(.ARM.Collect$$libinit$$00000023)
    __rt_lib_init_heap_1                     0x000001c9   Thumb Code     0  libinit2.o(.ARM.Collect$$libinit$$0000000A)
    __rt_lib_init_lc_collate_1               0x000001c9   Thumb Code     0  libinit2.o(.ARM.Collect$$libinit$$00000011)
    __rt_lib_init_lc_ctype_1                 0x000001c9   Thumb Code     0  libinit2.o(.ARM.Collect$$libinit$$00000013)
    __rt_lib_init_lc_monetary_1              0x000001c9   Thumb Code     0  libinit2.o(.ARM.Collect$$libinit$$00000015)
    __rt_lib_init_lc_numeric_1               0x000001c9   Thumb Code     0  libinit2.o(.ARM.Collect$$libinit$$00000017)
    __rt_lib_init_lc_time_1                  0x000001c9   Thumb Code     0  libinit2.o(.ARM.Collect$$libinit$$00000019)
    __rt_lib_init_preinit_1                  0x000001c9   Thumb Code     0  libinit2.o(.ARM.Collect$$libinit$$00000004)
    __rt_lib_init_rand_1                     0x000001c9   Thumb Code     0  libinit2.o(.ARM.Collect$$libinit$$0000000E)
    __rt_lib_init_return                     0x000001c9   Thumb Code     0  libinit2.o(.ARM.Collect$$libinit$$00000033)
    __rt_lib_init_signal_1                   0x000001c9   Thumb Code     0  libinit2.o(.ARM.Collect$$libinit$$0000001D)
    __rt_lib_init_stdio_1                    0x000001c9   Thumb Code     0  libinit2.o(.ARM.Collect$$libinit$$00000025)
    __rt_lib_init_user_alloc_1               0x000001c9   Thumb Code     0  libinit2.o(.ARM.Collect$$libinit$$0000000C)
    __rt_lib_shutdown                        0x000001cb   Thumb Code     0  libshutdown.o(.ARM.Collect$$libshutdown$$00000000)
    __rt_lib_shutdown_cpp_1                  0x000001cd   Thumb Code     0  libshutdown2.o(.ARM.Collect$$libshutdown$$00000004)
    __rt_lib_shutdown_fini_1                 0x000001cd   Thumb Code     0  libshutdown2.o(.ARM.Collect$$libshutdown$$00000002)
    __rt_lib_shutdown_fp_trap_1              0x000001cd   Thumb Code     0  libshutdown2.o(.ARM.Collect$$libshutdown$$00000009)
    __rt_lib_shutdown_heap_1                 0x000001cd   Thumb Code     0  libshutdown2.o(.ARM.Collect$$libshutdown$$00000011)
    __rt_lib_shutdown_return                 0x000001cd   Thumb Code     0  libshutdown2.o(.ARM.Collect$$libshutdown$$00000012)
    __rt_lib_shutdown_signal_1               0x000001cd   Thumb Code     0  libshutdown2.o(.ARM.Collect$$libshutdown$$0000000C)
    __rt_lib_shutdown_stdio_1                0x000001cd   Thumb Code     0  libshutdown2.o(.ARM.Collect$$libshutdown$$00000006)
    __rt_lib_shutdown_user_alloc_1           0x000001cd   Thumb Code     0  libshutdown2.o(.ARM.Collect$$libshutdown$$0000000E)
    __rt_entry                               0x000001cf   Thumb Code     0  __rtentry.o(.ARM.Collect$$rtentry$$00000000)
    __rt_entry_presh_1                       0x000001cf   Thumb Code     0  __rtentry2.o(.ARM.Collect$$rtentry$$00000002)
    __rt_entry_sh                            0x000001cf   Thumb Code     0  __rtentry4.o(.ARM.Collect$$rtentry$$00000004)
    __rt_entry_li                            0x000001d5   Thumb Code     0  __rtentry2.o(.ARM.Collect$$rtentry$$0000000A)
    __rt_entry_postsh_1                      0x000001d5   Thumb Code     0  __rtentry2.o(.ARM.Collect$$rtentry$$00000009)
    __rt_entry_main                          0x000001d9   Thumb Code     0  __rtentry2.o(.ARM.Collect$$rtentry$$0000000D)
    __rt_entry_postli_1                      0x000001d9   Thumb Code     0  __rtentry2.o(.ARM.Collect$$rtentry$$0000000C)
    __rt_exit                                0x000001e1   Thumb Code     0  rtexit.o(.ARM.Collect$$rtexit$$00000000)
    __rt_exit_ls                             0x000001e3   Thumb Code     0  rtexit2.o(.ARM.Collect$$rtexit$$00000003)
    __rt_exit_prels_1                        0x000001e3   Thumb Code     0  rtexit2.o(.ARM.Collect$$rtexit$$00000002)
    __rt_exit_exit                           0x000001e7   Thumb Code     0  rtexit2.o(.ARM.Collect$$rtexit$$00000004)
    Reset_Handler                            0x000001ed   Thumb Code     8  startup_msp432p401r_uvision.o(.text)
    NMI_Handler                              0x000001f5   Thumb Code     2  startup_msp432p401r_uvision.o(.text)
    HardFault_Handler                        0x000001f7   Thumb Code     2  startup_msp432p401r_uvision.o(.text)
    MemManage_Handler                        0x000001f9   Thumb Code     2  startup_msp432p401r_uvision.o(.text)
    BusFault_Handler                         0x000001fb   Thumb Code     2  startup_msp432p401r_uvision.o(.text)
    UsageFault_Handler                       0x000001fd   Thumb Code     2  startup_msp432p401r_uvision.o(.text)
    SVC_Handler                              0x000001ff   Thumb Code     2  startup_msp432p401r_uvision.o(.text)
    DebugMon_Handler                         0x00000201   Thumb Code     2  startup_msp432p401r_uvision.o(.text)
    PendSV_Handler                           0x00000203   Thumb Code     2  startup_msp432p401r_uvision.o(.text)
    SysTick_Handler                          0x00000205   Thumb Code     2  startup_msp432p401r_uvision.o(.text)
    AES256_IRQHandler                        0x00000207   Thumb Code     0  startup_msp432p401r_uvision.o(.text)
    COMP_E0_IRQHandler                       0x00000207   Thumb Code     0  startup_msp432p401r_uvision.o(.text)
    COMP_E1_IRQHandler                       0x00000207   Thumb Code     0  startup_msp432p401r_uvision.o(.text)
    CS_IRQHandler                            0x00000207   Thumb Code     0  startup_msp432p401r_uvision.o(.text)
    DMA_ERR_IRQHandler                       0x00000207   Thumb Code     0  startup_msp432p401r_uvision.o(.text)
    DMA_INT0_IRQHandler                      0x00000207   Thumb Code     0  startup_msp432p401r_uvision.o(.text)
    DMA_INT1_IRQHandler                      0x00000207   Thumb Code     0  startup_msp432p401r_uvision.o(.text)
    DMA_INT2_IRQHandler                      0x00000207   Thumb Code     0  startup_msp432p401r_uvision.o(.text)
    DMA_INT3_IRQHandler                      0x00000207   Thumb Code     0  startup_msp432p401r_uvision.o(.text)
    EUSCIA0_IRQHandler                       0x00000207   Thumb Code     0  startup_msp432p401r_uvision.o(.text)
    EUSCIA1_IRQHandler                       0x00000207   Thumb Code     0  startup_msp432p401r_uvision.o(.text)
    EUSCIA2_IRQHandler                       0x00000207   Thumb Code     0  startup_msp432p401r_uvision.o(.text)
    EUSCIA3_IRQHandler                       0x00000207   Thumb Code     0  startup_msp432p401r_uvision.o(.text)
    EUSCIB0_IRQHandler                       0x00000207   Thumb Code     0  startup_msp432p401r_uvision.o(.text)
    EUSCIB1_IRQHandler                       0x00000207   Thumb Code     0  startup_msp432p401r_uvision.o(.text)
    EUSCIB2_IRQHandler                       0x00000207   Thumb Code     0  startup_msp432p401r_uvision.o(.text)
    EUSCIB3_IRQHandler                       0x00000207   Thumb Code     0  startup_msp432p401r_uvision.o(.text)
    FLCTL_IRQHandler                         0x00000207   Thumb Code     0  startup_msp432p401r_uvision.o(.text)
    FPU_IRQHandler                           0x00000207   Thumb Code     0  startup_msp432p401r_uvision.o(.text)
    PCM_IRQHandler                           0x00000207   Thumb Code     0  startup_msp432p401r_uvision.o(.text)
    PORT2_IRQHandler                         0x00000207   Thumb Code     0  startup_msp432p401r_uvision.o(.text)
    PORT3_IRQHandler                         0x00000207   Thumb Code     0  startup_msp432p401r_uvision.o(.text)
    PORT5_IRQHandler                         0x00000207   Thumb Code     0  startup_msp432p401r_uvision.o(.text)
    PORT6_IRQHandler                         0x00000207   Thumb Code     0  startup_msp432p401r_uvision.o(.text)
    PSS_IRQHandler                           0x00000207   Thumb Code     0  startup_msp432p401r_uvision.o(.text)
    RTC_C_IRQHandler                         0x00000207   Thumb Code     0  startup_msp432p401r_uvision.o(.text)
    T32_INTC_IRQHandler                      0x00000207   Thumb Code     0  startup_msp432p401r_uvision.o(.text)
    TA0_N_IRQHandler                         0x00000207   Thumb Code     0  startup_msp432p401r_uvision.o(.text)
    TA1_0_IRQHandler                         0x00000207   Thumb Code     0  startup_msp432p401r_uvision.o(.text)
    TA1_N_IRQHandler                         0x00000207   Thumb Code     0  startup_msp432p401r_uvision.o(.text)
    WDT_A_IRQHandler                         0x00000207   Thumb Code     0  startup_msp432p401r_uvision.o(.text)
    __user_initial_stackheap                 0x00000209   Thumb Code    10  startup_msp432p401r_uvision.o(.text)
    __use_no_semihosting                     0x00000229   Thumb Code     2  use_no_semi_2.o(.text)
    __2printf                                0x0000022d   Thumb Code    20  noretval__2printf.o(.text)
    __2sprintf                               0x00000245   Thumb Code    34  noretval__2sprintf.o(.text)
    __printf                                 0x0000026d   Thumb Code   104  __printf.o(.text)
    _printf_int_dec                          0x000002d5   Thumb Code   104  _printf_dec.o(.text)
    __aeabi_memcpy4                          0x0000034d   Thumb Code     0  rt_memcpy_w.o(.text)
    __aeabi_memcpy8                          0x0000034d   Thumb Code     0  rt_memcpy_w.o(.text)
    __rt_memcpy_w                            0x0000034d   Thumb Code   100  rt_memcpy_w.o(.text)
    _memcpy_lastbytes_aligned                0x00000395   Thumb Code     0  rt_memcpy_w.o(.text)
    __use_two_region_memory                  0x000003b1   Thumb Code     2  heapauxi.o(.text)
    __rt_heap_escrow$2region                 0x000003b3   Thumb Code     2  heapauxi.o(.text)
    __rt_heap_expand$2region                 0x000003b5   Thumb Code     2  heapauxi.o(.text)
    __I$use$semihosting                      0x000003b7   Thumb Code     0  use_no_semi.o(.text)
    __use_no_semihosting_swi                 0x000003b7   Thumb Code     2  use_no_semi.o(.text)
    _printf_int_common                       0x000003b9   Thumb Code   178  _printf_intcommon.o(.text)
    _printf_char_common                      0x00000477   Thumb Code    32  _printf_char_common.o(.text)
    _sputc                                   0x0000049d   Thumb Code    10  _sputc.o(.text)
    _printf_char_file                        0x000004a9   Thumb Code    32  _printf_char_file.o(.text)
    ferror                                   0x000004cd   Thumb Code     8  ferror.o(.text)
    __user_setup_stackheap                   0x000004d5   Thumb Code    74  sys_stackheap_outer.o(.text)
    exit                                     0x0000051f   Thumb Code    18  exit.o(.text)
    __user_libspace                          0x00000531   Thumb Code     8  libspace.o(.text)
    __user_perproc_libspace                  0x00000531   Thumb Code     0  libspace.o(.text)
    __user_perthread_libspace                0x00000531   Thumb Code     0  libspace.o(.text)
    ADC14_IRQHandler                         0x00000539   Thumb Code    84  adc.o(i.ADC14_IRQHandler)
    ADC14_getMultiSequenceResult             0x000005a5   Thumb Code    38  adc14.o(i.ADC14_getMultiSequenceResult)
    CS_clearInterruptFlag                    0x000005d1   Thumb Code    26  cs.o(i.CS_clearInterruptFlag)
    CS_getACLK                               0x000005f5   Thumb Code    20  cs.o(i.CS_getACLK)
    CS_getDCOFrequency                       0x0000060d   Thumb Code   234  cs.o(i.CS_getDCOFrequency)
    CS_getMCLK                               0x00000719   Thumb Code    20  cs.o(i.CS_getMCLK)
    CS_getSMCLK                              0x00000731   Thumb Code    18  cs.o(i.CS_getSMCLK)
    CS_setExternalClockSourceFrequency       0x00000749   Thumb Code     8  cs.o(i.CS_setExternalClockSourceFrequency)
    CS_startHFXT                             0x00000755   Thumb Code     6  cs.o(i.CS_startHFXT)
    CS_startHFXTWithTimeout                  0x0000075d   Thumb Code   144  cs.o(i.CS_startHFXTWithTimeout)
    CS_startLFXT                             0x000007fd   Thumb Code     6  cs.o(i.CS_startLFXT)
    CS_startLFXTWithTimeout                  0x00000805   Thumb Code   144  cs.o(i.CS_startLFXTWithTimeout)
    GPIO_getInputPinValue                    0x000008a5   Thumb Code    16  gpio.o(i.GPIO_getInputPinValue)
    GPIO_interruptEdgeSelect                 0x000008b9   Thumb Code    22  gpio.o(i.GPIO_interruptEdgeSelect)
    GPIO_setAsInputPin                       0x000008d5   Thumb Code    32  gpio.o(i.GPIO_setAsInputPin)
    GPIO_setAsOutputPin                      0x000008f9   Thumb Code    26  gpio.o(i.GPIO_setAsOutputPin)
    GPIO_setOutputHighOnPin                  0x00000919   Thumb Code    14  gpio.o(i.GPIO_setOutputHighOnPin)
    GPIO_setOutputLowOnPin                   0x0000092d   Thumb Code    14  gpio.o(i.GPIO_setOutputLowOnPin)
    I2C_SW_Configuration                     0x00000941   Thumb Code    32  oled.o(i.I2C_SW_Configuration)
    I2C_Start                                0x00000965   Thumb Code    44  oled.o(i.I2C_Start)
    I2C_Stop                                 0x00000995   Thumb Code    34  oled.o(i.I2C_Stop)
    I2C_WaitAck                              0x000009bd   Thumb Code    34  oled.o(i.I2C_WaitAck)
    KEY_Init                                 0x000009e5   Thumb Code    92  key.o(i.KEY_Init)
    LED_B_Off                                0x00000a45   Thumb Code    18  led.o(i.LED_B_Off)
    LED_B_On                                 0x00000a57   Thumb Code    18  led.o(i.LED_B_On)
    LED_C_On                                 0x00000a69   Thumb Code    16  led.o(i.LED_C_On)
    LED_G_Off                                0x00000a79   Thumb Code    18  led.o(i.LED_G_Off)
    LED_G_On                                 0x00000a8b   Thumb Code    18  led.o(i.LED_G_On)
    LED_Init                                 0x00000a9d   Thumb Code    44  led.o(i.LED_Init)
    LED_P_On                                 0x00000acd   Thumb Code    16  led.o(i.LED_P_On)
    LED_RED_Off                              0x00000add   Thumb Code    18  led.o(i.LED_RED_Off)
    LED_RED_On                               0x00000aef   Thumb Code    18  led.o(i.LED_RED_On)
    LED_R_Off                                0x00000b01   Thumb Code    18  led.o(i.LED_R_Off)
    LED_R_On                                 0x00000b13   Thumb Code    18  led.o(i.LED_R_On)
    LED_Show_Staus                           0x00000b25   Thumb Code   108  led.o(i.LED_Show_Staus)
    LED_W_On                                 0x00000b91   Thumb Code    16  led.o(i.LED_W_On)
    LED_Y_On                                 0x00000ba1   Thumb Code    16  led.o(i.LED_Y_On)
    OLED_Clear                               0x00000bb1   Thumb Code    64  oled.o(i.OLED_Clear)
    OLED_Init                                0x00000bf1   Thumb Code   236  oled.o(i.OLED_Init)
    OLED_Set_Pos                             0x00000cdd   Thumb Code    42  oled.o(i.OLED_Set_Pos)
    OLED_ShowChar                            0x00000d09   Thumb Code   204  oled.o(i.OLED_ShowChar)
    OLED_ShowString                          0x00000ddd   Thumb Code    66  oled.o(i.OLED_ShowString)
    OLED_WR_Byte                             0x00000e1f   Thumb Code    56  oled.o(i.OLED_WR_Byte)
    PID_calc                                 0x00000e59   Thumb Code   492  pid.o(i.PID_calc)
    PID_init                                 0x00001049   Thumb Code    92  pid.o(i.PID_init)
    PORT1_IRQHandler                         0x000010a9   Thumb Code   110  main.o(i.PORT1_IRQHandler)
    PORT4_IRQHandler                         0x00001125   Thumb Code   226  collide_key.o(i.PORT4_IRQHandler)
    Send_Byte                                0x00001211   Thumb Code    82  oled.o(i.Send_Byte)
    SysCtl_A_disableNMISource                0x00001269   Thumb Code    10  sysctl_a.o(i.SysCtl_A_disableNMISource)
    SysCtl_A_enableNMISource                 0x00001279   Thumb Code    10  sysctl_a.o(i.SysCtl_A_enableNMISource)
    SysCtl_A_getNMISourceStatus              0x00001289   Thumb Code    10  sysctl_a.o(i.SysCtl_A_getNMISourceStatus)
    SysCtl_A_getTLVInfo                      0x00001299   Thumb Code    64  sysctl_a.o(i.SysCtl_A_getTLVInfo)
    SysInit                                  0x000012e1   Thumb Code   134  sysinit.o(i.SysInit)
    SystemInit                               0x00001375   Thumb Code    86  system_msp432p401r.o(i.SystemInit)
    T32_INT1_IRQHandler                      0x000013e1   Thumb Code    14  tim32.o(i.T32_INT1_IRQHandler)
    T32_INT2_IRQHandler                      0x000013f9   Thumb Code    14  tim32.o(i.T32_INT2_IRQHandler)
    TA0_0_IRQHandler                         0x00001411   Thumb Code    30  tima.o(i.TA0_0_IRQHandler)
    TA2_0_IRQHandler                         0x00001435   Thumb Code   192  motor.o(i.TA2_0_IRQHandler)
    TA2_N_IRQHandler                         0x0000151d   Thumb Code   218  tima.o(i.TA2_N_IRQHandler)
    TA3_0_IRQHandler                         0x00001609   Thumb Code    88  motor.o(i.TA3_0_IRQHandler)
    TA3_N_IRQHandler                         0x0000166d   Thumb Code    88  motor.o(i.TA3_N_IRQHandler)
    Timer_A_getCaptureCompareCount           0x0000172d   Thumb Code    16  timer_a.o(i.Timer_A_getCaptureCompareCount)
    UART_initModule                          0x0000173d   Thumb Code   146  uart.o(i.UART_initModule)
    UART_transmitData                        0x000017cf   Thumb Code    22  uart.o(i.UART_transmitData)
    _sys_exit                                0x0000193d   Thumb Code     4  usart.o(i._sys_exit)
    auto_cross_init                          0x00001941   Thumb Code    84  auto_cross.o(i.auto_cross_init)
    auto_cross_loop                          0x000019a9   Thumb Code    22  auto_cross.o(i.auto_cross_loop)
    bitPosition                              0x000019bf   Thumb Code    18  baudrate_calculate.o(i.bitPosition)
    car_back_straight                        0x000019d1   Thumb Code    58  motor.o(i.car_back_straight)
    car_go_straight                          0x00001a15   Thumb Code    58  motor.o(i.car_go_straight)
    car_stop                                 0x00001a59   Thumb Code    22  motor.o(i.car_stop)
    car_turn_l_90_degree                     0x00001a71   Thumb Code    58  motor.o(i.car_turn_l_90_degree)
    car_turn_r_90_degree                     0x00001ab5   Thumb Code    58  motor.o(i.car_turn_r_90_degree)
    collide_key_init                         0x00001bcd   Thumb Code   244  collide_key.o(i.collide_key_init)
    delay_init                               0x00001cc5   Thumb Code    34  delay.o(i.delay_init)
    delay_ms                                 0x00001cf1   Thumb Code    22  delay.o(i.delay_ms)
    delay_us                                 0x00001d09   Thumb Code    72  delay.o(i.delay_us)
    eusci_calcBaudDividers                   0x00001d55   Thumb Code   348  baudrate_calculate.o(i.eusci_calcBaudDividers)
    follow_line_init                         0x00001ebd   Thumb Code    80  follow_line.o(i.follow_line_init)
    follow_line_loop                         0x00001f21   Thumb Code    22  follow_line.o(i.follow_line_loop)
    fputc                                    0x00001f39   Thumb Code    18  usart.o(i.fputc)
    fsm_init                                 0x00001f51   Thumb Code    70  fsm.o(i.fsm_init)
    fsm_loop                                 0x00001f9d   Thumb Code  1970  fsm.o(i.fsm_loop)
    get_auto_cross_info                      0x00002791   Thumb Code     4  auto_cross.o(i.get_auto_cross_info)
    get_collide_key_status                   0x000027f9   Thumb Code    12  collide_key.o(i.get_collide_key_status)
    get_follow_line_info                     0x00002809   Thumb Code     4  follow_line.o(i.get_follow_line_info)
    get_labyrinth_info                       0x00002811   Thumb Code     4  labyrinth.o(i.get_labyrinth_info)
    get_motor_info                           0x00002819   Thumb Code     4  motor.o(i.get_motor_info)
    get_motor_sec                            0x00002821   Thumb Code     6  motor.o(i.get_motor_sec)
    infrared_sensor_read                     0x0000282d   Thumb Code    72  infrared_led.o(i.infrared_sensor_read)
    key_delay                                0x00002879   Thumb Code    42  main.o(i.key_delay)
    labyrinth_init                           0x000028cd   Thumb Code    88  labyrinth.o(i.labyrinth_init)
    labyrinth_loop                           0x00002939   Thumb Code   184  labyrinth.o(i.labyrinth_loop)
    main                                     0x000029fd   Thumb Code    62  main.o(i.main)
    motor_init                               0x00002b3d   Thumb Code    70  motor.o(i.motor_init)
    motor_set_speed                          0x00002bf5   Thumb Code   144  motor.o(i.motor_set_speed)
    uart_init                                0x00003385   Thumb Code    62  usart.o(i.uart_init)
    __aeabi_dneg                             0x000033d1   Thumb Code     0  basic.o(x$fpl$basic)
    _dneg                                    0x000033d1   Thumb Code     6  basic.o(x$fpl$basic)
    __aeabi_fneg                             0x000033d7   Thumb Code     0  basic.o(x$fpl$basic)
    _fneg                                    0x000033d7   Thumb Code     6  basic.o(x$fpl$basic)
    _dabs                                    0x000033dd   Thumb Code     6  basic.o(x$fpl$basic)
    _fabs                                    0x000033e3   Thumb Code     6  basic.o(x$fpl$basic)
    __aeabi_d2f                              0x000033e9   Thumb Code     0  d2f.o(x$fpl$d2f)
    _d2f                                     0x000033e9   Thumb Code    98  d2f.o(x$fpl$d2f)
    __aeabi_dadd                             0x0000344d   Thumb Code     0  daddsub_clz.o(x$fpl$dadd)
    _dadd                                    0x0000344d   Thumb Code   332  daddsub_clz.o(x$fpl$dadd)
    __aeabi_ddiv                             0x0000359d   Thumb Code     0  ddiv.o(x$fpl$ddiv)
    _ddiv                                    0x0000359d   Thumb Code   552  ddiv.o(x$fpl$ddiv)
    __aeabi_d2iz                             0x0000384d   Thumb Code     0  dfix.o(x$fpl$dfix)
    _dfix                                    0x0000384d   Thumb Code    94  dfix.o(x$fpl$dfix)
    __aeabi_d2uiz                            0x000038ad   Thumb Code     0  dfixu.o(x$fpl$dfixu)
    _dfixu                                   0x000038ad   Thumb Code    90  dfixu.o(x$fpl$dfixu)
    __aeabi_i2d                              0x00003907   Thumb Code     0  dflt_clz.o(x$fpl$dflt)
    _dflt                                    0x00003907   Thumb Code    46  dflt_clz.o(x$fpl$dflt)
    __aeabi_ui2d                             0x00003935   Thumb Code     0  dflt_clz.o(x$fpl$dfltu)
    _dfltu                                   0x00003935   Thumb Code    38  dflt_clz.o(x$fpl$dfltu)
    __aeabi_dmul                             0x0000395d   Thumb Code     0  dmul.o(x$fpl$dmul)
    _dmul                                    0x0000395d   Thumb Code   332  dmul.o(x$fpl$dmul)
    __fpl_dnaninf                            0x00003ab1   Thumb Code   156  dnaninf.o(x$fpl$dnaninf)
    __fpl_dretinf                            0x00003b4d   Thumb Code    12  dretinf.o(x$fpl$dretinf)
    __aeabi_dsub                             0x00003b59   Thumb Code     0  daddsub_clz.o(x$fpl$dsub)
    _dsub                                    0x00003b59   Thumb Code   464  daddsub_clz.o(x$fpl$dsub)
    __aeabi_f2d                              0x00003d2d   Thumb Code     0  f2d.o(x$fpl$f2d)
    _f2d                                     0x00003d2d   Thumb Code    86  f2d.o(x$fpl$f2d)
    __fpl_fnaninf                            0x00003d83   Thumb Code   140  fnaninf.o(x$fpl$fnaninf)
    _fp_init                                 0x00003e0f   Thumb Code    10  fpinit.o(x$fpl$fpinit)
    __fplib_config_fpu_vfp                   0x00003e17   Thumb Code     0  fpinit.o(x$fpl$fpinit)
    __fplib_config_pureend_doubles           0x00003e17   Thumb Code     0  fpinit.o(x$fpl$fpinit)
    __fpl_fretinf                            0x00003e19   Thumb Code    10  fretinf.o(x$fpl$fretinf)
    __I$use$fp                               0x00003e22   Number         0  usenofp.o(x$fpl$usenofp)
    asc2_0806                                0x00003e22   Data         570  oled.o(.constdata)
    asc2_1608                                0x0000405c   Data        1520  oled.o(.constdata)
    Hzk                                      0x0000464c   Data         224  oled.o(.constdata)
    Region$$Table$$Base                      0x000047f0   Number         0  anon$$obj.o(Region$$Table)
    Region$$Table$$Limit                     0x00004810   Number         0  anon$$obj.o(Region$$Table)
    infrared                                 0x20000000   Data           1  main.o(.data)
    set_speed                                0x20000004   Data           8  main.o(.data)
    TIMA2_CAP_STA                            0x20000014   Data           1  tima.o(.data)
    TIMA2_CAP_VAL                            0x20000016   Data           2  tima.o(.data)
    __stdout                                 0x20000018   Data           4  usart.o(.data)
    sec                                      0x20000020   Data           4  motor.o(.data)
    _sec_num                                 0x20000024   Data           4  motor.o(.data)
    collide_key                              0x20000030   Data           1  collide_key.o(.data)
    follow_line_pwm_pid                      0x20000034   Data          24  follow_line.o(.data)
    labyrinth_pwm_pid                        0x20000060   Data          24  labyrinth.o(.data)
    auto_cross_pwm_pid                       0x2000007c   Data          24  auto_cross.o(.data)
    motor                                    0x2000009c   Data          40  motor.o(.bss)
    follow_line                              0x200000c4   Data         176  follow_line.o(.bss)
    car                                      0x20000174   Data          28  fsm.o(.bss)
    str_buf                                  0x20000190   Data         200  fsm.o(.bss)
    labyrinth                                0x20000258   Data         176  labyrinth.o(.bss)
    auto_cross                               0x20000308   Data         172  auto_cross.o(.bss)
    __libspace_start                         0x200003b4   Data          96  libspace.o(.bss)
    __temporary_stack_top$libspace           0x20000414   Data           0  libspace.o(.bss)



==============================================================================

Memory Map of the image

  Image Entry point : 0x00000145

  Load Region LR_IROM1 (Base: 0x00000000, Size: 0x000048ac, Max: 0x00040000, ABSOLUTE)

    Execution Region ER_IROM1 (Exec base: 0x00000000, Load base: 0x00000000, Size: 0x00004810, Max: 0x00040000, ABSOLUTE)

    Exec Addr    Load Addr    Size         Type   Attr      Idx    E Section Name        Object

    0x00000000   0x00000000   0x00000144   Data   RO           73    RESET               startup_msp432p401r_uvision.o
    0x00000144   0x00000144   0x00000008   Code   RO         2672  * !!!main             c_w.l(__main.o)
    0x0000014c   0x0000014c   0x00000034   Code   RO         2885    !!!scatter          c_w.l(__scatter.o)
    0x00000180   0x00000180   0x0000001a   Code   RO         2887    !!handler_copy      c_w.l(__scatter_copy.o)
    0x0000019a   0x0000019a   0x00000002   PAD
    0x0000019c   0x0000019c   0x0000001c   Code   RO         2889    !!handler_zi        c_w.l(__scatter_zi.o)
    0x000001b8   0x000001b8   0x00000000   Code   RO         2667    .ARM.Collect$$_printf_percent$$00000000  c_w.l(_printf_percent.o)
    0x000001b8   0x000001b8   0x00000006   Code   RO         2666    .ARM.Collect$$_printf_percent$$00000009  c_w.l(_printf_d.o)
    0x000001be   0x000001be   0x00000004   Code   RO         2717    .ARM.Collect$$_printf_percent$$00000017  c_w.l(_printf_percent_end.o)
    0x000001c2   0x000001c2   0x00000002   Code   RO         2757    .ARM.Collect$$libinit$$00000000  c_w.l(libinit.o)
    0x000001c4   0x000001c4   0x00000004   Code   RO         2763    .ARM.Collect$$libinit$$00000001  c_w.l(libinit2.o)
    0x000001c8   0x000001c8   0x00000000   Code   RO         2766    .ARM.Collect$$libinit$$00000004  c_w.l(libinit2.o)
    0x000001c8   0x000001c8   0x00000000   Code   RO         2769    .ARM.Collect$$libinit$$0000000A  c_w.l(libinit2.o)
    0x000001c8   0x000001c8   0x00000000   Code   RO         2771    .ARM.Collect$$libinit$$0000000C  c_w.l(libinit2.o)
    0x000001c8   0x000001c8   0x00000000   Code   RO         2773    .ARM.Collect$$libinit$$0000000E  c_w.l(libinit2.o)
    0x000001c8   0x000001c8   0x00000000   Code   RO         2776    .ARM.Collect$$libinit$$00000011  c_w.l(libinit2.o)
    0x000001c8   0x000001c8   0x00000000   Code   RO         2778    .ARM.Collect$$libinit$$00000013  c_w.l(libinit2.o)
    0x000001c8   0x000001c8   0x00000000   Code   RO         2780    .ARM.Collect$$libinit$$00000015  c_w.l(libinit2.o)
    0x000001c8   0x000001c8   0x00000000   Code   RO         2782    .ARM.Collect$$libinit$$00000017  c_w.l(libinit2.o)
    0x000001c8   0x000001c8   0x00000000   Code   RO         2784    .ARM.Collect$$libinit$$00000019  c_w.l(libinit2.o)
    0x000001c8   0x000001c8   0x00000000   Code   RO         2786    .ARM.Collect$$libinit$$0000001B  c_w.l(libinit2.o)
    0x000001c8   0x000001c8   0x00000000   Code   RO         2788    .ARM.Collect$$libinit$$0000001D  c_w.l(libinit2.o)
    0x000001c8   0x000001c8   0x00000000   Code   RO         2790    .ARM.Collect$$libinit$$0000001F  c_w.l(libinit2.o)
    0x000001c8   0x000001c8   0x00000000   Code   RO         2792    .ARM.Collect$$libinit$$00000021  c_w.l(libinit2.o)
    0x000001c8   0x000001c8   0x00000000   Code   RO         2794    .ARM.Collect$$libinit$$00000023  c_w.l(libinit2.o)
    0x000001c8   0x000001c8   0x00000000   Code   RO         2796    .ARM.Collect$$libinit$$00000025  c_w.l(libinit2.o)
    0x000001c8   0x000001c8   0x00000000   Code   RO         2800    .ARM.Collect$$libinit$$0000002C  c_w.l(libinit2.o)
    0x000001c8   0x000001c8   0x00000000   Code   RO         2802    .ARM.Collect$$libinit$$0000002E  c_w.l(libinit2.o)
    0x000001c8   0x000001c8   0x00000000   Code   RO         2804    .ARM.Collect$$libinit$$00000030  c_w.l(libinit2.o)
    0x000001c8   0x000001c8   0x00000000   Code   RO         2806    .ARM.Collect$$libinit$$00000032  c_w.l(libinit2.o)
    0x000001c8   0x000001c8   0x00000002   Code   RO         2807    .ARM.Collect$$libinit$$00000033  c_w.l(libinit2.o)
    0x000001ca   0x000001ca   0x00000002   Code   RO         2825    .ARM.Collect$$libshutdown$$00000000  c_w.l(libshutdown.o)
    0x000001cc   0x000001cc   0x00000000   Code   RO         2835    .ARM.Collect$$libshutdown$$00000002  c_w.l(libshutdown2.o)
    0x000001cc   0x000001cc   0x00000000   Code   RO         2837    .ARM.Collect$$libshutdown$$00000004  c_w.l(libshutdown2.o)
    0x000001cc   0x000001cc   0x00000000   Code   RO         2839    .ARM.Collect$$libshutdown$$00000006  c_w.l(libshutdown2.o)
    0x000001cc   0x000001cc   0x00000000   Code   RO         2842    .ARM.Collect$$libshutdown$$00000009  c_w.l(libshutdown2.o)
    0x000001cc   0x000001cc   0x00000000   Code   RO         2845    .ARM.Collect$$libshutdown$$0000000C  c_w.l(libshutdown2.o)
    0x000001cc   0x000001cc   0x00000000   Code   RO         2847    .ARM.Collect$$libshutdown$$0000000E  c_w.l(libshutdown2.o)
    0x000001cc   0x000001cc   0x00000000   Code   RO         2850    .ARM.Collect$$libshutdown$$00000011  c_w.l(libshutdown2.o)
    0x000001cc   0x000001cc   0x00000002   Code   RO         2851    .ARM.Collect$$libshutdown$$00000012  c_w.l(libshutdown2.o)
    0x000001ce   0x000001ce   0x00000000   Code   RO         2708    .ARM.Collect$$rtentry$$00000000  c_w.l(__rtentry.o)
    0x000001ce   0x000001ce   0x00000000   Code   RO         2728    .ARM.Collect$$rtentry$$00000002  c_w.l(__rtentry2.o)
    0x000001ce   0x000001ce   0x00000006   Code   RO         2740    .ARM.Collect$$rtentry$$00000004  c_w.l(__rtentry4.o)
    0x000001d4   0x000001d4   0x00000000   Code   RO         2730    .ARM.Collect$$rtentry$$00000009  c_w.l(__rtentry2.o)
    0x000001d4   0x000001d4   0x00000004   Code   RO         2731    .ARM.Collect$$rtentry$$0000000A  c_w.l(__rtentry2.o)
    0x000001d8   0x000001d8   0x00000000   Code   RO         2733    .ARM.Collect$$rtentry$$0000000C  c_w.l(__rtentry2.o)
    0x000001d8   0x000001d8   0x00000008   Code   RO         2734    .ARM.Collect$$rtentry$$0000000D  c_w.l(__rtentry2.o)
    0x000001e0   0x000001e0   0x00000002   Code   RO         2761    .ARM.Collect$$rtexit$$00000000  c_w.l(rtexit.o)
    0x000001e2   0x000001e2   0x00000000   Code   RO         2809    .ARM.Collect$$rtexit$$00000002  c_w.l(rtexit2.o)
    0x000001e2   0x000001e2   0x00000004   Code   RO         2810    .ARM.Collect$$rtexit$$00000003  c_w.l(rtexit2.o)
    0x000001e6   0x000001e6   0x00000006   Code   RO         2811    .ARM.Collect$$rtexit$$00000004  c_w.l(rtexit2.o)
    0x000001ec   0x000001ec   0x0000003c   Code   RO           74    .text               startup_msp432p401r_uvision.o
    0x00000228   0x00000228   0x00000002   Code   RO         2632    .text               c_w.l(use_no_semi_2.o)
    0x0000022a   0x0000022a   0x00000002   PAD
    0x0000022c   0x0000022c   0x00000018   Code   RO         2638    .text               c_w.l(noretval__2printf.o)
    0x00000244   0x00000244   0x00000028   Code   RO         2640    .text               c_w.l(noretval__2sprintf.o)
    0x0000026c   0x0000026c   0x00000068   Code   RO         2642    .text               c_w.l(__printf.o)
    0x000002d4   0x000002d4   0x00000078   Code   RO         2644    .text               c_w.l(_printf_dec.o)
    0x0000034c   0x0000034c   0x00000064   Code   RO         2668    .text               c_w.l(rt_memcpy_w.o)
    0x000003b0   0x000003b0   0x00000006   Code   RO         2670    .text               c_w.l(heapauxi.o)
    0x000003b6   0x000003b6   0x00000002   Code   RO         2706    .text               c_w.l(use_no_semi.o)
    0x000003b8   0x000003b8   0x000000b2   Code   RO         2709    .text               c_w.l(_printf_intcommon.o)
    0x0000046a   0x0000046a   0x00000002   PAD
    0x0000046c   0x0000046c   0x00000030   Code   RO         2711    .text               c_w.l(_printf_char_common.o)
    0x0000049c   0x0000049c   0x0000000a   Code   RO         2713    .text               c_w.l(_sputc.o)
    0x000004a6   0x000004a6   0x00000002   PAD
    0x000004a8   0x000004a8   0x00000024   Code   RO         2715    .text               c_w.l(_printf_char_file.o)
    0x000004cc   0x000004cc   0x00000008   Code   RO         2744    .text               c_w.l(ferror.o)
    0x000004d4   0x000004d4   0x0000004a   Code   RO         2748    .text               c_w.l(sys_stackheap_outer.o)
    0x0000051e   0x0000051e   0x00000012   Code   RO         2750    .text               c_w.l(exit.o)
    0x00000530   0x00000530   0x00000008   Code   RO         2758    .text               c_w.l(libspace.o)
    0x00000538   0x00000538   0x0000006c   Code   RO          267    i.ADC14_IRQHandler  adc.o
    0x000005a4   0x000005a4   0x0000002c   Code   RO         1382    i.ADC14_getMultiSequenceResult  msp432p4xx_driverlib.lib(adc14.o)
    0x000005d0   0x000005d0   0x00000024   Code   RO         1636    i.CS_clearInterruptFlag  msp432p4xx_driverlib.lib(cs.o)
    0x000005f4   0x000005f4   0x00000018   Code   RO         1645    i.CS_getACLK        msp432p4xx_driverlib.lib(cs.o)
    0x0000060c   0x0000060c   0x0000010c   Code   RO         1647    i.CS_getDCOFrequency  msp432p4xx_driverlib.lib(cs.o)
    0x00000718   0x00000718   0x00000018   Code   RO         1651    i.CS_getMCLK        msp432p4xx_driverlib.lib(cs.o)
    0x00000730   0x00000730   0x00000018   Code   RO         1652    i.CS_getSMCLK       msp432p4xx_driverlib.lib(cs.o)
    0x00000748   0x00000748   0x0000000c   Code   RO         1659    i.CS_setExternalClockSourceFrequency  msp432p4xx_driverlib.lib(cs.o)
    0x00000754   0x00000754   0x00000006   Code   RO         1662    i.CS_startHFXT      msp432p4xx_driverlib.lib(cs.o)
    0x0000075a   0x0000075a   0x00000002   PAD
    0x0000075c   0x0000075c   0x000000a0   Code   RO         1663    i.CS_startHFXTWithTimeout  msp432p4xx_driverlib.lib(cs.o)
    0x000007fc   0x000007fc   0x00000006   Code   RO         1664    i.CS_startLFXT      msp432p4xx_driverlib.lib(cs.o)
    0x00000802   0x00000802   0x00000002   PAD
    0x00000804   0x00000804   0x000000a0   Code   RO         1665    i.CS_startLFXTWithTimeout  msp432p4xx_driverlib.lib(cs.o)
    0x000008a4   0x000008a4   0x00000014   Code   RO         1866    i.GPIO_getInputPinValue  msp432p4xx_driverlib.lib(gpio.o)
    0x000008b8   0x000008b8   0x0000001c   Code   RO         1868    i.GPIO_interruptEdgeSelect  msp432p4xx_driverlib.lib(gpio.o)
    0x000008d4   0x000008d4   0x00000024   Code   RO         1870    i.GPIO_setAsInputPin  msp432p4xx_driverlib.lib(gpio.o)
    0x000008f8   0x000008f8   0x00000020   Code   RO         1873    i.GPIO_setAsOutputPin  msp432p4xx_driverlib.lib(gpio.o)
    0x00000918   0x00000918   0x00000014   Code   RO         1878    i.GPIO_setOutputHighOnPin  msp432p4xx_driverlib.lib(gpio.o)
    0x0000092c   0x0000092c   0x00000014   Code   RO         1879    i.GPIO_setOutputLowOnPin  msp432p4xx_driverlib.lib(gpio.o)
    0x00000940   0x00000940   0x00000024   Code   RO          521    i.I2C_SW_Configuration  oled.o
    0x00000964   0x00000964   0x00000030   Code   RO          522    i.I2C_Start         oled.o
    0x00000994   0x00000994   0x00000028   Code   RO          523    i.I2C_Stop          oled.o
    0x000009bc   0x000009bc   0x00000028   Code   RO          524    i.I2C_WaitAck       oled.o
    0x000009e4   0x000009e4   0x00000060   Code   RO          302    i.KEY_Init          key.o
    0x00000a44   0x00000a44   0x00000012   Code   RO          383    i.LED_B_Off         led.o
    0x00000a56   0x00000a56   0x00000012   Code   RO          384    i.LED_B_On          led.o
    0x00000a68   0x00000a68   0x00000010   Code   RO          386    i.LED_C_On          led.o
    0x00000a78   0x00000a78   0x00000012   Code   RO          387    i.LED_G_Off         led.o
    0x00000a8a   0x00000a8a   0x00000012   Code   RO          388    i.LED_G_On          led.o
    0x00000a9c   0x00000a9c   0x00000030   Code   RO          390    i.LED_Init          led.o
    0x00000acc   0x00000acc   0x00000010   Code   RO          391    i.LED_P_On          led.o
    0x00000adc   0x00000adc   0x00000012   Code   RO          392    i.LED_RED_Off       led.o
    0x00000aee   0x00000aee   0x00000012   Code   RO          393    i.LED_RED_On        led.o
    0x00000b00   0x00000b00   0x00000012   Code   RO          395    i.LED_R_Off         led.o
    0x00000b12   0x00000b12   0x00000012   Code   RO          396    i.LED_R_On          led.o
    0x00000b24   0x00000b24   0x0000006c   Code   RO          398    i.LED_Show_Staus    led.o
    0x00000b90   0x00000b90   0x00000010   Code   RO          400    i.LED_W_On          led.o
    0x00000ba0   0x00000ba0   0x00000010   Code   RO          402    i.LED_Y_On          led.o
    0x00000bb0   0x00000bb0   0x00000040   Code   RO          525    i.OLED_Clear        oled.o
    0x00000bf0   0x00000bf0   0x000000ec   Code   RO          531    i.OLED_Init         oled.o
    0x00000cdc   0x00000cdc   0x0000002a   Code   RO          532    i.OLED_Set_Pos      oled.o
    0x00000d06   0x00000d06   0x00000002   PAD
    0x00000d08   0x00000d08   0x000000d4   Code   RO          533    i.OLED_ShowChar     oled.o
    0x00000ddc   0x00000ddc   0x00000042   Code   RO          536    i.OLED_ShowString   oled.o
    0x00000e1e   0x00000e1e   0x00000038   Code   RO          537    i.OLED_WR_Byte      oled.o
    0x00000e56   0x00000e56   0x00000002   PAD
    0x00000e58   0x00000e58   0x000001f0   Code   RO         1313    i.PID_calc          pid.o
    0x00001048   0x00001048   0x00000060   Code   RO         1315    i.PID_init          pid.o
    0x000010a8   0x000010a8   0x0000007c   Code   RO           81    i.PORT1_IRQHandler  main.o
    0x00001124   0x00001124   0x000000ec   Code   RO         1044    i.PORT4_IRQHandler  collide_key.o
    0x00001210   0x00001210   0x00000058   Code   RO          538    i.Send_Byte         oled.o
    0x00001268   0x00001268   0x00000010   Code   RO         2480    i.SysCtl_A_disableNMISource  msp432p4xx_driverlib.lib(sysctl_a.o)
    0x00001278   0x00001278   0x00000010   Code   RO         2485    i.SysCtl_A_enableNMISource  msp432p4xx_driverlib.lib(sysctl_a.o)
    0x00001288   0x00001288   0x00000010   Code   RO         2491    i.SysCtl_A_getNMISourceStatus  msp432p4xx_driverlib.lib(sysctl_a.o)
    0x00001298   0x00001298   0x00000048   Code   RO         2493    i.SysCtl_A_getTLVInfo  msp432p4xx_driverlib.lib(sysctl_a.o)
    0x000012e0   0x000012e0   0x00000094   Code   RO          803    i.SysInit           sysinit.o
    0x00001374   0x00001374   0x0000006c   Code   RO            5    i.SystemInit        system_msp432p401r.o
    0x000013e0   0x000013e0   0x00000018   Code   RO          659    i.T32_INT1_IRQHandler  tim32.o
    0x000013f8   0x000013f8   0x00000018   Code   RO          660    i.T32_INT2_IRQHandler  tim32.o
    0x00001410   0x00001410   0x00000024   Code   RO          701    i.TA0_0_IRQHandler  tima.o
    0x00001434   0x00001434   0x000000e8   Code   RO          919    i.TA2_0_IRQHandler  motor.o
    0x0000151c   0x0000151c   0x000000ec   Code   RO          702    i.TA2_N_IRQHandler  tima.o
    0x00001608   0x00001608   0x00000064   Code   RO          920    i.TA3_0_IRQHandler  motor.o
    0x0000166c   0x0000166c   0x00000064   Code   RO          921    i.TA3_N_IRQHandler  motor.o
    0x000016d0   0x000016d0   0x0000005c   Code   RO          922    i.TimA2_Int_Init    motor.o
    0x0000172c   0x0000172c   0x00000010   Code   RO         2016    i.Timer_A_getCaptureCompareCount  msp432p4xx_driverlib.lib(timer_a.o)
    0x0000173c   0x0000173c   0x00000092   Code   RO         2201    i.UART_initModule   msp432p4xx_driverlib.lib(uart.o)
    0x000017ce   0x000017ce   0x00000016   Code   RO         2210    i.UART_transmitData  msp432p4xx_driverlib.lib(uart.o)
    0x000017e4   0x000017e4   0x000000c0   Code   RO         1668    i._CSComputeCLKFrequency  msp432p4xx_driverlib.lib(cs.o)
    0x000018a4   0x000018a4   0x00000098   Code   RO         1669    i._CSGetHFXTFrequency  msp432p4xx_driverlib.lib(cs.o)
    0x0000193c   0x0000193c   0x00000004   Code   RO          756    i._sys_exit         usart.o
    0x00001940   0x00001940   0x00000068   Code   RO         1256    i.auto_cross_init   auto_cross.o
    0x000019a8   0x000019a8   0x00000016   Code   RO         1257    i.auto_cross_loop   auto_cross.o
    0x000019be   0x000019be   0x00000012   Code   RO          865    i.bitPosition       baudrate_calculate.o
    0x000019d0   0x000019d0   0x00000044   Code   RO          923    i.car_back_straight  motor.o
    0x00001a14   0x00001a14   0x00000044   Code   RO          924    i.car_go_straight   motor.o
    0x00001a58   0x00001a58   0x00000016   Code   RO          925    i.car_stop          motor.o
    0x00001a6e   0x00001a6e   0x00000002   PAD
    0x00001a70   0x00001a70   0x00000044   Code   RO          927    i.car_turn_l_90_degree  motor.o
    0x00001ab4   0x00001ab4   0x00000044   Code   RO          928    i.car_turn_r_90_degree  motor.o
    0x00001af8   0x00001af8   0x000000d4   Code   RO          929    i.coder_init        motor.o
    0x00001bcc   0x00001bcc   0x000000f8   Code   RO         1045    i.collide_key_init  collide_key.o
    0x00001cc4   0x00001cc4   0x0000002c   Code   RO          827    i.delay_init        delay.o
    0x00001cf0   0x00001cf0   0x00000016   Code   RO          828    i.delay_ms          delay.o
    0x00001d06   0x00001d06   0x00000002   PAD
    0x00001d08   0x00001d08   0x0000004c   Code   RO          829    i.delay_us          delay.o
    0x00001d54   0x00001d54   0x00000168   Code   RO          866    i.eusci_calcBaudDividers  baudrate_calculate.o
    0x00001ebc   0x00001ebc   0x00000064   Code   RO         1091    i.follow_line_init  follow_line.o
    0x00001f20   0x00001f20   0x00000016   Code   RO         1092    i.follow_line_loop  follow_line.o
    0x00001f36   0x00001f36   0x00000002   PAD
    0x00001f38   0x00001f38   0x00000018   Code   RO          757    i.fputc             usart.o
    0x00001f50   0x00001f50   0x0000004c   Code   RO         1151    i.fsm_init          fsm.o
    0x00001f9c   0x00001f9c   0x000007e4   Code   RO         1152    i.fsm_loop          fsm.o
    0x00002780   0x00002780   0x00000010   Code   RO         1153    i.fsm_set_speed     fsm.o
    0x00002790   0x00002790   0x00000008   Code   RO         1258    i.get_auto_cross_info  auto_cross.o
    0x00002798   0x00002798   0x00000020   Code   RO         1093    i.get_bit_num       follow_line.o
    0x000027b8   0x000027b8   0x00000020   Code   RO         1193    i.get_bit_num       labyrinth.o
    0x000027d8   0x000027d8   0x00000020   Code   RO         1259    i.get_bit_num       auto_cross.o
    0x000027f8   0x000027f8   0x00000010   Code   RO         1046    i.get_collide_key_status  collide_key.o
    0x00002808   0x00002808   0x00000008   Code   RO         1094    i.get_follow_line_info  follow_line.o
    0x00002810   0x00002810   0x00000008   Code   RO         1194    i.get_labyrinth_info  labyrinth.o
    0x00002818   0x00002818   0x00000008   Code   RO          930    i.get_motor_info    motor.o
    0x00002820   0x00002820   0x0000000c   Code   RO          931    i.get_motor_sec     motor.o
    0x0000282c   0x0000282c   0x0000004c   Code   RO          895    i.infrared_sensor_read  infrared_led.o
    0x00002878   0x00002878   0x0000002a   Code   RO           82    i.key_delay         main.o
    0x000028a2   0x000028a2   0x0000002a   Code   RO         1047    i.key_delay         collide_key.o
    0x000028cc   0x000028cc   0x0000006c   Code   RO         1195    i.labyrinth_init    labyrinth.o
    0x00002938   0x00002938   0x000000c4   Code   RO         1196    i.labyrinth_loop    labyrinth.o
    0x000029fc   0x000029fc   0x00000054   Code   RO           83    i.main              main.o
    0x00002a50   0x00002a50   0x000000ec   Code   RO          932    i.motor_distance_loop  motor.o
    0x00002b3c   0x00002b3c   0x00000046   Code   RO          933    i.motor_init        motor.o
    0x00002b82   0x00002b82   0x00000002   PAD
    0x00002b84   0x00002b84   0x00000070   Code   RO          934    i.motor_pwm_init    motor.o
    0x00002bf4   0x00002bf4   0x00000094   Code   RO          935    i.motor_set_speed   motor.o
    0x00002c88   0x00002c88   0x00000040   Code   RO         1260    i.set_auto_cross_wd  auto_cross.o
    0x00002cc8   0x00002cc8   0x000000c4   Code   RO         1261    i.set_auto_cross_wheel_pwm  auto_cross.o
    0x00002d8c   0x00002d8c   0x000000b8   Code   RO         1262    i.set_auto_cross_wheel_speed  auto_cross.o
    0x00002e44   0x00002e44   0x00000070   Code   RO         1095    i.set_follow_line_wd  follow_line.o
    0x00002eb4   0x00002eb4   0x000000c4   Code   RO         1096    i.set_follow_line_wheel_pwm  follow_line.o
    0x00002f78   0x00002f78   0x00000098   Code   RO         1097    i.set_follow_line_wheel_speed  follow_line.o
    0x00003010   0x00003010   0x00000070   Code   RO         1197    i.set_labyrinth_wd  labyrinth.o
    0x00003080   0x00003080   0x000000c4   Code   RO         1198    i.set_labyrinth_wheel_pwm  labyrinth.o
    0x00003144   0x00003144   0x00000240   Code   RO         1199    i.set_labyrinth_wheel_speed  labyrinth.o
    0x00003384   0x00003384   0x0000004c   Code   RO          758    i.uart_init         usart.o
    0x000033d0   0x000033d0   0x00000018   Code   RO         2674    x$fpl$basic         fz_wm.l(basic.o)
    0x000033e8   0x000033e8   0x00000062   Code   RO         2676    x$fpl$d2f           fz_wm.l(d2f.o)
    0x0000344a   0x0000344a   0x00000002   PAD
    0x0000344c   0x0000344c   0x00000150   Code   RO         2678    x$fpl$dadd          fz_wm.l(daddsub_clz.o)
    0x0000359c   0x0000359c   0x000002b0   Code   RO         2685    x$fpl$ddiv          fz_wm.l(ddiv.o)
    0x0000384c   0x0000384c   0x0000005e   Code   RO         2688    x$fpl$dfix          fz_wm.l(dfix.o)
    0x000038aa   0x000038aa   0x00000002   PAD
    0x000038ac   0x000038ac   0x0000005a   Code   RO         2692    x$fpl$dfixu         fz_wm.l(dfixu.o)
    0x00003906   0x00003906   0x0000002e   Code   RO         2697    x$fpl$dflt          fz_wm.l(dflt_clz.o)
    0x00003934   0x00003934   0x00000026   Code   RO         2696    x$fpl$dfltu         fz_wm.l(dflt_clz.o)
    0x0000395a   0x0000395a   0x00000002   PAD
    0x0000395c   0x0000395c   0x00000154   Code   RO         2702    x$fpl$dmul          fz_wm.l(dmul.o)
    0x00003ab0   0x00003ab0   0x0000009c   Code   RO         2718    x$fpl$dnaninf       fz_wm.l(dnaninf.o)
    0x00003b4c   0x00003b4c   0x0000000c   Code   RO         2720    x$fpl$dretinf       fz_wm.l(dretinf.o)
    0x00003b58   0x00003b58   0x000001d4   Code   RO         2680    x$fpl$dsub          fz_wm.l(daddsub_clz.o)
    0x00003d2c   0x00003d2c   0x00000056   Code   RO         2704    x$fpl$f2d           fz_wm.l(f2d.o)
    0x00003d82   0x00003d82   0x0000008c   Code   RO         2722    x$fpl$fnaninf       fz_wm.l(fnaninf.o)
    0x00003e0e   0x00003e0e   0x0000000a   Code   RO         2817    x$fpl$fpinit        fz_wm.l(fpinit.o)
    0x00003e18   0x00003e18   0x0000000a   Code   RO         2724    x$fpl$fretinf       fz_wm.l(fretinf.o)
    0x00003e22   0x00003e22   0x00000000   Code   RO         2726    x$fpl$usenofp       fz_wm.l(usenofp.o)
    0x00003e22   0x00003e22   0x0000090a   Data   RO          540    .constdata          oled.o
    0x0000472c   0x0000472c   0x00000028   Data   RO          759    .constdata          usart.o
    0x00004754   0x00004754   0x00000050   Data   RO          937    .constdata          motor.o
    0x000047a4   0x000047a4   0x0000004c   Data   RO         1882    .constdata          msp432p4xx_driverlib.lib(gpio.o)
    0x000047f0   0x000047f0   0x00000020   Data   RO         2883    Region$$Table       anon$$obj.o


    Execution Region RW_IRAM1 (Exec base: 0x20000000, Load base: 0x00004810, Size: 0x00000618, Max: 0x00010000, ABSOLUTE)

    Exec Addr    Load Addr    Size         Type   Attr      Idx    E Section Name        Object

    0x20000000   0x00004810   0x00000010   Data   RW           84    .data               main.o
    0x20000010   0x00004820   0x00000004   Data   RW          269    .data               adc.o
    0x20000014   0x00004824   0x00000004   Data   RW          707    .data               tima.o
    0x20000018   0x00004828   0x00000004   Data   RW          760    .data               usart.o
    0x2000001c   0x0000482c   0x00000001   Data   RW          830    .data               delay.o
    0x2000001d   0x0000482d   0x00000003   PAD
    0x20000020   0x00004830   0x00000010   Data   RW          938    .data               motor.o
    0x20000030   0x00004840   0x00000001   Data   RW         1048    .data               collide_key.o
    0x20000031   0x00004841   0x00000003   PAD
    0x20000034   0x00004844   0x00000018   Data   RW         1099    .data               follow_line.o
    0x2000004c   0x0000485c   0x00000014   Data   RW         1155    .data               fsm.o
    0x20000060   0x00004870   0x0000001a   Data   RW         1201    .data               labyrinth.o
    0x2000007a   0x0000488a   0x00000002   PAD
    0x2000007c   0x0000488c   0x00000018   Data   RW         1264    .data               auto_cross.o
    0x20000094   0x000048a4   0x00000008   Data   RW         1670    .data               msp432p4xx_driverlib.lib(cs.o)
    0x2000009c        -       0x00000028   Zero   RW          936    .bss                motor.o
    0x200000c4        -       0x000000b0   Zero   RW         1098    .bss                follow_line.o
    0x20000174        -       0x000000e4   Zero   RW         1154    .bss                fsm.o
    0x20000258        -       0x000000b0   Zero   RW         1200    .bss                labyrinth.o
    0x20000308        -       0x000000ac   Zero   RW         1263    .bss                auto_cross.o
    0x200003b4        -       0x00000060   Zero   RW         2759    .bss                c_w.l(libspace.o)
    0x20000414   0x000048ac   0x00000004   PAD
    0x20000418        -       0x00000000   Zero   RW           72    HEAP                startup_msp432p401r_uvision.o
    0x20000418        -       0x00000200   Zero   RW           71    STACK               startup_msp432p401r_uvision.o


==============================================================================

Image component sizes


      Code (inc. data)   RO Data    RW Data    ZI Data      Debug   Object Name

       108         24          0          4          0       1083   adc.o
       610         52          0         24        172       4466   auto_cross.o
       378         12          0          0          0       2171   baudrate_calculate.o
       542         18          0          1          0       2709   collide_key.o
       142         14          0          1          0       1683   delay.o
       622         64          0         24        176       4459   follow_line.o
      2112        146          0         20        228       3928   fsm.o
        76          4          0          0          0        567   infrared_led.o
        96          4          0          0          0        543   key.o
      1228        104          0         26        176       5061   labyrinth.o
       364         12          0          0          0       6528   led.o
       250         36          0         16          0      15151   main.o
      1616        166         80         16         40       9605   motor.o
       928         34       2314          0          0       7287   oled.o
       592          8          0          0          0       3198   pid.o
        60         22        324          0        512        872   startup_msp432p401r_uvision.o
       148         14          0          0          0        494   sysinit.o
       108         22          0          0          0       5033   system_msp432p401r.o
        48         20          0          0          0        972   tim32.o
       272         24          0          4          0       1308   tima.o
       104         20         40          4          0       3330   usart.o

    ----------------------------------------------------------------------
     10416        820       2790        148       1304      80448   Object Totals
         0          0         32          0          0          0   (incl. Generated)
        12          0          0          8          0          0   (incl. Padding)

    ----------------------------------------------------------------------

      Code (inc. data)   RO Data    RW Data    ZI Data      Debug   Library Member Name

         8          0          0          0          0         68   __main.o
       104          0          0          0          0         84   __printf.o
         0          0          0          0          0          0   __rtentry.o
        12          0          0          0          0          0   __rtentry2.o
         6          0          0          0          0          0   __rtentry4.o
        52          8          0          0          0          0   __scatter.o
        26          0          0          0          0          0   __scatter_copy.o
        28          0          0          0          0          0   __scatter_zi.o
        48          6          0          0          0         96   _printf_char_common.o
        36          4          0          0          0         80   _printf_char_file.o
         6          0          0          0          0          0   _printf_d.o
       120         16          0          0          0         92   _printf_dec.o
       178          0          0          0          0         88   _printf_intcommon.o
         0          0          0          0          0          0   _printf_percent.o
         4          0          0          0          0          0   _printf_percent_end.o
        10          0          0          0          0         68   _sputc.o
        18          0          0          0          0         80   exit.o
         8          0          0          0          0         68   ferror.o
         6          0          0          0          0        152   heapauxi.o
         2          0          0          0          0          0   libinit.o
         6          0          0          0          0          0   libinit2.o
         2          0          0          0          0          0   libshutdown.o
         2          0          0          0          0          0   libshutdown2.o
         8          4          0          0         96         68   libspace.o
        24          4          0          0          0         84   noretval__2printf.o
        40          6          0          0          0         84   noretval__2sprintf.o
       100          0          0          0          0         80   rt_memcpy_w.o
         2          0          0          0          0          0   rtexit.o
        10          0          0          0          0          0   rtexit2.o
        74          0          0          0          0         80   sys_stackheap_outer.o
         2          0          0          0          0         68   use_no_semi.o
         2          0          0          0          0         68   use_no_semi_2.o
        24          0          0          0          0        164   basic.o
        98          4          0          0          0        140   d2f.o
       804         16          0          0          0        368   daddsub_clz.o
       688        140          0          0          0        256   ddiv.o
        94          4          0          0          0        140   dfix.o
        90          4          0          0          0        140   dfixu.o
        84          0          0          0          0        232   dflt_clz.o
       340         12          0          0          0        152   dmul.o
       156          4          0          0          0        140   dnaninf.o
        12          0          0          0          0        116   dretinf.o
        86          4          0          0          0        132   f2d.o
       140          4          0          0          0        132   fnaninf.o
        10          0          0          0          0        116   fpinit.o
        10          0          0          0          0        116   fretinf.o
         0          0          0          0          0          0   usenofp.o
        44          6          0          0          0       4582   adc14.o
      1064        170          0          8          0      13545   cs.o
       156         32         76          0          0       5271   gpio.o
       120         26          0          0          0       3378   sysctl_a.o
        16          0          0          0          0        725   timer_a.o
       168          0          0          0          0       5848   uart.o

    ----------------------------------------------------------------------
      5166        474         76          8        100      37101   Library Totals
        18          0          0          0          4          0   (incl. Padding)

    ----------------------------------------------------------------------

      Code (inc. data)   RO Data    RW Data    ZI Data      Debug   Library Name

       944         48          0          0         96       1408   c_w.l
      2636        192          0          0          0       2344   fz_wm.l
      1568        234         76          8          0      33349   msp432p4xx_driverlib.lib

    ----------------------------------------------------------------------
      5166        474         76          8        100      37101   Library Totals

    ----------------------------------------------------------------------

==============================================================================


      Code (inc. data)   RO Data    RW Data    ZI Data      Debug   

     15582       1294       2866        156       1404     104673   Grand Totals
     15582       1294       2866        156       1404     104673   ELF Image Totals
     15582       1294       2866        156          0          0   ROM Totals

==============================================================================

    Total RO  Size (Code + RO Data)                18448 (  18.02kB)
    Total RW  Size (RW Data + ZI Data)              1560 (   1.52kB)
    Total ROM Size (Code + RO Data + RW Data)      18604 (  18.17kB)

==============================================================================

