Component: ARM Compiler 5.06 update 7 (build 960) Tool: armlink [4d3601]

==============================================================================

Section Cross References

    system_msp432p401r.o(i.SystemCoreClockUpdate) refers to system_msp432p401r.o(.data) for SystemCoreClock
    startup_msp432p401r_uvision.o(STACK) refers (Special) to heapauxi.o(.text) for __use_two_region_memory
    startup_msp432p401r_uvision.o(HEAP) refers (Special) to heapauxi.o(.text) for __use_two_region_memory
    startup_msp432p401r_uvision.o(RESET) refers (Special) to heapauxi.o(.text) for __use_two_region_memory
    startup_msp432p401r_uvision.o(RESET) refers to startup_msp432p401r_uvision.o(STACK) for __initial_sp
    startup_msp432p401r_uvision.o(RESET) refers to startup_msp432p401r_uvision.o(.text) for Reset_Handler
    startup_msp432p401r_uvision.o(RESET) refers to tima.o(i.TA0_0_IRQHandler) for TA0_0_IRQHandler
    startup_msp432p401r_uvision.o(RESET) refers to motor.o(i.TA2_0_IRQHandler) for TA2_0_IRQHandler
    startup_msp432p401r_uvision.o(RESET) refers to tima.o(i.TA2_N_IRQHandler) for TA2_N_IRQHandler
    startup_msp432p401r_uvision.o(RESET) refers to motor.o(i.TA3_0_IRQHandler) for TA3_0_IRQHandler
    startup_msp432p401r_uvision.o(RESET) refers to motor.o(i.TA3_N_IRQHandler) for TA3_N_IRQHandler
    startup_msp432p401r_uvision.o(RESET) refers to adc.o(i.ADC14_IRQHandler) for ADC14_IRQHandler
    startup_msp432p401r_uvision.o(RESET) refers to tim32.o(i.T32_INT1_IRQHandler) for T32_INT1_IRQHandler
    startup_msp432p401r_uvision.o(RESET) refers to tim32.o(i.T32_INT2_IRQHandler) for T32_INT2_IRQHandler
    startup_msp432p401r_uvision.o(RESET) refers to key.o(i.PORT1_IRQHandler) for PORT1_IRQHandler
    startup_msp432p401r_uvision.o(.text) refers (Special) to heapauxi.o(.text) for __use_two_region_memory
    startup_msp432p401r_uvision.o(.text) refers to system_msp432p401r.o(i.SystemInit) for SystemInit
    startup_msp432p401r_uvision.o(.text) refers to __main.o(!!!main) for __main
    startup_msp432p401r_uvision.o(.text) refers to startup_msp432p401r_uvision.o(HEAP) for Heap_Mem
    startup_msp432p401r_uvision.o(.text) refers to startup_msp432p401r_uvision.o(STACK) for Stack_Mem
    main.o(i.main) refers to _printf_percent.o(.ARM.Collect$$_printf_percent$$00000000) for _printf_percent
    main.o(i.main) refers to _printf_f.o(.ARM.Collect$$_printf_percent$$00000003) for _printf_f
    main.o(i.main) refers to printf1.o(x$fpl$printf1) for _printf_fp_dec
    main.o(i.main) refers to sysinit.o(i.SysInit) for SysInit
    main.o(i.main) refers to usart.o(i.uart_init) for uart_init
    main.o(i.main) refers to delay.o(i.delay_init) for delay_init
    main.o(i.main) refers to adc.o(i.ADC_Config) for ADC_Config
    main.o(i.main) refers to fsm.o(i.fsm_init) for fsm_init
    main.o(i.main) refers to adc.o(i.get_adc14_vaule) for get_adc14_vaule
    main.o(i.main) refers to dflt_clz.o(x$fpl$dfltu) for __aeabi_ui2d
    main.o(i.main) refers to dmul.o(x$fpl$dmul) for __aeabi_dmul
    main.o(i.main) refers to ddiv.o(x$fpl$ddiv) for __aeabi_ddiv
    main.o(i.main) refers to noretval__2printf.o(.text) for __2printf
    main.o(i.main) refers to fsm.o(i.fsm_loop) for fsm_loop
    main.o(i.main) refers to delay.o(i.delay_ms) for delay_ms
    main.o(i.main) refers to main.o(.data) for adc14_vaule
    adc.o(i.ADC14_IRQHandler) refers to adc14.o(i.ADC14_getMultiSequenceResult) for ADC14_getMultiSequenceResult
    adc.o(i.ADC14_IRQHandler) refers to adc.o(.data) for resultsBuffer
    adc.o(i.ADC_Config) refers to adc14.o(i.ADC14_configureMultiSequenceMode) for ADC14_configureMultiSequenceMode
    adc.o(i.ADC_Config) refers to adc14.o(i.ADC14_configureConversionMemory) for ADC14_configureConversionMemory
    adc.o(i.get_adc14_vaule) refers to adc.o(.data) for resultsBuffer
    key.o(i.KEY_Scan) refers to key.o(i.key_delay) for key_delay
    key.o(i.KEY_Scan) refers to key.o(.data) for key_up
    key.o(i.PORT1_IRQHandler) refers to key.o(i.key_delay) for key_delay
    key4x4.o(i.KEY4x4_Scan) refers to key4x4.o(i.key_delay) for key_delay
    key4x4.o(i.KEY4x4_Scan) refers to key4x4.o(.data) for key_up
    led.o(i.LED_C_On) refers to led.o(i.LED_R_Off) for LED_R_Off
    led.o(i.LED_C_On) refers to led.o(i.LED_G_On) for LED_G_On
    led.o(i.LED_C_On) refers to led.o(i.LED_B_On) for LED_B_On
    led.o(i.LED_Init) refers to led.o(i.LED_RED_Off) for LED_RED_Off
    led.o(i.LED_Init) refers to led.o(i.LED_R_Off) for LED_R_Off
    led.o(i.LED_Init) refers to led.o(i.LED_G_Off) for LED_G_Off
    led.o(i.LED_Init) refers to led.o(i.LED_B_Off) for LED_B_Off
    led.o(i.LED_P_On) refers to led.o(i.LED_R_On) for LED_R_On
    led.o(i.LED_P_On) refers to led.o(i.LED_G_Off) for LED_G_Off
    led.o(i.LED_P_On) refers to led.o(i.LED_B_On) for LED_B_On
    led.o(i.LED_Show_Staus) refers to led.o(i.LED_R_On) for LED_R_On
    led.o(i.LED_Show_Staus) refers to led.o(i.LED_G_Off) for LED_G_Off
[...]
    ../clib/stdio.c                          0x00000000   Number         0  ferror.o ABSOLUTE
    ../clib/stdlib.c                         0x00000000   Number         0  exit.o ABSOLUTE
    ../fplib/d2f.s                           0x00000000   Number         0  d2f.o ABSOLUTE
    ../fplib/daddsub.s                       0x00000000   Number         0  daddsub_clz.o ABSOLUTE
    ../fplib/dcmpi.s                         0x00000000   Number         0  dcmpi.o ABSOLUTE
    ../fplib/ddiv.s                          0x00000000   Number         0  ddiv.o ABSOLUTE
    ../fplib/dfix.s                          0x00000000   Number         0  dfix.o ABSOLUTE
    ../fplib/dfixu.s                         0x00000000   Number         0  dfixu.o ABSOLUTE
    ../fplib/dflt.s                          0x00000000   Number         0  dflt_clz.o ABSOLUTE
    ../fplib/dleqf.s                         0x00000000   Number         0  dleqf.o ABSOLUTE
    ../fplib/dmul.s                          0x00000000   Number         0  dmul.o ABSOLUTE
    ../fplib/dnaninf.s                       0x00000000   Number         0  dnaninf.o ABSOLUTE
    ../fplib/dretinf.s                       0x00000000   Number         0  dretinf.o ABSOLUTE
    ../fplib/f2d.s                           0x00000000   Number         0  f2d.o ABSOLUTE
    ../fplib/fnaninf.s                       0x00000000   Number         0  fnaninf.o ABSOLUTE
    ../fplib/fpinit.s                        0x00000000   Number         0  fpinit.o ABSOLUTE
    ../fplib/fretinf.s                       0x00000000   Number         0  fretinf.o ABSOLUTE
    ../fplib/istatus.s                       0x00000000   Number         0  istatus.o ABSOLUTE
    ../fplib/printf1.s                       0x00000000   Number         0  printf1.o ABSOLUTE
    ../fplib/usenofp.s                       0x00000000   Number         0  usenofp.o ABSOLUTE
    ../mathlib/fpclassify.c                  0x00000000   Number         0  fpclassify.o ABSOLUTE
    ..\..\algorithm\pid.c                    0x00000000   Number         0  pid.o ABSOLUTE
    ..\..\application\follow_line.c          0x00000000   Number         0  follow_line.o ABSOLUTE
    ..\..\application\fsm.c                  0x00000000   Number         0  fsm.o ABSOLUTE
    ..\..\bsp\bsp_key.c                      0x00000000   Number         0  bsp_key.o ABSOLUTE
    ..\..\bsp\motor.c                        0x00000000   Number         0  motor.o ABSOLUTE
    ..\..\bsp\spwm.c                         0x00000000   Number         0  spwm.o ABSOLUTE
    ..\..\hardware\adc.c                     0x00000000   Number         0  adc.o ABSOLUTE
    ..\..\hardware\key.c                     0x00000000   Number         0  key.o ABSOLUTE
    ..\..\hardware\key4x4.c                  0x00000000   Number         0  key4x4.o ABSOLUTE
    ..\..\hardware\led.c                     0x00000000   Number         0  led.o ABSOLUTE
    ..\..\hardware\oled.c                    0x00000000   Number         0  oled.o ABSOLUTE
    ..\..\hardware\tim32.c                   0x00000000   Number         0  tim32.o ABSOLUTE
    ..\..\hardware\timA.c                    0x00000000   Number         0  tima.o ABSOLUTE
    ..\..\main.c                             0x00000000   Number         0  main.o ABSOLUTE
    ..\..\sys\baudrate_calculate.c           0x00000000   Number         0  baudrate_calculate.o ABSOLUTE
    ..\..\sys\delay.c                        0x00000000   Number         0  delay.o ABSOLUTE
    ..\..\sys\sysinit.c                      0x00000000   Number         0  sysinit.o ABSOLUTE
    ..\..\sys\usart.c                        0x00000000   Number         0  usart.o ABSOLUTE
    ..\..\system_msp432p401r.c               0x00000000   Number         0  system_msp432p401r.o ABSOLUTE
    ..\\..\\application\\follow_line.c       0x00000000   Number         0  follow_line.o ABSOLUTE
    ..\\..\\application\\fsm.c               0x00000000   Number         0  fsm.o ABSOLUTE
    ..\\..\\bsp\\bsp_key.c                   0x00000000   Number         0  bsp_key.o ABSOLUTE
    ..\\..\\bsp\\motor.c                     0x00000000   Number         0  motor.o ABSOLUTE
    ..\\..\\bsp\\spwm.c                      0x00000000   Number         0  spwm.o ABSOLUTE
    ..\\..\\hardware\\adc.c                  0x00000000   Number         0  adc.o ABSOLUTE
    ..\\..\\hardware\\key.c                  0x00000000   Number         0  key.o ABSOLUTE
    ..\\..\\hardware\\key4x4.c               0x00000000   Number         0  key4x4.o ABSOLUTE
    ..\\..\\hardware\\led.c                  0x00000000   Number         0  led.o ABSOLUTE
    ..\\..\\hardware\\oled.c                 0x00000000   Number         0  oled.o ABSOLUTE
    ..\\..\\hardware\\tim32.c                0x00000000   Number         0  tim32.o ABSOLUTE
    ..\\..\\hardware\\timA.c                 0x00000000   Number         0  tima.o ABSOLUTE
    ..\\..\\main.c                           0x00000000   Number         0  main.o ABSOLUTE
    ..\\..\\sys\\baudrate_calculate.c        0x00000000   Number         0  baudrate_calculate.o ABSOLUTE
    ..\\..\\sys\\delay.c                     0x00000000   Number         0  delay.o ABSOLUTE
    ..\\..\\sys\\sysinit.c                   0x00000000   Number         0  sysinit.o ABSOLUTE
    ..\\..\\sys\\usart.c                     0x00000000   Number         0  usart.o ABSOLUTE
    ..\\..\\system_msp432p401r.c             0x00000000   Number         0  system_msp432p401r.o ABSOLUTE
    dc.s                                     0x00000000   Number         0  dc.o ABSOLUTE
    source/ti/devices/msp432p4xx/driverlib/adc14.c 0x00000000   Number         0  adc14.o ABSOLUTE
    source/ti/devices/msp432p4xx/driverlib/adc14.c 0x00000000   Number         0  adc14.o ABSOLUTE
    source/ti/devices/msp432p4xx/driverlib/cpu.c 0x00000000   Number         0  cpu.o ABSOLUTE
    source/ti/devices/msp432p4xx/driverlib/cpu.c 0x00000000   Number         0  cpu.o ABSOLUTE
    source/ti/devices/msp432p4xx/driverlib/cs.c 0x00000000   Number         0  cs.o ABSOLUTE
    source/ti/devices/msp432p4xx/driverlib/cs.c 0x00000000   Number         0  cs.o ABSOLUTE
    source/ti/devices/msp432p4xx/driverlib/gpio.c 0x00000000   Number         0  gpio.o ABSOLUTE
    source/ti/devices/msp432p4xx/driverlib/gpio.c 0x00000000   Number         0  gpio.o ABSOLUTE
    source/ti/devices/msp432p4xx/driverlib/interrupt.c 0x00000000   Number         0  interrupt.o ABSOLUTE
    source/ti/devices/msp432p4xx/driverlib/interrupt.c 0x00000000   Number         0  interrupt.o ABSOLUTE
    source/ti/devices/msp432p4xx/driverlib/sysctl_a.c 0x00000000   Number         0  sysctl_a.o ABSOLUTE
    source/ti/devices/msp432p4xx/driverlib/sysctl_a.c 0x00000000   Number         0  sysctl_a.o ABSOLUTE
    source/ti/devices/msp432p4xx/driverlib/timer_a.c 0x00000000   Number         0  timer_a.o ABSOLUTE
    source/ti/devices/msp432p4xx/driverlib/timer_a.c 0x00000000   Number         0  timer_a.o ABSOLUTE
    source/ti/devices/msp432p4xx/driverlib/uart.c 0x00000000   Number         0  uart.o ABSOLUTE
    source/ti/devices/msp432p4xx/driverlib/uart.c 0x00000000   Number         0  uart.o ABSOLUTE
    startup_msp432p401r_uvision.s            0x00000000   Number         0  startup_msp432p401r_uvision.o ABSOLUTE
    !!!main                                  0x00000144   Section        8  __main.o(!!!main)
    !!!scatter                               0x0000014c   Section       52  __scatter.o(!!!scatter)
    !!handler_copy                           0x00000180   Section       26  __scatter_copy.o(!!handler_copy)
    !!handler_zi                             0x0000019c   Section       28  __scatter_zi.o(!!handler_zi)
    .ARM.Collect$$_printf_percent$$00000000  0x000001b8   Section        0  _printf_percent.o(.ARM.Collect$$_printf_percent$$00000000)
    .ARM.Collect$$_printf_percent$$00000003  0x000001b8   Section        6  _printf_f.o(.ARM.Collect$$_printf_percent$$00000003)
    .ARM.Collect$$_printf_percent$$00000017  0x000001be   Section        4  _printf_percent_end.o(.ARM.Collect$$_printf_percent$$00000017)
    .ARM.Collect$$libinit$$00000000          0x000001c2   Section        2  libinit.o(.ARM.Collect$$libinit$$00000000)
    .ARM.Collect$$libinit$$00000001          0x000001c4   Section        4  libinit2.o(.ARM.Collect$$libinit$$00000001)
    .ARM.Collect$$libinit$$00000004          0x000001c8   Section        0  libinit2.o(.ARM.Collect$$libinit$$00000004)
    .ARM.Collect$$libinit$$0000000A          0x000001c8   Section        0  libinit2.o(.ARM.Collect$$libinit$$0000000A)
    .ARM.Collect$$libinit$$0000000C          0x000001c8   Section        0  libinit2.o(.ARM.Collect$$libinit$$0000000C)
    .ARM.Collect$$libinit$$0000000E          0x000001c8   Section        0  libinit2.o(.ARM.Collect$$libinit$$0000000E)
    .ARM.Collect$$libinit$$0000000F          0x000001c8   Section        6  libinit2.o(.ARM.Collect$$libinit$$0000000F)
    .ARM.Collect$$libinit$$00000011          0x000001ce   Section        0  libinit2.o(.ARM.Collect$$libinit$$00000011)
    .ARM.Collect$$libinit$$00000013          0x000001ce   Section        0  libinit2.o(.ARM.Collect$$libinit$$00000013)
    .ARM.Collect$$libinit$$00000015          0x000001ce   Section        0  libinit2.o(.ARM.Collect$$libinit$$00000015)
    .ARM.Collect$$libinit$$00000016          0x000001ce   Section       10  libinit2.o(.ARM.Collect$$libinit$$00000016)
    .ARM.Collect$$libinit$$00000017          0x000001d8   Section        0  libinit2.o(.ARM.Collect$$libinit$$00000017)
    .ARM.Collect$$libinit$$00000019          0x000001d8   Section        0  libinit2.o(.ARM.Collect$$libinit$$00000019)
    .ARM.Collect$$libinit$$0000001B          0x000001d8   Section        0  libinit2.o(.ARM.Collect$$libinit$$0000001B)
    .ARM.Collect$$libinit$$0000001D          0x000001d8   Section        0  libinit2.o(.ARM.Collect$$libinit$$0000001D)
    .ARM.Collect$$libinit$$0000001F          0x000001d8   Section        0  libinit2.o(.ARM.Collect$$libinit$$0000001F)
    .ARM.Collect$$libinit$$00000021          0x000001d8   Section        0  libinit2.o(.ARM.Collect$$libinit$$00000021)
    .ARM.Collect$$libinit$$00000023          0x000001d8   Section        0  libinit2.o(.ARM.Collect$$libinit$$00000023)
    .ARM.Collect$$libinit$$00000025          0x000001d8   Section        0  libinit2.o(.ARM.Collect$$libinit$$00000025)
    .ARM.Collect$$libinit$$0000002C          0x000001d8   Section        0  libinit2.o(.ARM.Collect$$libinit$$0000002C)
    .ARM.Collect$$libinit$$0000002E          0x000001d8   Section        0  libinit2.o(.ARM.Collect$$libinit$$0000002E)
    .ARM.Collect$$libinit$$00000030          0x000001d8   Section        0  libinit2.o(.ARM.Collect$$libinit$$00000030)
    .ARM.Collect$$libinit$$00000032          0x000001d8   Section        0  libinit2.o(.ARM.Collect$$libinit$$00000032)
    .ARM.Collect$$libinit$$00000033          0x000001d8   Section        2  libinit2.o(.ARM.Collect$$libinit$$00000033)
    .ARM.Collect$$libshutdown$$00000000      0x000001da   Section        2  libshutdown.o(.ARM.Collect$$libshutdown$$00000000)
    .ARM.Collect$$libshutdown$$00000002      0x000001dc   Section        0  libshutdown2.o(.ARM.Collect$$libshutdown$$00000002)
    .ARM.Collect$$libshutdown$$00000004      0x000001dc   Section        0  libshutdown2.o(.ARM.Collect$$libshutdown$$00000004)
    .ARM.Collect$$libshutdown$$00000006      0x000001dc   Section        0  libshutdown2.o(.ARM.Collect$$libshutdown$$00000006)
    .ARM.Collect$$libshutdown$$00000009      0x000001dc   Section        0  libshutdown2.o(.ARM.Collect$$libshutdown$$00000009)
    .ARM.Collect$$libshutdown$$0000000C      0x000001dc   Section        0  libshutdown2.o(.ARM.Collect$$libshutdown$$0000000C)
    .ARM.Collect$$libshutdown$$0000000E      0x000001dc   Section        0  libshutdown2.o(.ARM.Collect$$libshutdown$$0000000E)
    .ARM.Collect$$libshutdown$$00000011      0x000001dc   Section        0  libshutdown2.o(.ARM.Collect$$libshutdown$$00000011)
    .ARM.Collect$$libshutdown$$00000012      0x000001dc   Section        2  libshutdown2.o(.ARM.Collect$$libshutdown$$00000012)
    .ARM.Collect$$rtentry$$00000000          0x000001de   Section        0  __rtentry.o(.ARM.Collect$$rtentry$$00000000)
    .ARM.Collect$$rtentry$$00000002          0x000001de   Section        0  __rtentry2.o(.ARM.Collect$$rtentry$$00000002)
    .ARM.Collect$$rtentry$$00000004          0x000001de   Section        6  __rtentry4.o(.ARM.Collect$$rtentry$$00000004)
    .ARM.Collect$$rtentry$$00000009          0x000001e4   Section        0  __rtentry2.o(.ARM.Collect$$rtentry$$00000009)
    .ARM.Collect$$rtentry$$0000000A          0x000001e4   Section        4  __rtentry2.o(.ARM.Collect$$rtentry$$0000000A)
    .ARM.Collect$$rtentry$$0000000C          0x000001e8   Section        0  __rtentry2.o(.ARM.Collect$$rtentry$$0000000C)
    .ARM.Collect$$rtentry$$0000000D          0x000001e8   Section        8  __rtentry2.o(.ARM.Collect$$rtentry$$0000000D)
    .ARM.Collect$$rtexit$$00000000           0x000001f0   Section        2  rtexit.o(.ARM.Collect$$rtexit$$00000000)
    .ARM.Collect$$rtexit$$00000002           0x000001f2   Section        0  rtexit2.o(.ARM.Collect$$rtexit$$00000002)
    .ARM.Collect$$rtexit$$00000003           0x000001f2   Section        4  rtexit2.o(.ARM.Collect$$rtexit$$00000003)
    .ARM.Collect$$rtexit$$00000004           0x000001f6   Section        6  rtexit2.o(.ARM.Collect$$rtexit$$00000004)
    .text                                    0x000001fc   Section       64  startup_msp432p401r_uvision.o(.text)
    $v0                                      0x000001fc   Number         0  startup_msp432p401r_uvision.o(.text)
    .text                                    0x0000023c   Section        2  use_no_semi_2.o(.text)
    .text                                    0x00000240   Section        0  noretval__2printf.o(.text)
    .text                                    0x00000258   Section        0  __printf_wp.o(.text)
    .text                                    0x00000366   Section      100  rt_memcpy_w.o(.text)
    .text                                    0x000003ca   Section        0  heapauxi.o(.text)
    .text                                    0x000003d0   Section        2  use_no_semi.o(.text)
    .text                                    0x000003d2   Section        0  _printf_fp_dec.o(.text)
    _fp_digits                               0x000003d5   Thumb Code   432  _printf_fp_dec.o(.text)
    .text                                    0x000007f0   Section        0  _printf_char_file.o(.text)
    .text                                    0x00000814   Section        8  rt_locale_intlibspace.o(.text)
    .text                                    0x0000081c   Section      138  lludiv10.o(.text)
    .text                                    0x000008a8   Section        0  _printf_char_common.o(.text)
    _printf_input_char                       0x000008a9   Thumb Code    10  _printf_char_common.o(.text)
    .text                                    0x000008d8   Section        0  _printf_fp_infnan.o(.text)
    .text                                    0x00000958   Section        0  bigflt0.o(.text)
    .text                                    0x00000a3c   Section        0  ferror.o(.text)
    .text                                    0x00000a44   Section        8  libspace.o(.text)
    .text                                    0x00000a4c   Section       74  sys_stackheap_outer.o(.text)
    .text                                    0x00000a96   Section        0  exit.o(.text)
    .text                                    0x00000aa8   Section      128  strcmpv7m.o(.text)
    CL$$btod_d2e                             0x00000b28   Section       62  btod.o(CL$$btod_d2e)
    CL$$btod_d2e_denorm_low                  0x00000b66   Section       70  btod.o(CL$$btod_d2e_denorm_low)
    CL$$btod_d2e_norm_op1                    0x00000bac   Section       96  btod.o(CL$$btod_d2e_norm_op1)
    CL$$btod_div_common                      0x00000c0c   Section      824  btod.o(CL$$btod_div_common)
    CL$$btod_e2e                             0x00000f44   Section      220  btod.o(CL$$btod_e2e)
    CL$$btod_ediv                            0x00001020   Section       42  btod.o(CL$$btod_ediv)
    CL$$btod_emul                            0x0000104a   Section       42  btod.o(CL$$btod_emul)
    CL$$btod_mult_common                     0x00001074   Section      580  btod.o(CL$$btod_mult_common)
    i.ADC14_IRQHandler                       0x000012b8   Section        0  adc.o(i.ADC14_IRQHandler)
    i.ADC14_configureConversionMemory        0x000012f4   Section        0  adc14.o(i.ADC14_configureConversionMemory)
    i.ADC14_configureMultiSequenceMode       0x00001358   Section        0  adc14.o(i.ADC14_configureMultiSequenceMode)
    i.ADC14_getMultiSequenceResult           0x000013d4   Section        0  adc14.o(i.ADC14_getMultiSequenceResult)
    i.ADCIsConversionRunning                 0x00001400   Section        0  adc14.o(i.ADCIsConversionRunning)
    ADCIsConversionRunning                   0x00001401   Thumb Code    14  adc14.o(i.ADCIsConversionRunning)
    i.ADC_Config                             0x00001414   Section        0  adc.o(i.ADC_Config)
    i.CS_clearInterruptFlag                  0x000014c4   Section        0  cs.o(i.CS_clearInterruptFlag)
    i.CS_getACLK                             0x000014e8   Section        0  cs.o(i.CS_getACLK)
    i.CS_getDCOFrequency                     0x00001500   Section        0  cs.o(i.CS_getDCOFrequency)
    i.CS_getMCLK                             0x0000160c   Section        0  cs.o(i.CS_getMCLK)
    i.CS_getSMCLK                            0x00001624   Section        0  cs.o(i.CS_getSMCLK)
    i.CS_setExternalClockSourceFrequency     0x0000163c   Section        0  cs.o(i.CS_setExternalClockSourceFrequency)
    i.CS_startHFXT                           0x00001648   Section        0  cs.o(i.CS_startHFXT)
    i.CS_startHFXTWithTimeout                0x00001650   Section        0  cs.o(i.CS_startHFXTWithTimeout)
    i.CS_startLFXT                           0x000016f0   Section        0  cs.o(i.CS_startLFXT)
    i.CS_startLFXTWithTimeout                0x000016f8   Section        0  cs.o(i.CS_startLFXTWithTimeout)
    i.GPIO_getInputPinValue                  0x00001798   Section        0  gpio.o(i.GPIO_getInputPinValue)
    i.GPIO_setAsInputPin                     0x000017ac   Section        0  gpio.o(i.GPIO_setAsInputPin)
    i.GPIO_setAsOutputPin                    0x000017d0   Section        0  gpio.o(i.GPIO_setAsOutputPin)
    i.GPIO_setOutputHighOnPin                0x000017f0   Section        0  gpio.o(i.GPIO_setOutputHighOnPin)
    i.PID_calc                               0x00001804   Section        0  pid.o(i.PID_calc)
    i.PID_init                               0x000019f4   Section        0  pid.o(i.PID_init)
    i.PORT1_IRQHandler                       0x00001a54   Section        0  key.o(i.PORT1_IRQHandler)
    i.SysCtl_A_disableNMISource              0x00001aa4   Section        0  sysctl_a.o(i.SysCtl_A_disableNMISource)
    i.SysCtl_A_enableNMISource               0x00001ab4   Section        0  sysctl_a.o(i.SysCtl_A_enableNMISource)
    i.SysCtl_A_getNMISourceStatus            0x00001ac4   Section        0  sysctl_a.o(i.SysCtl_A_getNMISourceStatus)
    i.SysCtl_A_getTLVInfo                    0x00001ad4   Section        0  sysctl_a.o(i.SysCtl_A_getTLVInfo)
    i.SysInit                                0x00001b1c   Section        0  sysinit.o(i.SysInit)
    i.SystemInit                             0x00001bb0   Section        0  system_msp432p401r.o(i.SystemInit)
    i.T32_INT1_IRQHandler                    0x00001c1c   Section        0  tim32.o(i.T32_INT1_IRQHandler)
    i.T32_INT2_IRQHandler                    0x00001c34   Section        0  tim32.o(i.T32_INT2_IRQHandler)
    i.TA0_0_IRQHandler                       0x00001c4c   Section        0  tima.o(i.TA0_0_IRQHandler)
    i.TA2_0_IRQHandler                       0x00001c70   Section        0  motor.o(i.TA2_0_IRQHandler)
    i.TA2_N_IRQHandler                       0x00001cf8   Section        0  tima.o(i.TA2_N_IRQHandler)
    i.TA3_0_IRQHandler                       0x00001de4   Section        0  motor.o(i.TA3_0_IRQHandler)
    i.TA3_N_IRQHandler                       0x00001e48   Section        0  motor.o(i.TA3_N_IRQHandler)
    i.TimA2_Int_Init                         0x00001eac   Section        0  motor.o(i.TimA2_Int_Init)
    TimA2_Int_Init                           0x00001ead   Thumb Code    84  motor.o(i.TimA2_Int_Init)
    i.Timer_A_getCaptureCompareCount         0x00001f08   Section        0  timer_a.o(i.Timer_A_getCaptureCompareCount)
    i.UART_initModule                        0x00001f18   Section        0  uart.o(i.UART_initModule)
    i.UART_transmitData                      0x00001faa   Section        0  uart.o(i.UART_transmitData)
    i._CSComputeCLKFrequency                 0x00001fc0   Section        0  cs.o(i._CSComputeCLKFrequency)
    _CSComputeCLKFrequency                   0x00001fc1   Thumb Code   176  cs.o(i._CSComputeCLKFrequency)
    i._CSGetHFXTFrequency                    0x00002080   Section        0  cs.o(i._CSGetHFXTFrequency)
    _CSGetHFXTFrequency                      0x00002081   Thumb Code   106  cs.o(i._CSGetHFXTFrequency)
    i.__ARM_fpclassify                       0x00002118   Section        0  fpclassify.o(i.__ARM_fpclassify)
    i._getIndexForMemRegister                0x00002148   Section        0  adc14.o(i._getIndexForMemRegister)
    _getIndexForMemRegister                  0x00002149   Thumb Code   342  adc14.o(i._getIndexForMemRegister)
    i._is_digit                              0x0000229e   Section        0  __printf_wp.o(i._is_digit)
    i._sys_exit                              0x000022ac   Section        0  usart.o(i._sys_exit)
    i.bitPosition                            0x000022b0   Section        0  baudrate_calculate.o(i.bitPosition)
    i.coder_init                             0x000022c4   Section        0  motor.o(i.coder_init)
    coder_init                               0x000022c5   Thumb Code   200  motor.o(i.coder_init)
    i.delay_init                             0x00002398   Section        0  delay.o(i.delay_init)
    i.delay_ms                               0x000023c4   Section        0  delay.o(i.delay_ms)
    i.delay_us                               0x000023dc   Section        0  delay.o(i.delay_us)
    i.eusci_calcBaudDividers                 0x00002428   Section        0  baudrate_calculate.o(i.eusci_calcBaudDividers)
    i.follow_line_init                       0x00002590   Section        0  follow_line.o(i.follow_line_init)
    i.follow_line_loop                       0x00002634   Section        0  follow_line.o(i.follow_line_loop)
    i.fputc                                  0x00002644   Section        0  usart.o(i.fputc)
    i.fsm_init                               0x0000265c   Section        0  fsm.o(i.fsm_init)
    i.fsm_loop                               0x00002694   Section        0  fsm.o(i.fsm_loop)
    i.fsm_set_speed                          0x000027d0   Section        0  fsm.o(i.fsm_set_speed)
    fsm_set_speed                            0x000027d1   Thumb Code    10  fsm.o(i.fsm_set_speed)
    i.get_adc14_vaule                        0x000027e0   Section        0  adc.o(i.get_adc14_vaule)
    i.get_follow_line_info                   0x000027e8   Section        0  follow_line.o(i.get_follow_line_info)
    i.get_motor_info                         0x000027f0   Section        0  motor.o(i.get_motor_info)
    i.get_task_status                        0x000027f8   Section        0  bsp_key.o(i.get_task_status)
    i.key_delay                              0x00002804   Section        0  key.o(i.key_delay)
    key_delay                                0x00002805   Thumb Code    42  key.o(i.key_delay)
    i.key_init                               0x00002830   Section        0  bsp_key.o(i.key_init)
    i.key_loop                               0x00002850   Section        0  bsp_key.o(i.key_loop)
    i.main                                   0x000028a0   Section        0  main.o(i.main)
    i.motor_distance_loop                    0x0000296c   Section        0  motor.o(i.motor_distance_loop)
    motor_distance_loop                      0x0000296d   Thumb Code   214  motor.o(i.motor_distance_loop)
    i.motor_init                             0x00002a58   Section        0  motor.o(i.motor_init)
    i.motor_pwm_init                         0x00002aa0   Section        0  motor.o(i.motor_pwm_init)
    motor_pwm_init                           0x00002aa1   Thumb Code   106  motor.o(i.motor_pwm_init)
    i.motor_set_speed                        0x00002b10   Section        0  motor.o(i.motor_set_speed)
    i.set_follow_line_wd                     0x00002ba4   Section        0  follow_line.o(i.set_follow_line_wd)
    set_follow_line_wd                       0x00002ba5   Thumb Code    90  follow_line.o(i.set_follow_line_wd)
    i.set_follow_line_wheel_pwm              0x00002c1c   Section        0  follow_line.o(i.set_follow_line_wheel_pwm)
    set_follow_line_wheel_pwm                0x00002c1d   Thumb Code   176  follow_line.o(i.set_follow_line_wheel_pwm)
    i.set_follow_line_wheel_speed            0x00002ce0   Section        0  follow_line.o(i.set_follow_line_wheel_speed)
    set_follow_line_wheel_speed              0x00002ce1   Thumb Code    94  follow_line.o(i.set_follow_line_wheel_speed)
    i.uart_init                              0x00002d4c   Section        0  usart.o(i.uart_init)
    locale$$code                             0x00002d98   Section       44  lc_numeric_c.o(locale$$code)
    x$fpl$d2f                                0x00002dc4   Section       98  d2f.o(x$fpl$d2f)
    $v0                                      0x00002dc4   Number         0  d2f.o(x$fpl$d2f)
    x$fpl$dadd                               0x00002e28   Section      336  daddsub_clz.o(x$fpl$dadd)
    $v0                                      0x00002e28   Number         0  daddsub_clz.o(x$fpl$dadd)
    _dadd1                                   0x00002e39   Thumb Code     0  daddsub_clz.o(x$fpl$dadd)
    x$fpl$dcmpinf                            0x00002f78   Section       24  dcmpi.o(x$fpl$dcmpinf)
    $v0                                      0x00002f78   Number         0  dcmpi.o(x$fpl$dcmpinf)
    x$fpl$ddiv                               0x00002f90   Section      688  ddiv.o(x$fpl$ddiv)
    $v0                                      0x00002f90   Number         0  ddiv.o(x$fpl$ddiv)
    ddiv_entry                               0x00002f97   Thumb Code     0  ddiv.o(x$fpl$ddiv)
    x$fpl$dfix                               0x00003240   Section       94  dfix.o(x$fpl$dfix)
    $v0                                      0x00003240   Number         0  dfix.o(x$fpl$dfix)
    x$fpl$dfixu                              0x000032a0   Section       90  dfixu.o(x$fpl$dfixu)
    $v0                                      0x000032a0   Number         0  dfixu.o(x$fpl$dfixu)
    x$fpl$dflt                               0x000032fa   Section       46  dflt_clz.o(x$fpl$dflt)
    $v0                                      0x000032fa   Number         0  dflt_clz.o(x$fpl$dflt)
    x$fpl$dfltu                              0x00003328   Section       38  dflt_clz.o(x$fpl$dfltu)
    $v0                                      0x00003328   Number         0  dflt_clz.o(x$fpl$dfltu)
    x$fpl$dleqf                              0x00003350   Section      120  dleqf.o(x$fpl$dleqf)
    $v0                                      0x00003350   Number         0  dleqf.o(x$fpl$dleqf)
    x$fpl$dmul                               0x000033c8   Section      340  dmul.o(x$fpl$dmul)
    $v0                                      0x000033c8   Number         0  dmul.o(x$fpl$dmul)
    x$fpl$dnaninf                            0x0000351c   Section      156  dnaninf.o(x$fpl$dnaninf)
    $v0                                      0x0000351c   Number         0  dnaninf.o(x$fpl$dnaninf)
    x$fpl$dretinf                            0x000035b8   Section       12  dretinf.o(x$fpl$dretinf)
    $v0                                      0x000035b8   Number         0  dretinf.o(x$fpl$dretinf)
    x$fpl$dsub                               0x000035c4   Section      468  daddsub_clz.o(x$fpl$dsub)
    $v0                                      0x000035c4   Number         0  daddsub_clz.o(x$fpl$dsub)
    _dsub1                                   0x000035d5   Thumb Code     0  daddsub_clz.o(x$fpl$dsub)
    x$fpl$f2d                                0x00003798   Section       86  f2d.o(x$fpl$f2d)
    $v0                                      0x00003798   Number         0  f2d.o(x$fpl$f2d)
    x$fpl$fnaninf                            0x000037ee   Section      140  fnaninf.o(x$fpl$fnaninf)
    $v0                                      0x000037ee   Number         0  fnaninf.o(x$fpl$fnaninf)
    x$fpl$fpinit                             0x0000387a   Section       10  fpinit.o(x$fpl$fpinit)
    $v0                                      0x0000387a   Number         0  fpinit.o(x$fpl$fpinit)
    x$fpl$fretinf                            0x00003884   Section       10  fretinf.o(x$fpl$fretinf)
    $v0                                      0x00003884   Number         0  fretinf.o(x$fpl$fretinf)
    x$fpl$printf1                            0x0000388e   Section        4  printf1.o(x$fpl$printf1)
    $v0                                      0x0000388e   Number         0  printf1.o(x$fpl$printf1)
    x$fpl$usenofp                            0x00003892   Section        0  usenofp.o(x$fpl$usenofp)
    .constdata                               0x00003894   Section       40  usart.o(.constdata)
    .constdata                               0x000038bc   Section       80  motor.o(.constdata)
    .constdata                               0x0000390c   Section      128  adc14.o(.constdata)
    _ctlRegs                                 0x0000390c   Data         128  adc14.o(.constdata)
    .constdata                               0x0000398c   Section       76  gpio.o(.constdata)
    GPIO_PORT_TO_INT                         0x0000398c   Data          28  gpio.o(.constdata)
    GPIO_PORT_TO_BASE                        0x000039a8   Data          48  gpio.o(.constdata)
    .constdata                               0x000039d8   Section      148  bigflt0.o(.constdata)
    tenpwrs_x                                0x000039d8   Data          60  bigflt0.o(.constdata)
    tenpwrs_i                                0x00003a14   Data          64  bigflt0.o(.constdata)
    locale$$data                             0x00003a8c   Section       28  lc_numeric_c.o(locale$$data)
    __lcnum_c_name                           0x00003a90   Data           2  lc_numeric_c.o(locale$$data)
    __lcnum_c_start                          0x00003a98   Data           0  lc_numeric_c.o(locale$$data)
    __lcnum_c_point                          0x00003aa4   Data           0  lc_numeric_c.o(locale$$data)
    __lcnum_c_thousands                      0x00003aa6   Data           0  lc_numeric_c.o(locale$$data)
    __lcnum_c_grouping                       0x00003aa7   Data           0  lc_numeric_c.o(locale$$data)
    __lcnum_c_end                            0x00003aa8   Data           0  lc_numeric_c.o(locale$$data)
    .data                                    0x20000000   Section        4  main.o(.data)
    .data                                    0x20000004   Section        4  adc.o(.data)
    resultsBuffer                            0x20000004   Data           4  adc.o(.data)
    .data                                    0x20000008   Section        4  tima.o(.data)
    .data                                    0x2000000c   Section        4  usart.o(.data)
    .data                                    0x20000010   Section        1  delay.o(.data)
    fac_us                                   0x20000010   Data           1  delay.o(.data)
    .data                                    0x20000014   Section       16  motor.o(.data)
    pre_turns                                0x2000001c   Data           8  motor.o(.data)
    .data                                    0x20000024   Section        2  bsp_key.o(.data)
    flag                                     0x20000025   Data           1  bsp_key.o(.data)
    .data                                    0x20000028   Section       40  follow_line.o(.data)
    .data                                    0x20000050   Section        8  cs.o(.data)
    hfxtFreq                                 0x20000050   Data           4  cs.o(.data)
    lfxtFreq                                 0x20000054   Data           4  cs.o(.data)
    .bss                                     0x20000058   Section       40  motor.o(.bss)
    .bss                                     0x20000080   Section      248  follow_line.o(.bss)
    .bss                                     0x20000178   Section       20  fsm.o(.bss)
    .bss                                     0x2000018c   Section       96  libspace.o(.bss)
    HEAP                                     0x200001f0   Section     8192  startup_msp432p401r_uvision.o(HEAP)
    Heap_Mem                                 0x200001f0   Data        8192  startup_msp432p401r_uvision.o(HEAP)
    STACK                                    0x200021f0   Section     8192  startup_msp432p401r_uvision.o(STACK)
    Stack_Mem                                0x200021f0   Data        8192  startup_msp432p401r_uvision.o(STACK)
    __initial_sp                             0x200041f0   Data           0  startup_msp432p401r_uvision.o(STACK)

    Global Symbols

    Symbol Name                              Value     Ov Type        Size  Object(Section)

    BuildAttributes$$THM_ISAv4$E$P$D$K$B$S$7EM$VFPi3$EXTD16$VFPS$VFMA$PE$A:L22UL41UL21$X:L11$S22US41US21$IEEE1$IW$USESV6$~STKCKD$USESV7$~SHL$OTIME$ROPI$IEEEJ$EBA8$UX$STANDARDLIB$REQ8$PRES8$EABIv2 0x00000000   Number         0  anon$$obj.o ABSOLUTE
    __ARM_use_no_argv                        0x00000000   Number         0  main.o ABSOLUTE
    __Vectors                                0x00000000   Data           4  startup_msp432p401r_uvision.o(RESET)
    _printf_flags                            0x00000000   Number         0  printf_stubs.o ABSOLUTE
    _printf_return_value                     0x00000000   Number         0  printf_stubs.o ABSOLUTE
    _printf_sizespec                         0x00000000   Number         0  printf_stubs.o ABSOLUTE
    _printf_widthprec                        0x00000000   Number         0  printf_stubs.o ABSOLUTE
    __ARM_exceptions_init                     - Undefined Weak Reference
    __alloca_initialize                       - Undefined Weak Reference
    __arm_fini_                               - Undefined Weak Reference
    __arm_preinit_                            - Undefined Weak Reference
    __cpp_initialize__aeabi_                  - Undefined Weak Reference
    __cxa_finalize                            - Undefined Weak Reference
    __sigvec_lookup                           - Undefined Weak Reference
    _atexit_init                              - Undefined Weak Reference
    _call_atexit_fns                          - Undefined Weak Reference
    _clock_init                               - Undefined Weak Reference
    _fp_trap_init                             - Undefined Weak Reference
    _fp_trap_shutdown                         - Undefined Weak Reference
    _get_lc_collate                           - Undefined Weak Reference
    _get_lc_ctype                             - Undefined Weak Reference
    _get_lc_monetary                          - Undefined Weak Reference
    _get_lc_time                              - Undefined Weak Reference
    _getenv_init                              - Undefined Weak Reference
    _handle_redirection                       - Undefined Weak Reference
    _init_alloc                               - Undefined Weak Reference
    _init_user_alloc                          - Undefined Weak Reference
    _initio                                   - Undefined Weak Reference
    _mutex_acquire                            - Undefined Weak Reference
    _mutex_release                            - Undefined Weak Reference
    _printf_post_padding                      - Undefined Weak Reference
    _printf_pre_padding                       - Undefined Weak Reference
    _rand_init                                - Undefined Weak Reference
    _signal_finish                            - Undefined Weak Reference
    _signal_init                              - Undefined Weak Reference
    _terminate_alloc                          - Undefined Weak Reference
    _terminate_user_alloc                     - Undefined Weak Reference
    _terminateio                              - Undefined Weak Reference
    __Vectors_End                            0x00000144   Data           0  startup_msp432p401r_uvision.o(RESET)
    __Vectors_Size                           0x00000144   Number         0  startup_msp432p401r_uvision.o ABSOLUTE
    __main                                   0x00000145   Thumb Code     8  __main.o(!!!main)
    __scatterload                            0x0000014d   Thumb Code     0  __scatter.o(!!!scatter)
    __scatterload_rt2                        0x0000014d   Thumb Code    44  __scatter.o(!!!scatter)
    __scatterload_rt2_thumb_only             0x0000014d   Thumb Code     0  __scatter.o(!!!scatter)
    __scatterload_null                       0x0000015b   Thumb Code     0  __scatter.o(!!!scatter)
    __scatterload_copy                       0x00000181   Thumb Code    26  __scatter_copy.o(!!handler_copy)
    __scatterload_zeroinit                   0x0000019d   Thumb Code    28  __scatter_zi.o(!!handler_zi)
    _printf_f                                0x000001b9   Thumb Code     0  _printf_f.o(.ARM.Collect$$_printf_percent$$00000003)
    _printf_percent                          0x000001b9   Thumb Code     0  _printf_percent.o(.ARM.Collect$$_printf_percent$$00000000)
    _printf_percent_end                      0x000001bf   Thumb Code     0  _printf_percent_end.o(.ARM.Collect$$_printf_percent$$00000017)
    __rt_lib_init                            0x000001c3   Thumb Code     0  libinit.o(.ARM.Collect$$libinit$$00000000)
    __rt_lib_init_fp_1                       0x000001c5   Thumb Code     0  libinit2.o(.ARM.Collect$$libinit$$00000001)
    __rt_lib_init_heap_1                     0x000001c9   Thumb Code     0  libinit2.o(.ARM.Collect$$libinit$$0000000A)
    __rt_lib_init_lc_common                  0x000001c9   Thumb Code     0  libinit2.o(.ARM.Collect$$libinit$$0000000F)
    __rt_lib_init_preinit_1                  0x000001c9   Thumb Code     0  libinit2.o(.ARM.Collect$$libinit$$00000004)
    __rt_lib_init_rand_1                     0x000001c9   Thumb Code     0  libinit2.o(.ARM.Collect$$libinit$$0000000E)
    __rt_lib_init_user_alloc_1               0x000001c9   Thumb Code     0  libinit2.o(.ARM.Collect$$libinit$$0000000C)
    __rt_lib_init_lc_collate_1               0x000001cf   Thumb Code     0  libinit2.o(.ARM.Collect$$libinit$$00000011)
    __rt_lib_init_lc_ctype_1                 0x000001cf   Thumb Code     0  libinit2.o(.ARM.Collect$$libinit$$00000013)
    __rt_lib_init_lc_monetary_1              0x000001cf   Thumb Code     0  libinit2.o(.ARM.Collect$$libinit$$00000015)
    __rt_lib_init_lc_numeric_2               0x000001cf   Thumb Code     0  libinit2.o(.ARM.Collect$$libinit$$00000016)
    __rt_lib_init_alloca_1                   0x000001d9   Thumb Code     0  libinit2.o(.ARM.Collect$$libinit$$0000002E)
    __rt_lib_init_argv_1                     0x000001d9   Thumb Code     0  libinit2.o(.ARM.Collect$$libinit$$0000002C)
    __rt_lib_init_atexit_1                   0x000001d9   Thumb Code     0  libinit2.o(.ARM.Collect$$libinit$$0000001B)
    __rt_lib_init_clock_1                    0x000001d9   Thumb Code     0  libinit2.o(.ARM.Collect$$libinit$$00000021)
    __rt_lib_init_cpp_1                      0x000001d9   Thumb Code     0  libinit2.o(.ARM.Collect$$libinit$$00000032)
    __rt_lib_init_exceptions_1               0x000001d9   Thumb Code     0  libinit2.o(.ARM.Collect$$libinit$$00000030)
    __rt_lib_init_fp_trap_1                  0x000001d9   Thumb Code     0  libinit2.o(.ARM.Collect$$libinit$$0000001F)
    __rt_lib_init_getenv_1                   0x000001d9   Thumb Code     0  libinit2.o(.ARM.Collect$$libinit$$00000023)
    __rt_lib_init_lc_numeric_1               0x000001d9   Thumb Code     0  libinit2.o(.ARM.Collect$$libinit$$00000017)
    __rt_lib_init_lc_time_1                  0x000001d9   Thumb Code     0  libinit2.o(.ARM.Collect$$libinit$$00000019)
    __rt_lib_init_return                     0x000001d9   Thumb Code     0  libinit2.o(.ARM.Collect$$libinit$$00000033)
    __rt_lib_init_signal_1                   0x000001d9   Thumb Code     0  libinit2.o(.ARM.Collect$$libinit$$0000001D)
    __rt_lib_init_stdio_1                    0x000001d9   Thumb Code     0  libinit2.o(.ARM.Collect$$libinit$$00000025)
    __rt_lib_shutdown                        0x000001db   Thumb Code     0  libshutdown.o(.ARM.Collect$$libshutdown$$00000000)
    __rt_lib_shutdown_cpp_1                  0x000001dd   Thumb Code     0  libshutdown2.o(.ARM.Collect$$libshutdown$$00000004)
    __rt_lib_shutdown_fini_1                 0x000001dd   Thumb Code     0  libshutdown2.o(.ARM.Collect$$libshutdown$$00000002)
    __rt_lib_shutdown_fp_trap_1              0x000001dd   Thumb Code     0  libshutdown2.o(.ARM.Collect$$libshutdown$$00000009)
    __rt_lib_shutdown_heap_1                 0x000001dd   Thumb Code     0  libshutdown2.o(.ARM.Collect$$libshutdown$$00000011)
    __rt_lib_shutdown_return                 0x000001dd   Thumb Code     0  libshutdown2.o(.ARM.Collect$$libshutdown$$00000012)
    __rt_lib_shutdown_signal_1               0x000001dd   Thumb Code     0  libshutdown2.o(.ARM.Collect$$libshutdown$$0000000C)
    __rt_lib_shutdown_stdio_1                0x000001dd   Thumb Code     0  libshutdown2.o(.ARM.Collect$$libshutdown$$00000006)
    __rt_lib_shutdown_user_alloc_1           0x000001dd   Thumb Code     0  libshutdown2.o(.ARM.Collect$$libshutdown$$0000000E)
    __rt_entry                               0x000001df   Thumb Code     0  __rtentry.o(.ARM.Collect$$rtentry$$00000000)
    __rt_entry_presh_1                       0x000001df   Thumb Code     0  __rtentry2.o(.ARM.Collect$$rtentry$$00000002)
    __rt_entry_sh                            0x000001df   Thumb Code     0  __rtentry4.o(.ARM.Collect$$rtentry$$00000004)
    __rt_entry_li                            0x000001e5   Thumb Code     0  __rtentry2.o(.ARM.Collect$$rtentry$$0000000A)
    __rt_entry_postsh_1                      0x000001e5   Thumb Code     0  __rtentry2.o(.ARM.Collect$$rtentry$$00000009)
    __rt_entry_main                          0x000001e9   Thumb Code     0  __rtentry2.o(.ARM.Collect$$rtentry$$0000000D)
    __rt_entry_postli_1                      0x000001e9   Thumb Code     0  __rtentry2.o(.ARM.Collect$$rtentry$$0000000C)
    __rt_exit                                0x000001f1   Thumb Code     0  rtexit.o(.ARM.Collect$$rtexit$$00000000)
    __rt_exit_ls                             0x000001f3   Thumb Code     0  rtexit2.o(.ARM.Collect$$rtexit$$00000003)
    __rt_exit_prels_1                        0x000001f3   Thumb Code     0  rtexit2.o(.ARM.Collect$$rtexit$$00000002)
    __rt_exit_exit                           0x000001f7   Thumb Code     0  rtexit2.o(.ARM.Collect$$rtexit$$00000004)
    Reset_Handler                            0x000001fd   Thumb Code     8  startup_msp432p401r_uvision.o(.text)
    NMI_Handler                              0x00000205   Thumb Code     2  startup_msp432p401r_uvision.o(.text)
    HardFault_Handler                        0x00000207   Thumb Code     2  startup_msp432p401r_uvision.o(.text)
    MemManage_Handler                        0x00000209   Thumb Code     2  startup_msp432p401r_uvision.o(.text)
    BusFault_Handler                         0x0000020b   Thumb Code     2  startup_msp432p401r_uvision.o(.text)
    UsageFault_Handler                       0x0000020d   Thumb Code     2  startup_msp432p401r_uvision.o(.text)
    SVC_Handler                              0x0000020f   Thumb Code     2  startup_msp432p401r_uvision.o(.text)
    DebugMon_Handler                         0x00000211   Thumb Code     2  startup_msp432p401r_uvision.o(.text)
    PendSV_Handler                           0x00000213   Thumb Code     2  startup_msp432p401r_uvision.o(.text)
    SysTick_Handler                          0x00000215   Thumb Code     2  startup_msp432p401r_uvision.o(.text)
    AES256_IRQHandler                        0x00000217   Thumb Code     0  startup_msp432p401r_uvision.o(.text)
    COMP_E0_IRQHandler                       0x00000217   Thumb Code     0  startup_msp432p401r_uvision.o(.text)
    COMP_E1_IRQHandler                       0x00000217   Thumb Code     0  startup_msp432p401r_uvision.o(.text)
    CS_IRQHandler                            0x00000217   Thumb Code     0  startup_msp432p401r_uvision.o(.text)
    DMA_ERR_IRQHandler                       0x00000217   Thumb Code     0  startup_msp432p401r_uvision.o(.text)
    DMA_INT0_IRQHandler                      0x00000217   Thumb Code     0  startup_msp432p401r_uvision.o(.text)
    DMA_INT1_IRQHandler                      0x00000217   Thumb Code     0  startup_msp432p401r_uvision.o(.text)
    DMA_INT2_IRQHandler                      0x00000217   Thumb Code     0  startup_msp432p401r_uvision.o(.text)
    DMA_INT3_IRQHandler                      0x00000217   Thumb Code     0  startup_msp432p401r_uvision.o(.text)
    EUSCIA0_IRQHandler                       0x00000217   Thumb Code     0  startup_msp432p401r_uvision.o(.text)
    EUSCIA1_IRQHandler                       0x00000217   Thumb Code     0  startup_msp432p401r_uvision.o(.text)
    EUSCIA2_IRQHandler                       0x00000217   Thumb Code     0  startup_msp432p401r_uvision.o(.text)
    EUSCIA3_IRQHandler                       0x00000217   Thumb Code     0  startup_msp432p401r_uvision.o(.text)
    EUSCIB0_IRQHandler                       0x00000217   Thumb Code     0  startup_msp432p401r_uvision.o(.text)
    EUSCIB1_IRQHandler                       0x00000217   Thumb Code     0  startup_msp432p401r_uvision.o(.text)
    EUSCIB2_IRQHandler                       0x00000217   Thumb Code     0  startup_msp432p401r_uvision.o(.text)
    EUSCIB3_IRQHandler                       0x00000217   Thumb Code     0  startup_msp432p401r_uvision.o(.text)
    FLCTL_IRQHandler                         0x00000217   Thumb Code     0  startup_msp432p401r_uvision.o(.text)
    FPU_IRQHandler                           0x00000217   Thumb Code     0  startup_msp432p401r_uvision.o(.text)
    PCM_IRQHandler                           0x00000217   Thumb Code     0  startup_msp432p401r_uvision.o(.text)
    PORT2_IRQHandler                         0x00000217   Thumb Code     0  startup_msp432p401r_uvision.o(.text)
    PORT3_IRQHandler                         0x00000217   Thumb Code     0  startup_msp432p401r_uvision.o(.text)
    PORT4_IRQHandler                         0x00000217   Thumb Code     0  startup_msp432p401r_uvision.o(.text)
    PORT5_IRQHandler                         0x00000217   Thumb Code     0  startup_msp432p401r_uvision.o(.text)
    PORT6_IRQHandler                         0x00000217   Thumb Code     0  startup_msp432p401r_uvision.o(.text)
    PSS_IRQHandler                           0x00000217   Thumb Code     0  startup_msp432p401r_uvision.o(.text)
    RTC_C_IRQHandler                         0x00000217   Thumb Code     0  startup_msp432p401r_uvision.o(.text)
    T32_INTC_IRQHandler                      0x00000217   Thumb Code     0  startup_msp432p401r_uvision.o(.text)
    TA0_N_IRQHandler                         0x00000217   Thumb Code     0  startup_msp432p401r_uvision.o(.text)
    TA1_0_IRQHandler                         0x00000217   Thumb Code     0  startup_msp432p401r_uvision.o(.text)
    TA1_N_IRQHandler                         0x00000217   Thumb Code     0  startup_msp432p401r_uvision.o(.text)
    WDT_A_IRQHandler                         0x00000217   Thumb Code     0  startup_msp432p401r_uvision.o(.text)
    __user_initial_stackheap                 0x00000219   Thumb Code    10  startup_msp432p401r_uvision.o(.text)
    __use_no_semihosting                     0x0000023d   Thumb Code     2  use_no_semi_2.o(.text)
    __2printf                                0x00000241   Thumb Code    20  noretval__2printf.o(.text)
    __printf                                 0x00000259   Thumb Code   270  __printf_wp.o(.text)
    __aeabi_memcpy4                          0x00000367   Thumb Code     0  rt_memcpy_w.o(.text)
    __aeabi_memcpy8                          0x00000367   Thumb Code     0  rt_memcpy_w.o(.text)
    __rt_memcpy_w                            0x00000367   Thumb Code   100  rt_memcpy_w.o(.text)
    _memcpy_lastbytes_aligned                0x000003af   Thumb Code     0  rt_memcpy_w.o(.text)
    __use_two_region_memory                  0x000003cb   Thumb Code     2  heapauxi.o(.text)
    __rt_heap_escrow$2region                 0x000003cd   Thumb Code     2  heapauxi.o(.text)
    __rt_heap_expand$2region                 0x000003cf   Thumb Code     2  heapauxi.o(.text)
    __I$use$semihosting                      0x000003d1   Thumb Code     0  use_no_semi.o(.text)
    __use_no_semihosting_swi                 0x000003d1   Thumb Code     2  use_no_semi.o(.text)
    __lib_sel_fp_printf                      0x000003d3   Thumb Code     2  _printf_fp_dec.o(.text)
    _printf_fp_dec_real                      0x00000585   Thumb Code   620  _printf_fp_dec.o(.text)
    _printf_char_file                        0x000007f1   Thumb Code    32  _printf_char_file.o(.text)
    __rt_locale                              0x00000815   Thumb Code     8  rt_locale_intlibspace.o(.text)
    _ll_udiv10                               0x0000081d   Thumb Code   138  lludiv10.o(.text)
    _printf_char_common                      0x000008b3   Thumb Code    32  _printf_char_common.o(.text)
    _printf_fp_infnan                        0x000008d9   Thumb Code   112  _printf_fp_infnan.o(.text)
    _btod_etento                             0x00000959   Thumb Code   224  bigflt0.o(.text)
    ferror                                   0x00000a3d   Thumb Code     8  ferror.o(.text)
    __user_libspace                          0x00000a45   Thumb Code     8  libspace.o(.text)
    __user_perproc_libspace                  0x00000a45   Thumb Code     0  libspace.o(.text)
    __user_perthread_libspace                0x00000a45   Thumb Code     0  libspace.o(.text)
    __user_setup_stackheap                   0x00000a4d   Thumb Code    74  sys_stackheap_outer.o(.text)
    exit                                     0x00000a97   Thumb Code    18  exit.o(.text)
    strcmp                                   0x00000aa9   Thumb Code   128  strcmpv7m.o(.text)
    _btod_d2e                                0x00000b29   Thumb Code    62  btod.o(CL$$btod_d2e)
    _d2e_denorm_low                          0x00000b67   Thumb Code    70  btod.o(CL$$btod_d2e_denorm_low)
    _d2e_norm_op1                            0x00000bad   Thumb Code    96  btod.o(CL$$btod_d2e_norm_op1)
    __btod_div_common                        0x00000c0d   Thumb Code   696  btod.o(CL$$btod_div_common)
    _e2e                                     0x00000f45   Thumb Code   220  btod.o(CL$$btod_e2e)
    _btod_ediv                               0x00001021   Thumb Code    42  btod.o(CL$$btod_ediv)
    _btod_emul                               0x0000104b   Thumb Code    42  btod.o(CL$$btod_emul)
    __btod_mult_common                       0x00001075   Thumb Code   580  btod.o(CL$$btod_mult_common)
    ADC14_IRQHandler                         0x000012b9   Thumb Code    50  adc.o(i.ADC14_IRQHandler)
    ADC14_configureConversionMemory          0x000012f5   Thumb Code    96  adc14.o(i.ADC14_configureConversionMemory)
    ADC14_configureMultiSequenceMode         0x00001359   Thumb Code   116  adc14.o(i.ADC14_configureMultiSequenceMode)
    ADC14_getMultiSequenceResult             0x000013d5   Thumb Code    38  adc14.o(i.ADC14_getMultiSequenceResult)
    ADC_Config                               0x00001415   Thumb Code   170  adc.o(i.ADC_Config)
    CS_clearInterruptFlag                    0x000014c5   Thumb Code    26  cs.o(i.CS_clearInterruptFlag)
    CS_getACLK                               0x000014e9   Thumb Code    20  cs.o(i.CS_getACLK)
    CS_getDCOFrequency                       0x00001501   Thumb Code   234  cs.o(i.CS_getDCOFrequency)
    CS_getMCLK                               0x0000160d   Thumb Code    20  cs.o(i.CS_getMCLK)
    CS_getSMCLK                              0x00001625   Thumb Code    18  cs.o(i.CS_getSMCLK)
    CS_setExternalClockSourceFrequency       0x0000163d   Thumb Code     8  cs.o(i.CS_setExternalClockSourceFrequency)
    CS_startHFXT                             0x00001649   Thumb Code     6  cs.o(i.CS_startHFXT)
    CS_startHFXTWithTimeout                  0x00001651   Thumb Code   144  cs.o(i.CS_startHFXTWithTimeout)
    CS_startLFXT                             0x000016f1   Thumb Code     6  cs.o(i.CS_startLFXT)
    CS_startLFXTWithTimeout                  0x000016f9   Thumb Code   144  cs.o(i.CS_startLFXTWithTimeout)
    GPIO_getInputPinValue                    0x00001799   Thumb Code    16  gpio.o(i.GPIO_getInputPinValue)
    GPIO_setAsInputPin                       0x000017ad   Thumb Code    32  gpio.o(i.GPIO_setAsInputPin)
    GPIO_setAsOutputPin                      0x000017d1   Thumb Code    26  gpio.o(i.GPIO_setAsOutputPin)
    GPIO_setOutputHighOnPin                  0x000017f1   Thumb Code    14  gpio.o(i.GPIO_setOutputHighOnPin)
    PID_calc                                 0x00001805   Thumb Code   492  pid.o(i.PID_calc)
    PID_init                                 0x000019f5   Thumb Code    92  pid.o(i.PID_init)
    PORT1_IRQHandler                         0x00001a55   Thumb Code    74  key.o(i.PORT1_IRQHandler)
    SysCtl_A_disableNMISource                0x00001aa5   Thumb Code    10  sysctl_a.o(i.SysCtl_A_disableNMISource)
    SysCtl_A_enableNMISource                 0x00001ab5   Thumb Code    10  sysctl_a.o(i.SysCtl_A_enableNMISource)
    SysCtl_A_getNMISourceStatus              0x00001ac5   Thumb Code    10  sysctl_a.o(i.SysCtl_A_getNMISourceStatus)
    SysCtl_A_getTLVInfo                      0x00001ad5   Thumb Code    64  sysctl_a.o(i.SysCtl_A_getTLVInfo)
    SysInit                                  0x00001b1d   Thumb Code   134  sysinit.o(i.SysInit)
    SystemInit                               0x00001bb1   Thumb Code    86  system_msp432p401r.o(i.SystemInit)
    T32_INT1_IRQHandler                      0x00001c1d   Thumb Code    14  tim32.o(i.T32_INT1_IRQHandler)
    T32_INT2_IRQHandler                      0x00001c35   Thumb Code    14  tim32.o(i.T32_INT2_IRQHandler)
    TA0_0_IRQHandler                         0x00001c4d   Thumb Code    30  tima.o(i.TA0_0_IRQHandler)
    TA2_0_IRQHandler                         0x00001c71   Thumb Code   110  motor.o(i.TA2_0_IRQHandler)
    TA2_N_IRQHandler                         0x00001cf9   Thumb Code   218  tima.o(i.TA2_N_IRQHandler)
    TA3_0_IRQHandler                         0x00001de5   Thumb Code    88  motor.o(i.TA3_0_IRQHandler)
    TA3_N_IRQHandler                         0x00001e49   Thumb Code    88  motor.o(i.TA3_N_IRQHandler)
    Timer_A_getCaptureCompareCount           0x00001f09   Thumb Code    16  timer_a.o(i.Timer_A_getCaptureCompareCount)
    UART_initModule                          0x00001f19   Thumb Code   146  uart.o(i.UART_initModule)
    UART_transmitData                        0x00001fab   Thumb Code    22  uart.o(i.UART_transmitData)
    __ARM_fpclassify                         0x00002119   Thumb Code    48  fpclassify.o(i.__ARM_fpclassify)
    _is_digit                                0x0000229f   Thumb Code    14  __printf_wp.o(i._is_digit)
    _sys_exit                                0x000022ad   Thumb Code     4  usart.o(i._sys_exit)
    bitPosition                              0x000022b1   Thumb Code    18  baudrate_calculate.o(i.bitPosition)
    delay_init                               0x00002399   Thumb Code    34  delay.o(i.delay_init)
    delay_ms                                 0x000023c5   Thumb Code    22  delay.o(i.delay_ms)
    delay_us                                 0x000023dd   Thumb Code    72  delay.o(i.delay_us)
    eusci_calcBaudDividers                   0x00002429   Thumb Code   348  baudrate_calculate.o(i.eusci_calcBaudDividers)
    follow_line_init                         0x00002591   Thumb Code   136  follow_line.o(i.follow_line_init)
    follow_line_loop                         0x00002635   Thumb Code    16  follow_line.o(i.follow_line_loop)
    fputc                                    0x00002645   Thumb Code    18  usart.o(i.fputc)
    fsm_init                                 0x0000265d   Thumb Code    52  fsm.o(i.fsm_init)
    fsm_loop                                 0x00002695   Thumb Code   288  fsm.o(i.fsm_loop)
    get_adc14_vaule                          0x000027e1   Thumb Code     4  adc.o(i.get_adc14_vaule)
    get_follow_line_info                     0x000027e9   Thumb Code     4  follow_line.o(i.get_follow_line_info)
    get_motor_info                           0x000027f1   Thumb Code     4  motor.o(i.get_motor_info)
    get_task_status                          0x000027f9   Thumb Code     6  bsp_key.o(i.get_task_status)
    key_init                                 0x00002831   Thumb Code    28  bsp_key.o(i.key_init)
    key_loop                                 0x00002851   Thumb Code    66  bsp_key.o(i.key_loop)
    main                                     0x000028a1   Thumb Code   166  main.o(i.main)
    motor_init                               0x00002a59   Thumb Code    70  motor.o(i.motor_init)
    motor_set_speed                          0x00002b11   Thumb Code   144  motor.o(i.motor_set_speed)
    uart_init                                0x00002d4d   Thumb Code    62  usart.o(i.uart_init)
    _get_lc_numeric                          0x00002d99   Thumb Code    44  lc_numeric_c.o(locale$$code)
    __aeabi_d2f                              0x00002dc5   Thumb Code     0  d2f.o(x$fpl$d2f)
    _d2f                                     0x00002dc5   Thumb Code    98  d2f.o(x$fpl$d2f)
    __aeabi_dadd                             0x00002e29   Thumb Code     0  daddsub_clz.o(x$fpl$dadd)
    _dadd                                    0x00002e29   Thumb Code   332  daddsub_clz.o(x$fpl$dadd)
    __fpl_dcmp_Inf                           0x00002f79   Thumb Code    24  dcmpi.o(x$fpl$dcmpinf)
    __aeabi_ddiv                             0x00002f91   Thumb Code     0  ddiv.o(x$fpl$ddiv)
    _ddiv                                    0x00002f91   Thumb Code   552  ddiv.o(x$fpl$ddiv)
    __aeabi_d2iz                             0x00003241   Thumb Code     0  dfix.o(x$fpl$dfix)
    _dfix                                    0x00003241   Thumb Code    94  dfix.o(x$fpl$dfix)
    __aeabi_d2uiz                            0x000032a1   Thumb Code     0  dfixu.o(x$fpl$dfixu)
    _dfixu                                   0x000032a1   Thumb Code    90  dfixu.o(x$fpl$dfixu)
    __aeabi_i2d                              0x000032fb   Thumb Code     0  dflt_clz.o(x$fpl$dflt)
    _dflt                                    0x000032fb   Thumb Code    46  dflt_clz.o(x$fpl$dflt)
    __aeabi_ui2d                             0x00003329   Thumb Code     0  dflt_clz.o(x$fpl$dfltu)
    _dfltu                                   0x00003329   Thumb Code    38  dflt_clz.o(x$fpl$dfltu)
    __aeabi_cdcmple                          0x00003351   Thumb Code     0  dleqf.o(x$fpl$dleqf)
    _dcmple                                  0x00003351   Thumb Code   120  dleqf.o(x$fpl$dleqf)
    __fpl_dcmple_InfNaN                      0x000033b3   Thumb Code     0  dleqf.o(x$fpl$dleqf)
    __aeabi_dmul                             0x000033c9   Thumb Code     0  dmul.o(x$fpl$dmul)
    _dmul                                    0x000033c9   Thumb Code   332  dmul.o(x$fpl$dmul)
    __fpl_dnaninf                            0x0000351d   Thumb Code   156  dnaninf.o(x$fpl$dnaninf)
    __fpl_dretinf                            0x000035b9   Thumb Code    12  dretinf.o(x$fpl$dretinf)
    __aeabi_dsub                             0x000035c5   Thumb Code     0  daddsub_clz.o(x$fpl$dsub)
    _dsub                                    0x000035c5   Thumb Code   464  daddsub_clz.o(x$fpl$dsub)
    __aeabi_f2d                              0x00003799   Thumb Code     0  f2d.o(x$fpl$f2d)
    _f2d                                     0x00003799   Thumb Code    86  f2d.o(x$fpl$f2d)
    __fpl_fnaninf                            0x000037ef   Thumb Code   140  fnaninf.o(x$fpl$fnaninf)
    _fp_init                                 0x0000387b   Thumb Code    10  fpinit.o(x$fpl$fpinit)
    __fplib_config_fpu_vfp                   0x00003883   Thumb Code     0  fpinit.o(x$fpl$fpinit)
    __fplib_config_pureend_doubles           0x00003883   Thumb Code     0  fpinit.o(x$fpl$fpinit)
    __fpl_fretinf                            0x00003885   Thumb Code    10  fretinf.o(x$fpl$fretinf)
    _printf_fp_dec                           0x0000388f   Thumb Code     4  printf1.o(x$fpl$printf1)
    __I$use$fp                               0x00003892   Number         0  usenofp.o(x$fpl$usenofp)
    Region$$Table$$Base                      0x00003a6c   Number         0  anon$$obj.o(Region$$Table)
    Region$$Table$$Limit                     0x00003a8c   Number         0  anon$$obj.o(Region$$Table)
    adc14_vaule                              0x20000000   Data           4  main.o(.data)
    TIMA2_CAP_STA                            0x20000008   Data           1  tima.o(.data)
    TIMA2_CAP_VAL                            0x2000000a   Data           2  tima.o(.data)
    __stdout                                 0x2000000c   Data           4  usart.o(.data)
    sec                                      0x20000014   Data           4  motor.o(.data)
    _sec_num                                 0x20000018   Data           4  motor.o(.data)
    TASK_STATUS                              0x20000024   Data           1  bsp_key.o(.data)
    GO_SPEED                                 0x20000028   Data           4  follow_line.o(.data)
    follow_line_speed_pid                    0x2000002c   Data          24  follow_line.o(.data)
    follow_line_wd_pid                       0x20000044   Data          12  follow_line.o(.data)
    motor                                    0x20000058   Data          40  motor.o(.bss)
    follow_line                              0x20000080   Data         248  follow_line.o(.bss)
    car                                      0x20000178   Data          20  fsm.o(.bss)
    __libspace_start                         0x2000018c   Data          96  libspace.o(.bss)
    __temporary_stack_top$libspace           0x200001ec   Data           0  libspace.o(.bss)



==============================================================================

Memory Map of the image

  Image Entry point : 0x00000145

  Load Region LR_IROM1 (Base: 0x00000000, Size: 0x00003b00, Max: 0x00040000, ABSOLUTE)

    Execution Region ER_IROM1 (Exec base: 0x00000000, Load base: 0x00000000, Size: 0x00003aa8, Max: 0x00040000, ABSOLUTE)

    Exec Addr    Load Addr    Size         Type   Attr      Idx    E Section Name        Object

    0x00000000   0x00000000   0x00000144   Data   RO           73    RESET               startup_msp432p401r_uvision.o
    0x00000144   0x00000144   0x00000008   Code   RO         2520  * !!!main             c_w.l(__main.o)
    0x0000014c   0x0000014c   0x00000034   Code   RO         2778    !!!scatter          c_w.l(__scatter.o)
    0x00000180   0x00000180   0x0000001a   Code   RO         2780    !!handler_copy      c_w.l(__scatter_copy.o)
    0x0000019a   0x0000019a   0x00000002   PAD
    0x0000019c   0x0000019c   0x0000001c   Code   RO         2782    !!handler_zi        c_w.l(__scatter_zi.o)
    0x000001b8   0x000001b8   0x00000000   Code   RO         2515    .ARM.Collect$$_printf_percent$$00000000  c_w.l(_printf_percent.o)
    0x000001b8   0x000001b8   0x00000006   Code   RO         2514    .ARM.Collect$$_printf_percent$$00000003  c_w.l(_printf_f.o)
    0x000001be   0x000001be   0x00000004   Code   RO         2563    .ARM.Collect$$_printf_percent$$00000017  c_w.l(_printf_percent_end.o)
    0x000001c2   0x000001c2   0x00000002   Code   RO         2653    .ARM.Collect$$libinit$$00000000  c_w.l(libinit.o)
    0x000001c4   0x000001c4   0x00000004   Code   RO         2654    .ARM.Collect$$libinit$$00000001  c_w.l(libinit2.o)
    0x000001c8   0x000001c8   0x00000000   Code   RO         2657    .ARM.Collect$$libinit$$00000004  c_w.l(libinit2.o)
    0x000001c8   0x000001c8   0x00000000   Code   RO         2660    .ARM.Collect$$libinit$$0000000A  c_w.l(libinit2.o)
    0x000001c8   0x000001c8   0x00000000   Code   RO         2662    .ARM.Collect$$libinit$$0000000C  c_w.l(libinit2.o)
    0x000001c8   0x000001c8   0x00000000   Code   RO         2664    .ARM.Collect$$libinit$$0000000E  c_w.l(libinit2.o)
    0x000001c8   0x000001c8   0x00000006   Code   RO         2665    .ARM.Collect$$libinit$$0000000F  c_w.l(libinit2.o)
    0x000001ce   0x000001ce   0x00000000   Code   RO         2667    .ARM.Collect$$libinit$$00000011  c_w.l(libinit2.o)
    0x000001ce   0x000001ce   0x00000000   Code   RO         2669    .ARM.Collect$$libinit$$00000013  c_w.l(libinit2.o)
    0x000001ce   0x000001ce   0x00000000   Code   RO         2671    .ARM.Collect$$libinit$$00000015  c_w.l(libinit2.o)
    0x000001ce   0x000001ce   0x0000000a   Code   RO         2672    .ARM.Collect$$libinit$$00000016  c_w.l(libinit2.o)
    0x000001d8   0x000001d8   0x00000000   Code   RO         2673    .ARM.Collect$$libinit$$00000017  c_w.l(libinit2.o)
    0x000001d8   0x000001d8   0x00000000   Code   RO         2675    .ARM.Collect$$libinit$$00000019  c_w.l(libinit2.o)
    0x000001d8   0x000001d8   0x00000000   Code   RO         2677    .ARM.Collect$$libinit$$0000001B  c_w.l(libinit2.o)
    0x000001d8   0x000001d8   0x00000000   Code   RO         2679    .ARM.Collect$$libinit$$0000001D  c_w.l(libinit2.o)
    0x000001d8   0x000001d8   0x00000000   Code   RO         2681    .ARM.Collect$$libinit$$0000001F  c_w.l(libinit2.o)
    0x000001d8   0x000001d8   0x00000000   Code   RO         2683    .ARM.Collect$$libinit$$00000021  c_w.l(libinit2.o)
    0x000001d8   0x000001d8   0x00000000   Code   RO         2685    .ARM.Collect$$libinit$$00000023  c_w.l(libinit2.o)
    0x000001d8   0x000001d8   0x00000000   Code   RO         2687    .ARM.Collect$$libinit$$00000025  c_w.l(libinit2.o)
    0x000001d8   0x000001d8   0x00000000   Code   RO         2691    .ARM.Collect$$libinit$$0000002C  c_w.l(libinit2.o)
    0x000001d8   0x000001d8   0x00000000   Code   RO         2693    .ARM.Collect$$libinit$$0000002E  c_w.l(libinit2.o)
    0x000001d8   0x000001d8   0x00000000   Code   RO         2695    .ARM.Collect$$libinit$$00000030  c_w.l(libinit2.o)
    0x000001d8   0x000001d8   0x00000000   Code   RO         2697    .ARM.Collect$$libinit$$00000032  c_w.l(libinit2.o)
    0x000001d8   0x000001d8   0x00000002   Code   RO         2698    .ARM.Collect$$libinit$$00000033  c_w.l(libinit2.o)
    0x000001da   0x000001da   0x00000002   Code   RO         2726    .ARM.Collect$$libshutdown$$00000000  c_w.l(libshutdown.o)
    0x000001dc   0x000001dc   0x00000000   Code   RO         2735    .ARM.Collect$$libshutdown$$00000002  c_w.l(libshutdown2.o)
    0x000001dc   0x000001dc   0x00000000   Code   RO         2737    .ARM.Collect$$libshutdown$$00000004  c_w.l(libshutdown2.o)
    0x000001dc   0x000001dc   0x00000000   Code   RO         2739    .ARM.Collect$$libshutdown$$00000006  c_w.l(libshutdown2.o)
    0x000001dc   0x000001dc   0x00000000   Code   RO         2742    .ARM.Collect$$libshutdown$$00000009  c_w.l(libshutdown2.o)
    0x000001dc   0x000001dc   0x00000000   Code   RO         2745    .ARM.Collect$$libshutdown$$0000000C  c_w.l(libshutdown2.o)
    0x000001dc   0x000001dc   0x00000000   Code   RO         2747    .ARM.Collect$$libshutdown$$0000000E  c_w.l(libshutdown2.o)
    0x000001dc   0x000001dc   0x00000000   Code   RO         2750    .ARM.Collect$$libshutdown$$00000011  c_w.l(libshutdown2.o)
    0x000001dc   0x000001dc   0x00000002   Code   RO         2751    .ARM.Collect$$libshutdown$$00000012  c_w.l(libshutdown2.o)
    0x000001de   0x000001de   0x00000000   Code   RO         2558    .ARM.Collect$$rtentry$$00000000  c_w.l(__rtentry.o)
    0x000001de   0x000001de   0x00000000   Code   RO         2576    .ARM.Collect$$rtentry$$00000002  c_w.l(__rtentry2.o)
    0x000001de   0x000001de   0x00000006   Code   RO         2588    .ARM.Collect$$rtentry$$00000004  c_w.l(__rtentry4.o)
    0x000001e4   0x000001e4   0x00000000   Code   RO         2578    .ARM.Collect$$rtentry$$00000009  c_w.l(__rtentry2.o)
    0x000001e4   0x000001e4   0x00000004   Code   RO         2579    .ARM.Collect$$rtentry$$0000000A  c_w.l(__rtentry2.o)
    0x000001e8   0x000001e8   0x00000000   Code   RO         2581    .ARM.Collect$$rtentry$$0000000C  c_w.l(__rtentry2.o)
    0x000001e8   0x000001e8   0x00000008   Code   RO         2582    .ARM.Collect$$rtentry$$0000000D  c_w.l(__rtentry2.o)
    0x000001f0   0x000001f0   0x00000002   Code   RO         2699    .ARM.Collect$$rtexit$$00000000  c_w.l(rtexit.o)
    0x000001f2   0x000001f2   0x00000000   Code   RO         2706    .ARM.Collect$$rtexit$$00000002  c_w.l(rtexit2.o)
    0x000001f2   0x000001f2   0x00000004   Code   RO         2707    .ARM.Collect$$rtexit$$00000003  c_w.l(rtexit2.o)
    0x000001f6   0x000001f6   0x00000006   Code   RO         2708    .ARM.Collect$$rtexit$$00000004  c_w.l(rtexit2.o)
    0x000001fc   0x000001fc   0x00000040   Code   RO           74    .text               startup_msp432p401r_uvision.o
    0x0000023c   0x0000023c   0x00000002   Code   RO         2486    .text               c_w.l(use_no_semi_2.o)
    0x0000023e   0x0000023e   0x00000002   PAD
    0x00000240   0x00000240   0x00000018   Code   RO         2490    .text               c_w.l(noretval__2printf.o)
    0x00000258   0x00000258   0x0000010e   Code   RO         2502    .text               c_w.l(__printf_wp.o)
    0x00000366   0x00000366   0x00000064   Code   RO         2516    .text               c_w.l(rt_memcpy_w.o)
    0x000003ca   0x000003ca   0x00000006   Code   RO         2518    .text               c_w.l(heapauxi.o)
    0x000003d0   0x000003d0   0x00000002   Code   RO         2556    .text               c_w.l(use_no_semi.o)
    0x000003d2   0x000003d2   0x0000041e   Code   RO         2559    .text               c_w.l(_printf_fp_dec.o)
    0x000007f0   0x000007f0   0x00000024   Code   RO         2561    .text               c_w.l(_printf_char_file.o)
    0x00000814   0x00000814   0x00000008   Code   RO         2593    .text               c_w.l(rt_locale_intlibspace.o)
    0x0000081c   0x0000081c   0x0000008a   Code   RO         2595    .text               c_w.l(lludiv10.o)
    0x000008a6   0x000008a6   0x00000002   PAD
    0x000008a8   0x000008a8   0x00000030   Code   RO         2597    .text               c_w.l(_printf_char_common.o)
    0x000008d8   0x000008d8   0x00000080   Code   RO         2599    .text               c_w.l(_printf_fp_infnan.o)
    0x00000958   0x00000958   0x000000e4   Code   RO         2601    .text               c_w.l(bigflt0.o)
    0x00000a3c   0x00000a3c   0x00000008   Code   RO         2626    .text               c_w.l(ferror.o)
    0x00000a44   0x00000a44   0x00000008   Code   RO         2637    .text               c_w.l(libspace.o)
    0x00000a4c   0x00000a4c   0x0000004a   Code   RO         2640    .text               c_w.l(sys_stackheap_outer.o)
    0x00000a96   0x00000a96   0x00000012   Code   RO         2644    .text               c_w.l(exit.o)
    0x00000aa8   0x00000aa8   0x00000080   Code   RO         2646    .text               c_w.l(strcmpv7m.o)
    0x00000b28   0x00000b28   0x0000003e   Code   RO         2604    CL$$btod_d2e        c_w.l(btod.o)
    0x00000b66   0x00000b66   0x00000046   Code   RO         2606    CL$$btod_d2e_denorm_low  c_w.l(btod.o)
    0x00000bac   0x00000bac   0x00000060   Code   RO         2605    CL$$btod_d2e_norm_op1  c_w.l(btod.o)
    0x00000c0c   0x00000c0c   0x00000338   Code   RO         2614    CL$$btod_div_common  c_w.l(btod.o)
    0x00000f44   0x00000f44   0x000000dc   Code   RO         2611    CL$$btod_e2e        c_w.l(btod.o)
    0x00001020   0x00001020   0x0000002a   Code   RO         2608    CL$$btod_ediv       c_w.l(btod.o)
    0x0000104a   0x0000104a   0x0000002a   Code   RO         2607    CL$$btod_emul       c_w.l(btod.o)
    0x00001074   0x00001074   0x00000244   Code   RO         2613    CL$$btod_mult_common  c_w.l(btod.o)
    0x000012b8   0x000012b8   0x0000003c   Code   RO          246    i.ADC14_IRQHandler  adc.o
    0x000012f4   0x000012f4   0x00000064   Code   RO         1219    i.ADC14_configureConversionMemory  msp432p4xx_driverlib.lib(adc14.o)
    0x00001358   0x00001358   0x0000007c   Code   RO         1220    i.ADC14_configureMultiSequenceMode  msp432p4xx_driverlib.lib(adc14.o)
    0x000013d4   0x000013d4   0x0000002c   Code   RO         1236    i.ADC14_getMultiSequenceResult  msp432p4xx_driverlib.lib(adc14.o)
    0x00001400   0x00001400   0x00000014   Code   RO         1251    i.ADCIsConversionRunning  msp432p4xx_driverlib.lib(adc14.o)
    0x00001414   0x00001414   0x000000b0   Code   RO          247    i.ADC_Config        adc.o
    0x000014c4   0x000014c4   0x00000024   Code   RO         1490    i.CS_clearInterruptFlag  msp432p4xx_driverlib.lib(cs.o)
    0x000014e8   0x000014e8   0x00000018   Code   RO         1499    i.CS_getACLK        msp432p4xx_driverlib.lib(cs.o)
    0x00001500   0x00001500   0x0000010c   Code   RO         1501    i.CS_getDCOFrequency  msp432p4xx_driverlib.lib(cs.o)
    0x0000160c   0x0000160c   0x00000018   Code   RO         1505    i.CS_getMCLK        msp432p4xx_driverlib.lib(cs.o)
    0x00001624   0x00001624   0x00000018   Code   RO         1506    i.CS_getSMCLK       msp432p4xx_driverlib.lib(cs.o)
    0x0000163c   0x0000163c   0x0000000c   Code   RO         1513    i.CS_setExternalClockSourceFrequency  msp432p4xx_driverlib.lib(cs.o)
    0x00001648   0x00001648   0x00000006   Code   RO         1516    i.CS_startHFXT      msp432p4xx_driverlib.lib(cs.o)
    0x0000164e   0x0000164e   0x00000002   PAD
    0x00001650   0x00001650   0x000000a0   Code   RO         1517    i.CS_startHFXTWithTimeout  msp432p4xx_driverlib.lib(cs.o)
    0x000016f0   0x000016f0   0x00000006   Code   RO         1518    i.CS_startLFXT      msp432p4xx_driverlib.lib(cs.o)
    0x000016f6   0x000016f6   0x00000002   PAD
    0x000016f8   0x000016f8   0x000000a0   Code   RO         1519    i.CS_startLFXTWithTimeout  msp432p4xx_driverlib.lib(cs.o)
    0x00001798   0x00001798   0x00000014   Code   RO         1720    i.GPIO_getInputPinValue  msp432p4xx_driverlib.lib(gpio.o)
    0x000017ac   0x000017ac   0x00000024   Code   RO         1724    i.GPIO_setAsInputPin  msp432p4xx_driverlib.lib(gpio.o)
    0x000017d0   0x000017d0   0x00000020   Code   RO         1727    i.GPIO_setAsOutputPin  msp432p4xx_driverlib.lib(gpio.o)
    0x000017f0   0x000017f0   0x00000014   Code   RO         1732    i.GPIO_setOutputHighOnPin  msp432p4xx_driverlib.lib(gpio.o)
    0x00001804   0x00001804   0x000001f0   Code   RO         1167    i.PID_calc          pid.o
    0x000019f4   0x000019f4   0x00000060   Code   RO         1169    i.PID_init          pid.o
    0x00001a54   0x00001a54   0x00000050   Code   RO          286    i.PORT1_IRQHandler  key.o
    0x00001aa4   0x00001aa4   0x00000010   Code   RO         2334    i.SysCtl_A_disableNMISource  msp432p4xx_driverlib.lib(sysctl_a.o)
    0x00001ab4   0x00001ab4   0x00000010   Code   RO         2339    i.SysCtl_A_enableNMISource  msp432p4xx_driverlib.lib(sysctl_a.o)
    0x00001ac4   0x00001ac4   0x00000010   Code   RO         2345    i.SysCtl_A_getNMISourceStatus  msp432p4xx_driverlib.lib(sysctl_a.o)
    0x00001ad4   0x00001ad4   0x00000048   Code   RO         2347    i.SysCtl_A_getTLVInfo  msp432p4xx_driverlib.lib(sysctl_a.o)
    0x00001b1c   0x00001b1c   0x00000094   Code   RO          791    i.SysInit           sysinit.o
    0x00001bb0   0x00001bb0   0x0000006c   Code   RO            5    i.SystemInit        system_msp432p401r.o
    0x00001c1c   0x00001c1c   0x00000018   Code   RO          647    i.T32_INT1_IRQHandler  tim32.o
    0x00001c34   0x00001c34   0x00000018   Code   RO          648    i.T32_INT2_IRQHandler  tim32.o
    0x00001c4c   0x00001c4c   0x00000024   Code   RO          689    i.TA0_0_IRQHandler  tima.o
    0x00001c70   0x00001c70   0x00000088   Code   RO          907    i.TA2_0_IRQHandler  motor.o
    0x00001cf8   0x00001cf8   0x000000ec   Code   RO          690    i.TA2_N_IRQHandler  tima.o
    0x00001de4   0x00001de4   0x00000064   Code   RO          908    i.TA3_0_IRQHandler  motor.o
    0x00001e48   0x00001e48   0x00000064   Code   RO          909    i.TA3_N_IRQHandler  motor.o
    0x00001eac   0x00001eac   0x0000005c   Code   RO          910    i.TimA2_Int_Init    motor.o
    0x00001f08   0x00001f08   0x00000010   Code   RO         1870    i.Timer_A_getCaptureCompareCount  msp432p4xx_driverlib.lib(timer_a.o)
    0x00001f18   0x00001f18   0x00000092   Code   RO         2055    i.UART_initModule   msp432p4xx_driverlib.lib(uart.o)
    0x00001faa   0x00001faa   0x00000016   Code   RO         2064    i.UART_transmitData  msp432p4xx_driverlib.lib(uart.o)
    0x00001fc0   0x00001fc0   0x000000c0   Code   RO         1522    i._CSComputeCLKFrequency  msp432p4xx_driverlib.lib(cs.o)
    0x00002080   0x00002080   0x00000098   Code   RO         1523    i._CSGetHFXTFrequency  msp432p4xx_driverlib.lib(cs.o)
    0x00002118   0x00002118   0x00000030   Code   RO         2635    i.__ARM_fpclassify  m_wm.l(fpclassify.o)
    0x00002148   0x00002148   0x00000156   Code   RO         1252    i._getIndexForMemRegister  msp432p4xx_driverlib.lib(adc14.o)
    0x0000229e   0x0000229e   0x0000000e   Code   RO         2504    i._is_digit         c_w.l(__printf_wp.o)
    0x000022ac   0x000022ac   0x00000004   Code   RO          744    i._sys_exit         usart.o
    0x000022b0   0x000022b0   0x00000012   Code   RO          853    i.bitPosition       baudrate_calculate.o
    0x000022c2   0x000022c2   0x00000002   PAD
    0x000022c4   0x000022c4   0x000000d4   Code   RO          917    i.coder_init        motor.o
    0x00002398   0x00002398   0x0000002c   Code   RO          815    i.delay_init        delay.o
    0x000023c4   0x000023c4   0x00000016   Code   RO          816    i.delay_ms          delay.o
    0x000023da   0x000023da   0x00000002   PAD
    0x000023dc   0x000023dc   0x0000004c   Code   RO          817    i.delay_us          delay.o
    0x00002428   0x00002428   0x00000168   Code   RO          854    i.eusci_calcBaudDividers  baudrate_calculate.o
    0x00002590   0x00002590   0x000000a4   Code   RO         1074    i.follow_line_init  follow_line.o
    0x00002634   0x00002634   0x00000010   Code   RO         1075    i.follow_line_loop  follow_line.o
    0x00002644   0x00002644   0x00000018   Code   RO          745    i.fputc             usart.o
    0x0000265c   0x0000265c   0x00000038   Code   RO         1129    i.fsm_init          fsm.o
    0x00002694   0x00002694   0x0000013c   Code   RO         1130    i.fsm_loop          fsm.o
    0x000027d0   0x000027d0   0x00000010   Code   RO         1131    i.fsm_set_speed     fsm.o
    0x000027e0   0x000027e0   0x00000008   Code   RO          248    i.get_adc14_vaule   adc.o
    0x000027e8   0x000027e8   0x00000008   Code   RO         1076    i.get_follow_line_info  follow_line.o
    0x000027f0   0x000027f0   0x00000008   Code   RO          918    i.get_motor_info    motor.o
    0x000027f8   0x000027f8   0x0000000c   Code   RO         1032    i.get_task_status   bsp_key.o
    0x00002804   0x00002804   0x0000002a   Code   RO          287    i.key_delay         key.o
    0x0000282e   0x0000282e   0x00000002   PAD
    0x00002830   0x00002830   0x00000020   Code   RO         1033    i.key_init          bsp_key.o
    0x00002850   0x00002850   0x00000050   Code   RO         1034    i.key_loop          bsp_key.o
    0x000028a0   0x000028a0   0x000000cc   Code   RO           81    i.main              main.o
    0x0000296c   0x0000296c   0x000000ec   Code   RO          920    i.motor_distance_loop  motor.o
    0x00002a58   0x00002a58   0x00000046   Code   RO          921    i.motor_init        motor.o
    0x00002a9e   0x00002a9e   0x00000002   PAD
    0x00002aa0   0x00002aa0   0x00000070   Code   RO          922    i.motor_pwm_init    motor.o
    0x00002b10   0x00002b10   0x00000094   Code   RO          923    i.motor_set_speed   motor.o
    0x00002ba4   0x00002ba4   0x00000078   Code   RO         1077    i.set_follow_line_wd  follow_line.o
    0x00002c1c   0x00002c1c   0x000000c4   Code   RO         1078    i.set_follow_line_wheel_pwm  follow_line.o
    0x00002ce0   0x00002ce0   0x0000006c   Code   RO         1079    i.set_follow_line_wheel_speed  follow_line.o
    0x00002d4c   0x00002d4c   0x0000004c   Code   RO          746    i.uart_init         usart.o
    0x00002d98   0x00002d98   0x0000002c   Code   RO         2631    locale$$code        c_w.l(lc_numeric_c.o)
    0x00002dc4   0x00002dc4   0x00000062   Code   RO         2522    x$fpl$d2f           fz_wm.l(d2f.o)
    0x00002e26   0x00002e26   0x00000002   PAD
    0x00002e28   0x00002e28   0x00000150   Code   RO         2524    x$fpl$dadd          fz_wm.l(daddsub_clz.o)
    0x00002f78   0x00002f78   0x00000018   Code   RO         2564    x$fpl$dcmpinf       fz_wm.l(dcmpi.o)
    0x00002f90   0x00002f90   0x000002b0   Code   RO         2531    x$fpl$ddiv          fz_wm.l(ddiv.o)
    0x00003240   0x00003240   0x0000005e   Code   RO         2534    x$fpl$dfix          fz_wm.l(dfix.o)
    0x0000329e   0x0000329e   0x00000002   PAD
    0x000032a0   0x000032a0   0x0000005a   Code   RO         2538    x$fpl$dfixu         fz_wm.l(dfixu.o)
    0x000032fa   0x000032fa   0x0000002e   Code   RO         2543    x$fpl$dflt          fz_wm.l(dflt_clz.o)
    0x00003328   0x00003328   0x00000026   Code   RO         2542    x$fpl$dfltu         fz_wm.l(dflt_clz.o)
    0x0000334e   0x0000334e   0x00000002   PAD
    0x00003350   0x00003350   0x00000078   Code   RO         2548    x$fpl$dleqf         fz_wm.l(dleqf.o)
    0x000033c8   0x000033c8   0x00000154   Code   RO         2550    x$fpl$dmul          fz_wm.l(dmul.o)
    0x0000351c   0x0000351c   0x0000009c   Code   RO         2566    x$fpl$dnaninf       fz_wm.l(dnaninf.o)
    0x000035b8   0x000035b8   0x0000000c   Code   RO         2568    x$fpl$dretinf       fz_wm.l(dretinf.o)
    0x000035c4   0x000035c4   0x000001d4   Code   RO         2526    x$fpl$dsub          fz_wm.l(daddsub_clz.o)
    0x00003798   0x00003798   0x00000056   Code   RO         2552    x$fpl$f2d           fz_wm.l(f2d.o)
    0x000037ee   0x000037ee   0x0000008c   Code   RO         2570    x$fpl$fnaninf       fz_wm.l(fnaninf.o)
    0x0000387a   0x0000387a   0x0000000a   Code   RO         2703    x$fpl$fpinit        fz_wm.l(fpinit.o)
    0x00003884   0x00003884   0x0000000a   Code   RO         2572    x$fpl$fretinf       fz_wm.l(fretinf.o)
    0x0000388e   0x0000388e   0x00000004   Code   RO         2554    x$fpl$printf1       fz_wm.l(printf1.o)
    0x00003892   0x00003892   0x00000000   Code   RO         2574    x$fpl$usenofp       fz_wm.l(usenofp.o)
    0x00003892   0x00003892   0x00000002   PAD
    0x00003894   0x00003894   0x00000028   Data   RO          747    .constdata          usart.o
    0x000038bc   0x000038bc   0x00000050   Data   RO          925    .constdata          motor.o
    0x0000390c   0x0000390c   0x00000080   Data   RO         1253    .constdata          msp432p4xx_driverlib.lib(adc14.o)
    0x0000398c   0x0000398c   0x0000004c   Data   RO         1736    .constdata          msp432p4xx_driverlib.lib(gpio.o)
    0x000039d8   0x000039d8   0x00000094   Data   RO         2602    .constdata          c_w.l(bigflt0.o)
    0x00003a6c   0x00003a6c   0x00000020   Data   RO         2776    Region$$Table       anon$$obj.o
    0x00003a8c   0x00003a8c   0x0000001c   Data   RO         2630    locale$$data        c_w.l(lc_numeric_c.o)


    Execution Region RW_IRAM1 (Exec base: 0x20000000, Load base: 0x00003aa8, Size: 0x000041f0, Max: 0x00010000, ABSOLUTE)

    Exec Addr    Load Addr    Size         Type   Attr      Idx    E Section Name        Object

    0x20000000   0x00003aa8   0x00000004   Data   RW           82    .data               main.o
    0x20000004   0x00003aac   0x00000004   Data   RW          249    .data               adc.o
    0x20000008   0x00003ab0   0x00000004   Data   RW          695    .data               tima.o
    0x2000000c   0x00003ab4   0x00000004   Data   RW          748    .data               usart.o
    0x20000010   0x00003ab8   0x00000001   Data   RW          818    .data               delay.o
    0x20000011   0x00003ab9   0x00000003   PAD
    0x20000014   0x00003abc   0x00000010   Data   RW          926    .data               motor.o
    0x20000024   0x00003acc   0x00000002   Data   RW         1035    .data               bsp_key.o
    0x20000026   0x00003ace   0x00000002   PAD
    0x20000028   0x00003ad0   0x00000028   Data   RW         1081    .data               follow_line.o
    0x20000050   0x00003af8   0x00000008   Data   RW         1524    .data               msp432p4xx_driverlib.lib(cs.o)
    0x20000058        -       0x00000028   Zero   RW          924    .bss                motor.o
    0x20000080        -       0x000000f8   Zero   RW         1080    .bss                follow_line.o
    0x20000178        -       0x00000014   Zero   RW         1132    .bss                fsm.o
    0x2000018c        -       0x00000060   Zero   RW         2638    .bss                c_w.l(libspace.o)
    0x200001ec   0x00003b00   0x00000004   PAD
    0x200001f0        -       0x00002000   Zero   RW           72    HEAP                startup_msp432p401r_uvision.o
    0x200021f0        -       0x00002000   Zero   RW           71    STACK               startup_msp432p401r_uvision.o


==============================================================================

Image component sizes


      Code (inc. data)   RO Data    RW Data    ZI Data      Debug   Object Name

       244         20          0          4          0       2022   adc.o
       378         12          0          0          0       2171   baudrate_calculate.o
       124         24          0          2          0       2010   bsp_key.o
       142         14          0          1          0       1683   delay.o
       612         96          0         40        248       3977   follow_line.o
       388         38          0          0         20       2332   fsm.o
       122          6          0          0          0       1319   key.o
       204         38          0          4          0      12813   main.o
      1214        106         80         16         40       6138   motor.o
       592          8          0          0          0       3198   pid.o
        64         26        324          0      16384        872   startup_msp432p401r_uvision.o
       148         14          0          0          0        494   sysinit.o
       108         22          0          0          0       5033   system_msp432p401r.o
        48         20          0          0          0        972   tim32.o
       272         24          0          4          0       1308   tima.o
       104         20         40          4          0       3330   usart.o

    ----------------------------------------------------------------------
      4772        488        476         80      16692      49672   Object Totals
         0          0         32          0          0          0   (incl. Generated)
         8          0          0          5          0          0   (incl. Padding)

    ----------------------------------------------------------------------

      Code (inc. data)   RO Data    RW Data    ZI Data      Debug   Library Member Name

         8          0          0          0          0         68   __main.o
       284          0          0          0          0        156   __printf_wp.o
         0          0          0          0          0          0   __rtentry.o
        12          0          0          0          0          0   __rtentry2.o
         6          0          0          0          0          0   __rtentry4.o
        52          8          0          0          0          0   __scatter.o
        26          0          0          0          0          0   __scatter_copy.o
        28          0          0          0          0          0   __scatter_zi.o
        48          6          0          0          0         96   _printf_char_common.o
        36          4          0          0          0         80   _printf_char_file.o
         6          0          0          0          0          0   _printf_f.o
      1054          0          0          0          0        216   _printf_fp_dec.o
       128         16          0          0          0         84   _printf_fp_infnan.o
         0          0          0          0          0          0   _printf_percent.o
         4          0          0          0          0          0   _printf_percent_end.o
       228          4        148          0          0         96   bigflt0.o
      1936        128          0          0          0        672   btod.o
        18          0          0          0          0         80   exit.o
         8          0          0          0          0         68   ferror.o
         6          0          0          0          0        152   heapauxi.o
        44         10         28          0          0         76   lc_numeric_c.o
         2          0          0          0          0          0   libinit.o
        22          0          0          0          0          0   libinit2.o
         2          0          0          0          0          0   libshutdown.o
         2          0          0          0          0          0   libshutdown2.o
         8          4          0          0         96         68   libspace.o
       138          0          0          0          0         80   lludiv10.o
        24          4          0          0          0         84   noretval__2printf.o
         8          4          0          0          0         68   rt_locale_intlibspace.o
       100          0          0          0          0         80   rt_memcpy_w.o
         2          0          0          0          0          0   rtexit.o
        10          0          0          0          0          0   rtexit2.o
       128          0          0          0          0         68   strcmpv7m.o
        74          0          0          0          0         80   sys_stackheap_outer.o
         2          0          0          0          0         68   use_no_semi.o
         2          0          0          0          0         68   use_no_semi_2.o
        98          4          0          0          0        140   d2f.o
       804         16          0          0          0        368   daddsub_clz.o
        24          0          0          0          0        116   dcmpi.o
       688        140          0          0          0        256   ddiv.o
        94          4          0          0          0        140   dfix.o
        90          4          0          0          0        140   dfixu.o
        84          0          0          0          0        232   dflt_clz.o
       120          4          0          0          0        140   dleqf.o
       340         12          0          0          0        152   dmul.o
       156          4          0          0          0        140   dnaninf.o
        12          0          0          0          0        116   dretinf.o
        86          4          0          0          0        132   f2d.o
       140          4          0          0          0        132   fnaninf.o
        10          0          0          0          0        116   fpinit.o
        10          0          0          0          0        116   fretinf.o
         4          0          0          0          0        116   printf1.o
         0          0          0          0          0          0   usenofp.o
        48          0          0          0          0        124   fpclassify.o
       630         24        128          0          0       8835   adc14.o
      1064        170          0          8          0      13545   cs.o
       108         20         76          0          0       3831   gpio.o
       120         26          0          0          0       3378   sysctl_a.o
        16          0          0          0          0        725   timer_a.o
       168          0          0          0          0       5848   uart.o

    ----------------------------------------------------------------------
      9388        624        380          8        100      41346   Library Totals
        18          0          0          0          4          0   (incl. Padding)

    ----------------------------------------------------------------------

      Code (inc. data)   RO Data    RW Data    ZI Data      Debug   Library Name

      4456        188        176          0         96       2508   c_w.l
      2760        196          0          0          0       2552   fz_wm.l
        48          0          0          0          0        124   m_wm.l
      2106        240        204          8          0      36162   msp432p4xx_driverlib.lib

    ----------------------------------------------------------------------
      9388        624        380          8        100      41346   Library Totals

    ----------------------------------------------------------------------

==============================================================================


      Code (inc. data)   RO Data    RW Data    ZI Data      Debug   

     14160       1112        856         88      16792      81666   Grand Totals
     14160       1112        856         88      16792      81666   ELF Image Totals
     14160       1112        856         88          0          0   ROM Totals

==============================================================================

    Total RO  Size (Code + RO Data)                15016 (  14.66kB)
    Total RW  Size (RW Data + ZI Data)             16880 (  16.48kB)
    Total ROM Size (Code + RO Data + RW Data)      15104 (  14.75kB)

==============================================================================

